Archive member included to satisfy reference by file (symbol)

C:\Users\simu29\workspace\stm32f3discovery_hal_lib\Debug\libstm32f3discovery_hal_lib.a(stm32f3xx_hal.o)
                              src/stm32f3xx_it.o (HAL_IncTick)
C:\Users\simu29\workspace\stm32f3discovery_hal_lib\Debug\libstm32f3discovery_hal_lib.a(stm32f3xx_hal_cortex.o)
                              C:\Users\simu29\workspace\stm32f3discovery_hal_lib\Debug\libstm32f3discovery_hal_lib.a(stm32f3xx_hal.o) (HAL_NVIC_SetPriorityGrouping)
C:\Users\simu29\workspace\stm32f3discovery_hal_lib\Debug\libstm32f3discovery_hal_lib.a(stm32f3_discovery.o)
                              src/main.o (BSP_LED_Init)
C:\Users\simu29\workspace\stm32f3discovery_hal_lib\Debug\libstm32f3discovery_hal_lib.a(stm32f3xx_hal_gpio.o)
                              C:\Users\simu29\workspace\stm32f3discovery_hal_lib\Debug\libstm32f3discovery_hal_lib.a(stm32f3_discovery.o) (HAL_GPIO_Init)
C:\Users\simu29\workspace\stm32f3discovery_hal_lib\Debug\libstm32f3discovery_hal_lib.a(stm32f3xx_hal_i2c.o)
                              C:\Users\simu29\workspace\stm32f3discovery_hal_lib\Debug\libstm32f3discovery_hal_lib.a(stm32f3_discovery.o) (HAL_I2C_Init)
C:\Users\simu29\workspace\stm32f3discovery_hal_lib\Debug\libstm32f3discovery_hal_lib.a(stm32f3xx_hal_spi.o)
                              C:\Users\simu29\workspace\stm32f3discovery_hal_lib\Debug\libstm32f3discovery_hal_lib.a(stm32f3_discovery.o) (HAL_SPI_Init)
C:\Users\simu29\workspace\stm32f3discovery_hal_lib\Debug\libstm32f3discovery_hal_lib.a(stm32f3xx_hal_dma.o)
                              C:\Users\simu29\workspace\stm32f3discovery_hal_lib\Debug\libstm32f3discovery_hal_lib.a(stm32f3xx_hal_i2c.o) (HAL_DMA_Start_IT)
c:/users/administrateur/.p2/pool/plugins/fr.ac6.mcu.externaltools.arm-none.win32_1.11.0.201610101338/tools/gcc-arm-none-eabi-5_4-2016q2-20160622-win32/bin/../lib/gcc/arm-none-eabi/5.4.1/../../../../arm-none-eabi/lib/armv7e-m\libc.a(lib_a-errno.o)
                              src/syscalls.o (__errno)
c:/users/administrateur/.p2/pool/plugins/fr.ac6.mcu.externaltools.arm-none.win32_1.11.0.201610101338/tools/gcc-arm-none-eabi-5_4-2016q2-20160622-win32/bin/../lib/gcc/arm-none-eabi/5.4.1/../../../../arm-none-eabi/lib/armv7e-m\libc.a(lib_a-exit.o)
                              c:/users/administrateur/.p2/pool/plugins/fr.ac6.mcu.externaltools.arm-none.win32_1.11.0.201610101338/tools/gcc-arm-none-eabi-5_4-2016q2-20160622-win32/bin/../lib/gcc/arm-none-eabi/5.4.1/../../../../arm-none-eabi/lib/armv7e-m/crt0.o (exit)
c:/users/administrateur/.p2/pool/plugins/fr.ac6.mcu.externaltools.arm-none.win32_1.11.0.201610101338/tools/gcc-arm-none-eabi-5_4-2016q2-20160622-win32/bin/../lib/gcc/arm-none-eabi/5.4.1/../../../../arm-none-eabi/lib/armv7e-m\libc.a(lib_a-impure.o)
                              c:/users/administrateur/.p2/pool/plugins/fr.ac6.mcu.externaltools.arm-none.win32_1.11.0.201610101338/tools/gcc-arm-none-eabi-5_4-2016q2-20160622-win32/bin/../lib/gcc/arm-none-eabi/5.4.1/../../../../arm-none-eabi/lib/armv7e-m\libc.a(lib_a-exit.o) (_global_impure_ptr)
c:/users/administrateur/.p2/pool/plugins/fr.ac6.mcu.externaltools.arm-none.win32_1.11.0.201610101338/tools/gcc-arm-none-eabi-5_4-2016q2-20160622-win32/bin/../lib/gcc/arm-none-eabi/5.4.1/../../../../arm-none-eabi/lib/armv7e-m\libc.a(lib_a-init.o)
                              c:/users/administrateur/.p2/pool/plugins/fr.ac6.mcu.externaltools.arm-none.win32_1.11.0.201610101338/tools/gcc-arm-none-eabi-5_4-2016q2-20160622-win32/bin/../lib/gcc/arm-none-eabi/5.4.1/../../../../arm-none-eabi/lib/armv7e-m/crt0.o (__libc_init_array)
c:/users/administrateur/.p2/pool/plugins/fr.ac6.mcu.externaltools.arm-none.win32_1.11.0.201610101338/tools/gcc-arm-none-eabi-5_4-2016q2-20160622-win32/bin/../lib/gcc/arm-none-eabi/5.4.1/../../../../arm-none-eabi/lib/armv7e-m\libc.a(lib_a-memset.o)
                              c:/users/administrateur/.p2/pool/plugins/fr.ac6.mcu.externaltools.arm-none.win32_1.11.0.201610101338/tools/gcc-arm-none-eabi-5_4-2016q2-20160622-win32/bin/../lib/gcc/arm-none-eabi/5.4.1/../../../../arm-none-eabi/lib/armv7e-m/crt0.o (memset)
c:/users/administrateur/.p2/pool/plugins/fr.ac6.mcu.externaltools.arm-none.win32_1.11.0.201610101338/tools/gcc-arm-none-eabi-5_4-2016q2-20160622-win32/bin/../lib/gcc/arm-none-eabi/5.4.1/../../../../arm-none-eabi/lib/armv7e-m\libc.a(lib_a-__call_atexit.o)
                              c:/users/administrateur/.p2/pool/plugins/fr.ac6.mcu.externaltools.arm-none.win32_1.11.0.201610101338/tools/gcc-arm-none-eabi-5_4-2016q2-20160622-win32/bin/../lib/gcc/arm-none-eabi/5.4.1/../../../../arm-none-eabi/lib/armv7e-m\libc.a(lib_a-exit.o) (__call_exitprocs)
c:/users/administrateur/.p2/pool/plugins/fr.ac6.mcu.externaltools.arm-none.win32_1.11.0.201610101338/tools/gcc-arm-none-eabi-5_4-2016q2-20160622-win32/bin/../lib/gcc/arm-none-eabi/5.4.1/../../../../arm-none-eabi/lib/armv7e-m\libc.a(lib_a-atexit.o)
[...]
Memory Configuration

Name             Origin             Length             Attributes
FLASH            0x08000000         0x00040000         xr
RAM              0x20000000         0x0000a000         xrw
CCMRAM           0x10000000         0x00002000         rw
*default*        0x00000000         0xffffffff

Linker script and memory map

LOAD c:/users/administrateur/.p2/pool/plugins/fr.ac6.mcu.externaltools.arm-none.win32_1.11.0.201610101338/tools/gcc-arm-none-eabi-5_4-2016q2-20160622-win32/bin/../lib/gcc/arm-none-eabi/5.4.1/armv7e-m/crti.o
LOAD c:/users/administrateur/.p2/pool/plugins/fr.ac6.mcu.externaltools.arm-none.win32_1.11.0.201610101338/tools/gcc-arm-none-eabi-5_4-2016q2-20160622-win32/bin/../lib/gcc/arm-none-eabi/5.4.1/armv7e-m/crtbegin.o
LOAD c:/users/administrateur/.p2/pool/plugins/fr.ac6.mcu.externaltools.arm-none.win32_1.11.0.201610101338/tools/gcc-arm-none-eabi-5_4-2016q2-20160622-win32/bin/../lib/gcc/arm-none-eabi/5.4.1/../../../../arm-none-eabi/lib/armv7e-m/crt0.o
LOAD c:/users/administrateur/.p2/pool/plugins/fr.ac6.mcu.externaltools.arm-none.win32_1.11.0.201610101338/tools/gcc-arm-none-eabi-5_4-2016q2-20160622-win32/bin/../lib/gcc/arm-none-eabi/5.4.1/../../../../arm-none-eabi/lib/armv7e-m\libm.a
LOAD src/main.o
LOAD src/stm32f3xx_it.o
LOAD src/syscalls.o
LOAD src/system_stm32f3xx.o
LOAD startup/startup_stm32f303xc.o
LOAD C:\Users\simu29\workspace\stm32f3discovery_hal_lib\Debug\libstm32f3discovery_hal_lib.a
START GROUP
LOAD c:/users/administrateur/.p2/pool/plugins/fr.ac6.mcu.externaltools.arm-none.win32_1.11.0.201610101338/tools/gcc-arm-none-eabi-5_4-2016q2-20160622-win32/bin/../lib/gcc/arm-none-eabi/5.4.1/armv7e-m\libgcc.a
LOAD c:/users/administrateur/.p2/pool/plugins/fr.ac6.mcu.externaltools.arm-none.win32_1.11.0.201610101338/tools/gcc-arm-none-eabi-5_4-2016q2-20160622-win32/bin/../lib/gcc/arm-none-eabi/5.4.1/../../../../arm-none-eabi/lib/armv7e-m\libc.a
END GROUP
LOAD c:/users/administrateur/.p2/pool/plugins/fr.ac6.mcu.externaltools.arm-none.win32_1.11.0.201610101338/tools/gcc-arm-none-eabi-5_4-2016q2-20160622-win32/bin/../lib/gcc/arm-none-eabi/5.4.1/armv7e-m/crtend.o
LOAD c:/users/administrateur/.p2/pool/plugins/fr.ac6.mcu.externaltools.arm-none.win32_1.11.0.201610101338/tools/gcc-arm-none-eabi-5_4-2016q2-20160622-win32/bin/../lib/gcc/arm-none-eabi/5.4.1/armv7e-m/crtn.o
                0x2000a000                _estack = 0x2000a000
                0x00000200                _Min_Heap_Size = 0x200
                0x00000400                _Min_Stack_Size = 0x400

.isr_vector     0x08000000      0x188
                0x08000000                . = ALIGN (0x4)
 *(.isr_vector)
 .isr_vector    0x08000000      0x188 startup/startup_stm32f303xc.o
                0x08000000                g_pfnVectors
                0x08000188                . = ALIGN (0x4)

.text           0x08000188      0x8c4
                0x08000188                . = ALIGN (0x4)
 *(.text)
 .text          0x08000188       0x5c c:/users/administrateur/.p2/pool/plugins/fr.ac6.mcu.externaltools.arm-none.win32_1.11.0.201610101338/tools/gcc-arm-none-eabi-5_4-2016q2-20160622-win32/bin/../lib/gcc/arm-none-eabi/5.4.1/armv7e-m/crtbegin.o
 *(.text*)
 .text.main     0x080001e4       0x88 src/main.o
                0x080001e4                main
 .text.find_maximum
                0x0800026c       0x54 src/main.o
                0x0800026c                find_maximum
 .text.find_palindrome
                0x080002c0       0x60 src/main.o
                0x080002c0                find_palindrome
 .text.SysTick_Handler
                0x08000320       0x10 src/stm32f3xx_it.o
                0x08000320                SysTick_Handler
 .text.SystemInit
                0x08000330       0x84 src/system_stm32f3xx.o
                0x08000330                SystemInit
 .text.Reset_Handler
                0x080003b4       0x50 startup/startup_stm32f303xc.o
                0x080003b4                Reset_Handler
 .text.Default_Handler
                0x08000404        0x2 startup/startup_stm32f303xc.o
                0x08000404                RTC_Alarm_IRQHandler
                0x08000404                TIM8_TRG_COM_IRQHandler
                0x08000404                TIM8_CC_IRQHandler
                0x08000404                DebugMon_Handler
                0x08000404                TIM1_CC_IRQHandler
                0x08000404                HardFault_Handler
                0x08000404                USB_HP_IRQHandler
                0x08000404                PVD_IRQHandler
                0x08000404                TAMP_STAMP_IRQHandler
                0x08000404                PendSV_Handler
                0x08000404                NMI_Handler
                0x08000404                EXTI3_IRQHandler
                0x08000404                USB_HP_CAN_TX_IRQHandler
                0x08000404                EXTI0_IRQHandler
                0x08000404                I2C2_EV_IRQHandler
                0x08000404                FPU_IRQHandler
                0x08000404                TIM1_UP_TIM16_IRQHandler
                0x08000404                UsageFault_Handler
                0x08000404                ADC1_2_IRQHandler
                0x08000404                SPI1_IRQHandler
                0x08000404                CAN_SCE_IRQHandler
                0x08000404                TIM6_DAC_IRQHandler
                0x08000404                TIM8_UP_IRQHandler
                0x08000404                DMA2_Channel2_IRQHandler
                0x08000404                DMA1_Channel4_IRQHandler
                0x08000404                USART3_IRQHandler
                0x08000404                DMA1_Channel7_IRQHandler
                0x08000404                UART5_IRQHandler
                0x08000404                ADC3_IRQHandler
                0x08000404                TIM4_IRQHandler
                0x08000404                CAN_RX1_IRQHandler
                0x08000404                DMA2_Channel1_IRQHandler
                0x08000404                I2C1_EV_IRQHandler
                0x08000404                DMA1_Channel6_IRQHandler
                0x08000404                UART4_IRQHandler
                0x08000404                DMA2_Channel4_IRQHandler
                0x08000404                TIM3_IRQHandler
                0x08000404                RCC_IRQHandler
                0x08000404                DMA1_Channel1_IRQHandler
                0x08000404                Default_Handler
                0x08000404                USBWakeUp_RMP_IRQHandler
                0x08000404                EXTI15_10_IRQHandler
                0x08000404                TIM7_IRQHandler
                0x08000404                EXTI9_5_IRQHandler
                0x08000404                RTC_WKUP_IRQHandler
                0x08000404                SPI2_IRQHandler
                0x08000404                USB_LP_CAN_RX0_IRQHandler
                0x08000404                MemManage_Handler
                0x08000404                SVC_Handler
                0x08000404                DMA2_Channel5_IRQHandler
                0x08000404                DMA1_Channel5_IRQHandler
                0x08000404                USB_LP_IRQHandler
                0x08000404                EXTI4_IRQHandler
                0x08000404                TIM1_TRG_COM_TIM17_IRQHandler
                0x08000404                DMA1_Channel3_IRQHandler
                0x08000404                ADC4_IRQHandler
                0x08000404                WWDG_IRQHandler
                0x08000404                TIM2_IRQHandler
                0x08000404                COMP7_IRQHandler
                0x08000404                COMP1_2_3_IRQHandler
                0x08000404                EXTI1_IRQHandler
                0x08000404                USART2_IRQHandler
                0x08000404                COMP4_5_6_IRQHandler
                0x08000404                I2C2_ER_IRQHandler
                0x08000404                DMA1_Channel2_IRQHandler
                0x08000404                TIM8_BRK_IRQHandler
                0x08000404                FLASH_IRQHandler
                0x08000404                BusFault_Handler
                0x08000404                USART1_IRQHandler
                0x08000404                SPI3_IRQHandler
                0x08000404                I2C1_ER_IRQHandler
                0x08000404                USBWakeUp_IRQHandler
                0x08000404                DMA2_Channel3_IRQHandler
                0x08000404                EXTI2_TSC_IRQHandler
                0x08000404                TIM1_BRK_TIM15_IRQHandler
 *fill*         0x08000406        0x2 
 .text.HAL_IncTick
                0x08000408       0x1c C:\Users\simu29\workspace\stm32f3discovery_hal_lib\Debug\libstm32f3discovery_hal_lib.a(stm32f3xx_hal.o)
                0x08000408                HAL_IncTick
 .text.HAL_SYSTICK_IRQHandler
                0x08000424        0xc C:\Users\simu29\workspace\stm32f3discovery_hal_lib\Debug\libstm32f3discovery_hal_lib.a(stm32f3xx_hal_cortex.o)
                0x08000424                HAL_SYSTICK_IRQHandler
 .text.HAL_SYSTICK_Callback
                0x08000430        0xc C:\Users\simu29\workspace\stm32f3discovery_hal_lib\Debug\libstm32f3discovery_hal_lib.a(stm32f3xx_hal_cortex.o)
                0x08000430                HAL_SYSTICK_Callback
 .text.BSP_LED_Init
                0x0800043c      0x160 C:\Users\simu29\workspace\stm32f3discovery_hal_lib\Debug\libstm32f3discovery_hal_lib.a(stm32f3_discovery.o)
                0x0800043c                BSP_LED_Init
 .text.BSP_LED_On
                0x0800059c       0x34 C:\Users\simu29\workspace\stm32f3discovery_hal_lib\Debug\libstm32f3discovery_hal_lib.a(stm32f3_discovery.o)
                0x0800059c                BSP_LED_On
 .text.HAL_GPIO_Init
                0x080005d0      0x2f8 C:\Users\simu29\workspace\stm32f3discovery_hal_lib\Debug\libstm32f3discovery_hal_lib.a(stm32f3xx_hal_gpio.o)
                0x080005d0                HAL_GPIO_Init
 .text.HAL_GPIO_WritePin
                0x080008c8       0x30 C:\Users\simu29\workspace\stm32f3discovery_hal_lib\Debug\libstm32f3discovery_hal_lib.a(stm32f3xx_hal_gpio.o)
                0x080008c8                HAL_GPIO_WritePin
 .text.__libc_init_array
                0x080008f8       0x50 c:/users/administrateur/.p2/pool/plugins/fr.ac6.mcu.externaltools.arm-none.win32_1.11.0.201610101338/tools/gcc-arm-none-eabi-5_4-2016q2-20160622-win32/bin/../lib/gcc/arm-none-eabi/5.4.1/../../../../arm-none-eabi/lib/armv7e-m\libc.a(lib_a-init.o)
                0x080008f8                __libc_init_array
 .text.startup.register_fini
                0x08000948       0x14 c:/users/administrateur/.p2/pool/plugins/fr.ac6.mcu.externaltools.arm-none.win32_1.11.0.201610101338/tools/gcc-arm-none-eabi-5_4-2016q2-20160622-win32/bin/../lib/gcc/arm-none-eabi/5.4.1/../../../../arm-none-eabi/lib/armv7e-m\libc.a(lib_a-__call_atexit.o)
 .text.atexit   0x0800095c        0xc c:/users/administrateur/.p2/pool/plugins/fr.ac6.mcu.externaltools.arm-none.win32_1.11.0.201610101338/tools/gcc-arm-none-eabi-5_4-2016q2-20160622-win32/bin/../lib/gcc/arm-none-eabi/5.4.1/../../../../arm-none-eabi/lib/armv7e-m\libc.a(lib_a-atexit.o)
                0x0800095c                atexit
 .text.__libc_fini_array
                0x08000968       0x28 c:/users/administrateur/.p2/pool/plugins/fr.ac6.mcu.externaltools.arm-none.win32_1.11.0.201610101338/tools/gcc-arm-none-eabi-5_4-2016q2-20160622-win32/bin/../lib/gcc/arm-none-eabi/5.4.1/../../../../arm-none-eabi/lib/armv7e-m\libc.a(lib_a-fini.o)
                0x08000968                __libc_fini_array
 .text.__register_exitproc
                0x08000990       0xa4 c:/users/administrateur/.p2/pool/plugins/fr.ac6.mcu.externaltools.arm-none.win32_1.11.0.201610101338/tools/gcc-arm-none-eabi-5_4-2016q2-20160622-win32/bin/../lib/gcc/arm-none-eabi/5.4.1/../../../../arm-none-eabi/lib/armv7e-m\libc.a(lib_a-__atexit.o)
                0x08000990                __register_exitproc
 *(.glue_7)
 .glue_7        0x08000a34        0x0 linker stubs
 *(.glue_7t)
 .glue_7t       0x08000a34        0x0 linker stubs
 *(.eh_frame)
 .eh_frame      0x08000a34        0x0 c:/users/administrateur/.p2/pool/plugins/fr.ac6.mcu.externaltools.arm-none.win32_1.11.0.201610101338/tools/gcc-arm-none-eabi-5_4-2016q2-20160622-win32/bin/../lib/gcc/arm-none-eabi/5.4.1/armv7e-m/crtbegin.o
 *(.init)
 .init          0x08000a34        0x4 c:/users/administrateur/.p2/pool/plugins/fr.ac6.mcu.externaltools.arm-none.win32_1.11.0.201610101338/tools/gcc-arm-none-eabi-5_4-2016q2-20160622-win32/bin/../lib/gcc/arm-none-eabi/5.4.1/armv7e-m/crti.o
                0x08000a34                _init
 .init          0x08000a38        0x8 c:/users/administrateur/.p2/pool/plugins/fr.ac6.mcu.externaltools.arm-none.win32_1.11.0.201610101338/tools/gcc-arm-none-eabi-5_4-2016q2-20160622-win32/bin/../lib/gcc/arm-none-eabi/5.4.1/armv7e-m/crtn.o
 *(.fini)
 .fini          0x08000a40        0x4 c:/users/administrateur/.p2/pool/plugins/fr.ac6.mcu.externaltools.arm-none.win32_1.11.0.201610101338/tools/gcc-arm-none-eabi-5_4-2016q2-20160622-win32/bin/../lib/gcc/arm-none-eabi/5.4.1/armv7e-m/crti.o
                0x08000a40                _fini
 .fini          0x08000a44        0x8 c:/users/administrateur/.p2/pool/plugins/fr.ac6.mcu.externaltools.arm-none.win32_1.11.0.201610101338/tools/gcc-arm-none-eabi-5_4-2016q2-20160622-win32/bin/../lib/gcc/arm-none-eabi/5.4.1/armv7e-m/crtn.o
                0x08000a4c                . = ALIGN (0x4)
                0x08000a4c                _etext = .

.vfp11_veneer   0x08000a4c        0x0
 .vfp11_veneer  0x08000a4c        0x0 linker stubs

.v4_bx          0x08000a4c        0x0
 .v4_bx         0x08000a4c        0x0 linker stubs

.iplt           0x08000a4c        0x0
 .iplt          0x08000a4c        0x0 c:/users/administrateur/.p2/pool/plugins/fr.ac6.mcu.externaltools.arm-none.win32_1.11.0.201610101338/tools/gcc-arm-none-eabi-5_4-2016q2-20160622-win32/bin/../lib/gcc/arm-none-eabi/5.4.1/armv7e-m/crtbegin.o

.rodata         0x08000a4c       0x30
                0x08000a4c                . = ALIGN (0x4)
 *(.rodata)
 .rodata        0x08000a4c        0xf src/main.o
 *fill*         0x08000a5b        0x1 
 .rodata        0x08000a5c       0x15 C:\Users\simu29\workspace\stm32f3discovery_hal_lib\Debug\libstm32f3discovery_hal_lib.a(stm32f3_discovery.o)
                0x08000a5c                LED_PIN
                0x08000a6c                BUTTON_PIN
                0x08000a70                BUTTON_IRQn
 *(.rodata*)
 *fill*         0x08000a71        0x3 
 .rodata.str1.4
                0x08000a74        0x4 c:/users/administrateur/.p2/pool/plugins/fr.ac6.mcu.externaltools.arm-none.win32_1.11.0.201610101338/tools/gcc-arm-none-eabi-5_4-2016q2-20160622-win32/bin/../lib/gcc/arm-none-eabi/5.4.1/../../../../arm-none-eabi/lib/armv7e-m\libc.a(lib_a-impure.o)
                                  0x2 (size before relaxing)
 .rodata._global_impure_ptr
                0x08000a78        0x4 c:/users/administrateur/.p2/pool/plugins/fr.ac6.mcu.externaltools.arm-none.win32_1.11.0.201610101338/tools/gcc-arm-none-eabi-5_4-2016q2-20160622-win32/bin/../lib/gcc/arm-none-eabi/5.4.1/../../../../arm-none-eabi/lib/armv7e-m\libc.a(lib_a-impure.o)
                0x08000a78                _global_impure_ptr
                0x08000a7c                . = ALIGN (0x4)

.rel.dyn        0x08000a7c        0x0
 .rel.iplt      0x08000a7c        0x0 c:/users/administrateur/.p2/pool/plugins/fr.ac6.mcu.externaltools.arm-none.win32_1.11.0.201610101338/tools/gcc-arm-none-eabi-5_4-2016q2-20160622-win32/bin/../lib/gcc/arm-none-eabi/5.4.1/armv7e-m/crtbegin.o

.ARM.extab
 *(.ARM.extab* .gnu.linkonce.armextab.*)

.ARM            0x08000a7c        0x0
                0x08000a7c                __exidx_start = .
 *(.ARM.exidx*)
                0x08000a7c                __exidx_end = .

.preinit_array  0x08000a7c        0x0
                0x08000a7c                PROVIDE (__preinit_array_start, .)
 *(.preinit_array*)
                0x08000a7c                PROVIDE (__preinit_array_end, .)

.init_array     0x08000a7c        0x8
                0x08000a7c                PROVIDE (__init_array_start, .)
 *(SORT(.init_array.*))
 .init_array.00000
                0x08000a7c        0x4 c:/users/administrateur/.p2/pool/plugins/fr.ac6.mcu.externaltools.arm-none.win32_1.11.0.201610101338/tools/gcc-arm-none-eabi-5_4-2016q2-20160622-win32/bin/../lib/gcc/arm-none-eabi/5.4.1/../../../../arm-none-eabi/lib/armv7e-m\libc.a(lib_a-__call_atexit.o)
 *(.init_array*)
 .init_array    0x08000a80        0x4 c:/users/administrateur/.p2/pool/plugins/fr.ac6.mcu.externaltools.arm-none.win32_1.11.0.201610101338/tools/gcc-arm-none-eabi-5_4-2016q2-20160622-win32/bin/../lib/gcc/arm-none-eabi/5.4.1/armv7e-m/crtbegin.o
                0x08000a84                PROVIDE (__init_array_end, .)

.fini_array     0x08000a84        0x4
                0x08000a84                PROVIDE (__fini_array_start, .)
 *(SORT(.fini_array.*))
 *(.fini_array*)
 .fini_array    0x08000a84        0x4 c:/users/administrateur/.p2/pool/plugins/fr.ac6.mcu.externaltools.arm-none.win32_1.11.0.201610101338/tools/gcc-arm-none-eabi-5_4-2016q2-20160622-win32/bin/../lib/gcc/arm-none-eabi/5.4.1/armv7e-m/crtbegin.o
                0x08000a88                PROVIDE (__fini_array_end, .)
                0x08000a88                _sidata = LOADADDR (.data)

.data           0x20000000      0x458 load address 0x08000a88
                0x20000000                . = ALIGN (0x4)
                0x20000000                _sdata = .
 *(.data)
 .data          0x20000000       0x2c C:\Users\simu29\workspace\stm32f3discovery_hal_lib\Debug\libstm32f3discovery_hal_lib.a(stm32f3_discovery.o)
                0x20000000                LED_PORT
                0x20000020                BUTTON_PORT
                0x20000024                SpixTimeout
                0x20000028                I2cxTimeout
 *(.data*)
 *fill*         0x2000002c        0x4 
 .data.impure_data
                0x20000030      0x428 c:/users/administrateur/.p2/pool/plugins/fr.ac6.mcu.externaltools.arm-none.win32_1.11.0.201610101338/tools/gcc-arm-none-eabi-5_4-2016q2-20160622-win32/bin/../lib/gcc/arm-none-eabi/5.4.1/../../../../arm-none-eabi/lib/armv7e-m\libc.a(lib_a-impure.o)
                0x20000458                . = ALIGN (0x4)
                0x20000458                _edata = .
                0x08000ee0                _siccmram = LOADADDR (.ccmram)

.jcr            0x20000458        0x0 load address 0x08000ee0
 .jcr           0x20000458        0x0 c:/users/administrateur/.p2/pool/plugins/fr.ac6.mcu.externaltools.arm-none.win32_1.11.0.201610101338/tools/gcc-arm-none-eabi-5_4-2016q2-20160622-win32/bin/../lib/gcc/arm-none-eabi/5.4.1/armv7e-m/crtbegin.o

.igot.plt       0x20000458        0x0 load address 0x08000ee0
 .igot.plt      0x20000458        0x0 c:/users/administrateur/.p2/pool/plugins/fr.ac6.mcu.externaltools.arm-none.win32_1.11.0.201610101338/tools/gcc-arm-none-eabi-5_4-2016q2-20160622-win32/bin/../lib/gcc/arm-none-eabi/5.4.1/armv7e-m/crtbegin.o

.ccmram         0x10000000        0x0 load address 0x08000ee0
                0x10000000                . = ALIGN (0x4)
                0x10000000                _sccmram = .
 *(.ccmram)
 *(.ccmram*)
                0x10000000                . = ALIGN (0x4)
                0x10000000                _eccmram = .
                0x10000000                . = ALIGN (0x4)

.bss            0x20000458       0x20
                0x20000458                _sbss = .
                0x20000458                __bss_start__ = _sbss
 *(.bss)
 .bss           0x20000458       0x1c c:/users/administrateur/.p2/pool/plugins/fr.ac6.mcu.externaltools.arm-none.win32_1.11.0.201610101338/tools/gcc-arm-none-eabi-5_4-2016q2-20160622-win32/bin/../lib/gcc/arm-none-eabi/5.4.1/armv7e-m/crtbegin.o
 *(.bss*)
 *(COMMON)
 COMMON         0x20000474        0x4 C:\Users\simu29\workspace\stm32f3discovery_hal_lib\Debug\libstm32f3discovery_hal_lib.a(stm32f3xx_hal.o)
                0x20000474                uwTick
                0x20000478                . = ALIGN (0x4)
                0x20000478                _ebss = .
                0x20000478                __bss_end__ = _ebss

._user_heap_stack
                0x20000478      0x600
                0x20000478                . = ALIGN (0x8)
                0x20000478                PROVIDE (end, .)
                [!provide]                PROVIDE (_end, .)
                0x20000678                . = (. + _Min_Heap_Size)
 *fill*         0x20000478      0x200 
                0x20000a78                . = (. + _Min_Stack_Size)
 *fill*         0x20000678      0x400 
                0x20000a78                . = ALIGN (0x8)

/DISCARD/
 libc.a(*)
 libm.a(*)
 libgcc.a(*)

.ARM.attributes
                0x00000000       0x2a
 *(.ARM.attributes)
 .ARM.attributes
                0x00000000       0x1e c:/users/administrateur/.p2/pool/plugins/fr.ac6.mcu.externaltools.arm-none.win32_1.11.0.201610101338/tools/gcc-arm-none-eabi-5_4-2016q2-20160622-win32/bin/../lib/gcc/arm-none-eabi/5.4.1/armv7e-m/crti.o
 .ARM.attributes
                0x0000001e       0x2e c:/users/administrateur/.p2/pool/plugins/fr.ac6.mcu.externaltools.arm-none.win32_1.11.0.201610101338/tools/gcc-arm-none-eabi-5_4-2016q2-20160622-win32/bin/../lib/gcc/arm-none-eabi/5.4.1/armv7e-m/crtbegin.o
 .ARM.attributes
                0x0000004c       0x33 src/main.o
 .ARM.attributes
                0x0000007f       0x33 src/stm32f3xx_it.o
 .ARM.attributes
                0x000000b2       0x33 src/system_stm32f3xx.o
 .ARM.attributes
                0x000000e5       0x21 startup/startup_stm32f303xc.o
 .ARM.attributes
                0x00000106       0x33 C:\Users\simu29\workspace\stm32f3discovery_hal_lib\Debug\libstm32f3discovery_hal_lib.a(stm32f3xx_hal.o)
 .ARM.attributes
                0x00000139       0x33 C:\Users\simu29\workspace\stm32f3discovery_hal_lib\Debug\libstm32f3discovery_hal_lib.a(stm32f3xx_hal_cortex.o)
 .ARM.attributes
                0x0000016c       0x33 C:\Users\simu29\workspace\stm32f3discovery_hal_lib\Debug\libstm32f3discovery_hal_lib.a(stm32f3_discovery.o)
 .ARM.attributes
                0x0000019f       0x33 C:\Users\simu29\workspace\stm32f3discovery_hal_lib\Debug\libstm32f3discovery_hal_lib.a(stm32f3xx_hal_gpio.o)
 .ARM.attributes
                0x000001d2       0x2e c:/users/administrateur/.p2/pool/plugins/fr.ac6.mcu.externaltools.arm-none.win32_1.11.0.201610101338/tools/gcc-arm-none-eabi-5_4-2016q2-20160622-win32/bin/../lib/gcc/arm-none-eabi/5.4.1/../../../../arm-none-eabi/lib/armv7e-m\libc.a(lib_a-impure.o)
 .ARM.attributes
                0x00000200       0x2e c:/users/administrateur/.p2/pool/plugins/fr.ac6.mcu.externaltools.arm-none.win32_1.11.0.201610101338/tools/gcc-arm-none-eabi-5_4-2016q2-20160622-win32/bin/../lib/gcc/arm-none-eabi/5.4.1/../../../../arm-none-eabi/lib/armv7e-m\libc.a(lib_a-init.o)
 .ARM.attributes
                0x0000022e       0x2e c:/users/administrateur/.p2/pool/plugins/fr.ac6.mcu.externaltools.arm-none.win32_1.11.0.201610101338/tools/gcc-arm-none-eabi-5_4-2016q2-20160622-win32/bin/../lib/gcc/arm-none-eabi/5.4.1/../../../../arm-none-eabi/lib/armv7e-m\libc.a(lib_a-__call_atexit.o)
 .ARM.attributes
                0x0000025c       0x2e c:/users/administrateur/.p2/pool/plugins/fr.ac6.mcu.externaltools.arm-none.win32_1.11.0.201610101338/tools/gcc-arm-none-eabi-5_4-2016q2-20160622-win32/bin/../lib/gcc/arm-none-eabi/5.4.1/../../../../arm-none-eabi/lib/armv7e-m\libc.a(lib_a-atexit.o)
 .ARM.attributes
                0x0000028a       0x2e c:/users/administrateur/.p2/pool/plugins/fr.ac6.mcu.externaltools.arm-none.win32_1.11.0.201610101338/tools/gcc-arm-none-eabi-5_4-2016q2-20160622-win32/bin/../lib/gcc/arm-none-eabi/5.4.1/../../../../arm-none-eabi/lib/armv7e-m\libc.a(lib_a-fini.o)
 .ARM.attributes
                0x000002b8       0x2e c:/users/administrateur/.p2/pool/plugins/fr.ac6.mcu.externaltools.arm-none.win32_1.11.0.201610101338/tools/gcc-arm-none-eabi-5_4-2016q2-20160622-win32/bin/../lib/gcc/arm-none-eabi/5.4.1/../../../../arm-none-eabi/lib/armv7e-m\libc.a(lib_a-__atexit.o)
 .ARM.attributes
                0x000002e6       0x1e c:/users/administrateur/.p2/pool/plugins/fr.ac6.mcu.externaltools.arm-none.win32_1.11.0.201610101338/tools/gcc-arm-none-eabi-5_4-2016q2-20160622-win32/bin/../lib/gcc/arm-none-eabi/5.4.1/armv7e-m/crtn.o
OUTPUT(TP1_DISCO.elf elf32-littlearm)

.debug_info     0x00000000     0x34f1
 .debug_info    0x00000000      0x26f src/main.o
 .debug_info    0x0000026f       0xbd src/stm32f3xx_it.o
 .debug_info    0x0000032c      0x400 src/system_stm32f3xx.o
 .debug_info    0x0000072c       0x6f startup/startup_stm32f303xc.o
 .debug_info    0x0000079b      0x663 C:\Users\simu29\workspace\stm32f3discovery_hal_lib\Debug\libstm32f3discovery_hal_lib.a(stm32f3xx_hal.o)
 .debug_info    0x00000dfe      0xccf C:\Users\simu29\workspace\stm32f3discovery_hal_lib\Debug\libstm32f3discovery_hal_lib.a(stm32f3xx_hal_cortex.o)
 .debug_info    0x00001acd     0x13bd C:\Users\simu29\workspace\stm32f3discovery_hal_lib\Debug\libstm32f3discovery_hal_lib.a(stm32f3_discovery.o)
 .debug_info    0x00002e8a      0x667 C:\Users\simu29\workspace\stm32f3discovery_hal_lib\Debug\libstm32f3discovery_hal_lib.a(stm32f3xx_hal_gpio.o)

.debug_abbrev   0x00000000      0xa95
 .debug_abbrev  0x00000000       0xe8 src/main.o
 .debug_abbrev  0x000000e8       0x6a src/stm32f3xx_it.o
 .debug_abbrev  0x00000152      0x104 src/system_stm32f3xx.o
 .debug_abbrev  0x00000256       0x12 startup/startup_stm32f303xc.o
 .debug_abbrev  0x00000268      0x19b C:\Users\simu29\workspace\stm32f3discovery_hal_lib\Debug\libstm32f3discovery_hal_lib.a(stm32f3xx_hal.o)
 .debug_abbrev  0x00000403      0x298 C:\Users\simu29\workspace\stm32f3discovery_hal_lib\Debug\libstm32f3discovery_hal_lib.a(stm32f3xx_hal_cortex.o)
 .debug_abbrev  0x0000069b      0x24b C:\Users\simu29\workspace\stm32f3discovery_hal_lib\Debug\libstm32f3discovery_hal_lib.a(stm32f3_discovery.o)
 .debug_abbrev  0x000008e6      0x1af C:\Users\simu29\workspace\stm32f3discovery_hal_lib\Debug\libstm32f3discovery_hal_lib.a(stm32f3xx_hal_gpio.o)

.debug_aranges  0x00000000      0x380
 .debug_aranges
                0x00000000       0x30 src/main.o
 .debug_aranges
                0x00000030       0x20 src/stm32f3xx_it.o
 .debug_aranges
                0x00000050       0x28 src/system_stm32f3xx.o
 .debug_aranges
                0x00000078       0x28 startup/startup_stm32f303xc.o
 .debug_aranges
                0x000000a0       0xb0 C:\Users\simu29\workspace\stm32f3discovery_hal_lib\Debug\libstm32f3discovery_hal_lib.a(stm32f3xx_hal.o)
 .debug_aranges
                0x00000150      0x108 C:\Users\simu29\workspace\stm32f3discovery_hal_lib\Debug\libstm32f3discovery_hal_lib.a(stm32f3xx_hal_cortex.o)
 .debug_aranges
                0x00000258       0xd0 C:\Users\simu29\workspace\stm32f3discovery_hal_lib\Debug\libstm32f3discovery_hal_lib.a(stm32f3_discovery.o)
 .debug_aranges
                0x00000328       0x58 C:\Users\simu29\workspace\stm32f3discovery_hal_lib\Debug\libstm32f3discovery_hal_lib.a(stm32f3xx_hal_gpio.o)

.debug_ranges   0x00000000      0x308
 .debug_ranges  0x00000000       0x20 src/main.o
 .debug_ranges  0x00000020       0x10 src/stm32f3xx_it.o
 .debug_ranges  0x00000030       0x18 src/system_stm32f3xx.o
 .debug_ranges  0x00000048       0x20 startup/startup_stm32f303xc.o
 .debug_ranges  0x00000068       0xa0 C:\Users\simu29\workspace\stm32f3discovery_hal_lib\Debug\libstm32f3discovery_hal_lib.a(stm32f3xx_hal.o)
 .debug_ranges  0x00000108       0xf8 C:\Users\simu29\workspace\stm32f3discovery_hal_lib\Debug\libstm32f3discovery_hal_lib.a(stm32f3xx_hal_cortex.o)
 .debug_ranges  0x00000200       0xc0 C:\Users\simu29\workspace\stm32f3discovery_hal_lib\Debug\libstm32f3discovery_hal_lib.a(stm32f3_discovery.o)
 .debug_ranges  0x000002c0       0x48 C:\Users\simu29\workspace\stm32f3discovery_hal_lib\Debug\libstm32f3discovery_hal_lib.a(stm32f3xx_hal_gpio.o)

.debug_macro    0x00000000    0x21d88
 .debug_macro   0x00000000      0x465 src/main.o
 .debug_macro   0x00000465      0x8a4 src/main.o
 .debug_macro   0x00000d09       0x2b src/main.o
 .debug_macro   0x00000d34       0x28 src/main.o
 .debug_macro   0x00000d5c       0x22 src/main.o
 .debug_macro   0x00000d7e       0x87 src/main.o
 .debug_macro   0x00000e05       0x44 src/main.o
 .debug_macro   0x00000e49       0xfd src/main.o
 .debug_macro   0x00000f46       0x5e src/main.o
 .debug_macro   0x00000fa4      0x1df src/main.o
 .debug_macro   0x00001183       0x35 src/main.o
 .debug_macro   0x000011b8       0x50 src/main.o
 .debug_macro   0x00001208      0xe66 src/main.o
 .debug_macro   0x0000206e    0x12a87 src/main.o
 .debug_macro   0x00014af5       0x43 src/main.o
 .debug_macro   0x00014b38      0x11b src/main.o
 .debug_macro   0x00014c53     0x33ad src/main.o
 .debug_macro   0x00018000       0x52 src/main.o
 .debug_macro   0x00018052       0x35 src/main.o
 .debug_macro   0x00018087       0x9c src/main.o
 .debug_macro   0x00018123       0x16 src/main.o
 .debug_macro   0x00018139       0x97 src/main.o
 .debug_macro   0x000181d0      0x30d src/main.o
 .debug_macro   0x000184dd       0xfd src/main.o
 .debug_macro   0x000185da       0x10 src/main.o
 .debug_macro   0x000185ea       0x52 src/main.o
 .debug_macro   0x0001863c       0x1f src/main.o
 .debug_macro   0x0001865b       0x43 src/main.o
 .debug_macro   0x0001869e       0x20 src/main.o
 .debug_macro   0x000186be      0x187 src/main.o
 .debug_macro   0x00018845       0x10 src/main.o
 .debug_macro   0x00018855       0x1c src/main.o
 .debug_macro   0x00018871       0x52 src/main.o
 .debug_macro   0x000188c3       0x40 src/main.o
 .debug_macro   0x00018903       0x10 src/main.o
 .debug_macro   0x00018913       0x40 src/main.o
 .debug_macro   0x00018953       0xd7 src/main.o
 .debug_macro   0x00018a2a       0x16 src/main.o
 .debug_macro   0x00018a40      0x189 src/main.o
 .debug_macro   0x00018bc9       0x50 src/main.o
 .debug_macro   0x00018c19      0x969 src/main.o
 .debug_macro   0x00019582      0x5fe src/main.o
 .debug_macro   0x00019b80      0x13a src/main.o
 .debug_macro   0x00019cba      0x1fb src/main.o
 .debug_macro   0x00019eb5      0x1b5 src/main.o
 .debug_macro   0x0001a06a       0x31 src/main.o
 .debug_macro   0x0001a09b       0x3c src/main.o
 .debug_macro   0x0001a0d7      0x23a src/main.o
 .debug_macro   0x0001a311      0x9bf src/main.o
 .debug_macro   0x0001acd0       0x77 src/main.o
 .debug_macro   0x0001ad47      0x36e src/main.o
 .debug_macro   0x0001b0b5       0x65 src/main.o
 .debug_macro   0x0001b11a      0x58d src/main.o
 .debug_macro   0x0001b6a7       0x12 src/main.o
 .debug_macro   0x0001b6b9       0xc7 src/main.o
 .debug_macro   0x0001b780       0x4d src/main.o
 .debug_macro   0x0001b7cd       0x12 src/main.o
 .debug_macro   0x0001b7df      0x174 src/main.o
 .debug_macro   0x0001b953       0x62 src/main.o
 .debug_macro   0x0001b9b5       0xcb src/main.o
 .debug_macro   0x0001ba80      0x22b src/main.o
 .debug_macro   0x0001bcab      0x202 src/main.o
 .debug_macro   0x0001bead       0x4f src/main.o
 .debug_macro   0x0001befc       0x90 src/main.o
 .debug_macro   0x0001bf8c      0x1ca src/main.o
 .debug_macro   0x0001c156       0x40 src/main.o
 .debug_macro   0x0001c196      0x256 src/main.o
 .debug_macro   0x0001c3ec       0x2a src/main.o
 .debug_macro   0x0001c416       0x87 src/main.o
 .debug_macro   0x0001c49d      0x17d src/main.o
 .debug_macro   0x0001c61a       0x28 src/main.o
 .debug_macro   0x0001c642      0x265 src/main.o
 .debug_macro   0x0001c8a7       0x82 src/main.o
 .debug_macro   0x0001c929       0xd4 src/main.o
 .debug_macro   0x0001c9fd      0x30c src/main.o
 .debug_macro   0x0001cd09      0x3e3 src/main.o
 .debug_macro   0x0001d0ec       0xeb src/main.o
 .debug_macro   0x0001d1d7      0x391 src/main.o
 .debug_macro   0x0001d568       0x10 src/main.o
 .debug_macro   0x0001d578      0x32c src/main.o
 .debug_macro   0x0001d8a4      0x2e2 src/main.o
 .debug_macro   0x0001db86      0x685 src/main.o
 .debug_macro   0x0001e20b      0x37c src/main.o
 .debug_macro   0x0001e587      0x46a src/main.o
 .debug_macro   0x0001e9f1      0x55f src/main.o
 .debug_macro   0x0001ef50       0x2b src/main.o
 .debug_macro   0x0001ef7b      0x256 src/main.o
 .debug_macro   0x0001f1d1       0x2b src/main.o
 .debug_macro   0x0001f1fc       0x89 src/main.o
 .debug_macro   0x0001f285      0x26e src/main.o
 .debug_macro   0x0001f4f3      0x29e src/main.o
 .debug_macro   0x0001f791      0x466 src/stm32f3xx_it.o
 .debug_macro   0x0001fbf7      0x462 src/system_stm32f3xx.o
 .debug_macro   0x00020059      0x480 C:\Users\simu29\workspace\stm32f3discovery_hal_lib\Debug\libstm32f3discovery_hal_lib.a(stm32f3xx_hal.o)
 .debug_macro   0x000204d9      0x89e C:\Users\simu29\workspace\stm32f3discovery_hal_lib\Debug\libstm32f3discovery_hal_lib.a(stm32f3xx_hal.o)
 .debug_macro   0x00020d77      0x45c C:\Users\simu29\workspace\stm32f3discovery_hal_lib\Debug\libstm32f3discovery_hal_lib.a(stm32f3xx_hal_cortex.o)
 .debug_macro   0x000211d3      0x489 C:\Users\simu29\workspace\stm32f3discovery_hal_lib\Debug\libstm32f3discovery_hal_lib.a(stm32f3_discovery.o)
 .debug_macro   0x0002165c      0x298 C:\Users\simu29\workspace\stm32f3discovery_hal_lib\Debug\libstm32f3discovery_hal_lib.a(stm32f3_discovery.o)
 .debug_macro   0x000218f4      0x494 C:\Users\simu29\workspace\stm32f3discovery_hal_lib\Debug\libstm32f3discovery_hal_lib.a(stm32f3xx_hal_gpio.o)

.debug_line     0x00000000     0x58af
 .debug_line    0x00000000      0xbf2 src/main.o
 .debug_line    0x00000bf2      0xb77 src/stm32f3xx_it.o
 .debug_line    0x00001769      0xb72 src/system_stm32f3xx.o
 .debug_line    0x000022db       0x7f startup/startup_stm32f303xc.o
 .debug_line    0x0000235a      0xca0 C:\Users\simu29\workspace\stm32f3discovery_hal_lib\Debug\libstm32f3discovery_hal_lib.a(stm32f3xx_hal.o)
 .debug_line    0x00002ffa      0xe16 C:\Users\simu29\workspace\stm32f3discovery_hal_lib\Debug\libstm32f3discovery_hal_lib.a(stm32f3xx_hal_cortex.o)
 .debug_line    0x00003e10      0xdd0 C:\Users\simu29\workspace\stm32f3discovery_hal_lib\Debug\libstm32f3discovery_hal_lib.a(stm32f3_discovery.o)
 .debug_line    0x00004be0      0xccf C:\Users\simu29\workspace\stm32f3discovery_hal_lib\Debug\libstm32f3discovery_hal_lib.a(stm32f3xx_hal_gpio.o)

.debug_str      0x00000000    0xd9631
 .debug_str     0x00000000    0xd7e22 src/main.o
                              0xd80a6 (size before relaxing)
 .debug_str     0x000d7e22       0x38 src/stm32f3xx_it.o
                              0xd6d94 (size before relaxing)
 .debug_str     0x000d7e5a      0x15b src/system_stm32f3xx.o
                              0xd6ecd (size before relaxing)
 .debug_str     0x000d7fb5      0x5f7 C:\Users\simu29\workspace\stm32f3discovery_hal_lib\Debug\libstm32f3discovery_hal_lib.a(stm32f3xx_hal.o)
                              0xd75b5 (size before relaxing)
 .debug_str     0x000d85ac      0x396 C:\Users\simu29\workspace\stm32f3discovery_hal_lib\Debug\libstm32f3discovery_hal_lib.a(stm32f3xx_hal_cortex.o)
                              0xd76f0 (size before relaxing)
 .debug_str     0x000d8942      0xa86 C:\Users\simu29\workspace\stm32f3discovery_hal_lib\Debug\libstm32f3discovery_hal_lib.a(stm32f3_discovery.o)
                              0xd904d (size before relaxing)
 .debug_str     0x000d93c8      0x269 C:\Users\simu29\workspace\stm32f3discovery_hal_lib\Debug\libstm32f3discovery_hal_lib.a(stm32f3xx_hal_gpio.o)
                              0xd7129 (size before relaxing)

.comment        0x00000000       0x6e
 .comment       0x00000000       0x6e src/main.o
                                 0x6f (size before relaxing)
 .comment       0x0000006e       0x6f src/stm32f3xx_it.o
 .comment       0x0000006e       0x6f src/system_stm32f3xx.o
 .comment       0x0000006e       0x6f C:\Users\simu29\workspace\stm32f3discovery_hal_lib\Debug\libstm32f3discovery_hal_lib.a(stm32f3xx_hal.o)
 .comment       0x0000006e       0x6f C:\Users\simu29\workspace\stm32f3discovery_hal_lib\Debug\libstm32f3discovery_hal_lib.a(stm32f3xx_hal_cortex.o)
 .comment       0x0000006e       0x6f C:\Users\simu29\workspace\stm32f3discovery_hal_lib\Debug\libstm32f3discovery_hal_lib.a(stm32f3_discovery.o)
 .comment       0x0000006e       0x6f C:\Users\simu29\workspace\stm32f3discovery_hal_lib\Debug\libstm32f3discovery_hal_lib.a(stm32f3xx_hal_gpio.o)

.debug_frame    0x00000000      0xd3c
 .debug_frame   0x00000000       0x80 src/main.o
 .debug_frame   0x00000080       0x2c src/stm32f3xx_it.o
 .debug_frame   0x000000ac       0x58 src/system_stm32f3xx.o
 .debug_frame   0x00000104      0x270 C:\Users\simu29\workspace\stm32f3discovery_hal_lib\Debug\libstm32f3discovery_hal_lib.a(stm32f3xx_hal.o)
 .debug_frame   0x00000374      0x450 C:\Users\simu29\workspace\stm32f3discovery_hal_lib\Debug\libstm32f3discovery_hal_lib.a(stm32f3xx_hal_cortex.o)
 .debug_frame   0x000007c4      0x328 C:\Users\simu29\workspace\stm32f3discovery_hal_lib\Debug\libstm32f3discovery_hal_lib.a(stm32f3_discovery.o)
 .debug_frame   0x00000aec      0x14c C:\Users\simu29\workspace\stm32f3discovery_hal_lib\Debug\libstm32f3discovery_hal_lib.a(stm32f3xx_hal_gpio.o)
 .debug_frame   0x00000c38       0x2c c:/users/administrateur/.p2/pool/plugins/fr.ac6.mcu.externaltools.arm-none.win32_1.11.0.201610101338/tools/gcc-arm-none-eabi-5_4-2016q2-20160622-win32/bin/../lib/gcc/arm-none-eabi/5.4.1/../../../../arm-none-eabi/lib/armv7e-m\libc.a(lib_a-init.o)
 .debug_frame   0x00000c64       0x50 c:/users/administrateur/.p2/pool/plugins/fr.ac6.mcu.externaltools.arm-none.win32_1.11.0.201610101338/tools/gcc-arm-none-eabi-5_4-2016q2-20160622-win32/bin/../lib/gcc/arm-none-eabi/5.4.1/../../../../arm-none-eabi/lib/armv7e-m\libc.a(lib_a-__call_atexit.o)
 .debug_frame   0x00000cb4       0x20 c:/users/administrateur/.p2/pool/plugins/fr.ac6.mcu.externaltools.arm-none.win32_1.11.0.201610101338/tools/gcc-arm-none-eabi-5_4-2016q2-20160622-win32/bin/../lib/gcc/arm-none-eabi/5.4.1/../../../../arm-none-eabi/lib/armv7e-m\libc.a(lib_a-atexit.o)
 .debug_frame   0x00000cd4       0x34 c:/users/administrateur/.p2/pool/plugins/fr.ac6.mcu.externaltools.arm-none.win32_1.11.0.201610101338/tools/gcc-arm-none-eabi-5_4-2016q2-20160622-win32/bin/../lib/gcc/arm-none-eabi/5.4.1/../../../../arm-none-eabi/lib/armv7e-m\libc.a(lib_a-fini.o)
 .debug_frame   0x00000d08       0x34 c:/users/administrateur/.p2/pool/plugins/fr.ac6.mcu.externaltools.arm-none.win32_1.11.0.201610101338/tools/gcc-arm-none-eabi-5_4-2016q2-20160622-win32/bin/../lib/gcc/arm-none-eabi/5.4.1/../../../../arm-none-eabi/lib/armv7e-m\libc.a(lib_a-__atexit.o)
