Archive member included to satisfy reference by file (symbol)

C:\Users\simu29\workspace\stm32f3discovery_hal_lib\Debug\libstm32f3discovery_hal_lib.a(stm32f3xx_hal.o)
                              src/stm32f3xx_it.o (HAL_IncTick)
C:\Users\simu29\workspace\stm32f3discovery_hal_lib\Debug\libstm32f3discovery_hal_lib.a(stm32f3xx_hal_cortex.o)
                              C:\Users\simu29\workspace\stm32f3discovery_hal_lib\Debug\libstm32f3discovery_hal_lib.a(stm32f3xx_hal.o) (HAL_NVIC_SetPriorityGrouping)
C:\Users\simu29\workspace\stm32f3discovery_hal_lib\Debug\libstm32f3discovery_hal_lib.a(stm32f3_discovery.o)
                              src/main.o (BSP_LED_Init)
C:\Users\simu29\workspace\stm32f3discovery_hal_lib\Debug\libstm32f3discovery_hal_lib.a(stm32f3xx_hal_gpio.o)
                              C:\Users\simu29\workspace\stm32f3discovery_hal_lib\Debug\libstm32f3discovery_hal_lib.a(stm32f3_discovery.o) (HAL_GPIO_Init)
C:\Users\simu29\workspace\stm32f3discovery_hal_lib\Debug\libstm32f3discovery_hal_lib.a(stm32f3xx_hal_i2c.o)
                              C:\Users\simu29\workspace\stm32f3discovery_hal_lib\Debug\libstm32f3discovery_hal_lib.a(stm32f3_discovery.o) (HAL_I2C_Init)
C:\Users\simu29\workspace\stm32f3discovery_hal_lib\Debug\libstm32f3discovery_hal_lib.a(stm32f3xx_hal_spi.o)
                              C:\Users\simu29\workspace\stm32f3discovery_hal_lib\Debug\libstm32f3discovery_hal_lib.a(stm32f3_discovery.o) (HAL_SPI_Init)
C:\Users\simu29\workspace\stm32f3discovery_hal_lib\Debug\libstm32f3discovery_hal_lib.a(stm32f3xx_hal_dma.o)
                              C:\Users\simu29\workspace\stm32f3discovery_hal_lib\Debug\libstm32f3discovery_hal_lib.a(stm32f3xx_hal_i2c.o) (HAL_DMA_Start_IT)
c:/users/administrateur/.p2/pool/plugins/fr.ac6.mcu.externaltools.arm-none.win32_1.11.0.201610101338/tools/gcc-arm-none-eabi-5_4-2016q2-20160622-win32/bin/../lib/gcc/arm-none-eabi/5.4.1/../../../../arm-none-eabi/lib/armv7e-m\libc.a(lib_a-errno.o)
                              src/syscalls.o (__errno)
c:/users/administrateur/.p2/pool/plugins/fr.ac6.mcu.externaltools.arm-none.win32_1.11.0.201610101338/tools/gcc-arm-none-eabi-5_4-2016q2-20160622-win32/bin/../lib/gcc/arm-none-eabi/5.4.1/../../../../arm-none-eabi/lib/armv7e-m\libc.a(lib_a-exit.o)
                              c:/users/administrateur/.p2/pool/plugins/fr.ac6.mcu.externaltools.arm-none.win32_1.11.0.201610101338/tools/gcc-arm-none-eabi-5_4-2016q2-20160622-win32/bin/../lib/gcc/arm-none-eabi/5.4.1/../../../../arm-none-eabi/lib/armv7e-m/crt0.o (exit)
c:/users/administrateur/.p2/pool/plugins/fr.ac6.mcu.externaltools.arm-none.win32_1.11.0.201610101338/tools/gcc-arm-none-eabi-5_4-2016q2-20160622-win32/bin/../lib/gcc/arm-none-eabi/5.4.1/../../../../arm-none-eabi/lib/armv7e-m\libc.a(lib_a-impure.o)
                              c:/users/administrateur/.p2/pool/plugins/fr.ac6.mcu.externaltools.arm-none.win32_1.11.0.201610101338/tools/gcc-arm-none-eabi-5_4-2016q2-20160622-win32/bin/../lib/gcc/arm-none-eabi/5.4.1/../../../../arm-none-eabi/lib/armv7e-m\libc.a(lib_a-exit.o) (_global_impure_ptr)
c:/users/administrateur/.p2/pool/plugins/fr.ac6.mcu.externaltools.arm-none.win32_1.11.0.201610101338/tools/gcc-arm-none-eabi-5_4-2016q2-20160622-win32/bin/../lib/gcc/arm-none-eabi/5.4.1/../../../../arm-none-eabi/lib/armv7e-m\libc.a(lib_a-init.o)
                              c:/users/administrateur/.p2/pool/plugins/fr.ac6.mcu.externaltools.arm-none.win32_1.11.0.201610101338/tools/gcc-arm-none-eabi-5_4-2016q2-20160622-win32/bin/../lib/gcc/arm-none-eabi/5.4.1/../../../../arm-none-eabi/lib/armv7e-m/crt0.o (__libc_init_array)
c:/users/administrateur/.p2/pool/plugins/fr.ac6.mcu.externaltools.arm-none.win32_1.11.0.201610101338/tools/gcc-arm-none-eabi-5_4-2016q2-20160622-win32/bin/../lib/gcc/arm-none-eabi/5.4.1/../../../../arm-none-eabi/lib/armv7e-m\libc.a(lib_a-memset.o)
                              c:/users/administrateur/.p2/pool/plugins/fr.ac6.mcu.externaltools.arm-none.win32_1.11.0.201610101338/tools/gcc-arm-none-eabi-5_4-2016q2-20160622-win32/bin/../lib/gcc/arm-none-eabi/5.4.1/../../../../arm-none-eabi/lib/armv7e-m/crt0.o (memset)
c:/users/administrateur/.p2/pool/plugins/fr.ac6.mcu.externaltools.arm-none.win32_1.11.0.201610101338/tools/gcc-arm-none-eabi-5_4-2016q2-20160622-win32/bin/../lib/gcc/arm-none-eabi/5.4.1/../../../../arm-none-eabi/lib/armv7e-m\libc.a(lib_a-__call_atexit.o)
                              c:/users/administrateur/.p2/pool/plugins/fr.ac6.mcu.externaltools.arm-none.win32_1.11.0.201610101338/tools/gcc-arm-none-eabi-5_4-2016q2-20160622-win32/bin/../lib/gcc/arm-none-eabi/5.4.1/../../../../arm-none-eabi/lib/armv7e-m\libc.a(lib_a-exit.o) (__call_exitprocs)
c:/users/administrateur/.p2/pool/plugins/fr.ac6.mcu.externaltools.arm-none.win32_1.11.0.201610101338/tools/gcc-arm-none-eabi-5_4-2016q2-20160622-win32/bin/../lib/gcc/arm-none-eabi/5.4.1/../../../../arm-none-eabi/lib/armv7e-m\libc.a(lib_a-atexit.o)
[...]
Memory Configuration

Name             Origin             Length             Attributes
FLASH            0x08000000         0x00040000         xr
RAM              0x20000000         0x0000a000         xrw
CCMRAM           0x10000000         0x00002000         rw
*default*        0x00000000         0xffffffff

Linker script and memory map

LOAD c:/users/administrateur/.p2/pool/plugins/fr.ac6.mcu.externaltools.arm-none.win32_1.11.0.201610101338/tools/gcc-arm-none-eabi-5_4-2016q2-20160622-win32/bin/../lib/gcc/arm-none-eabi/5.4.1/armv7e-m/crti.o
LOAD c:/users/administrateur/.p2/pool/plugins/fr.ac6.mcu.externaltools.arm-none.win32_1.11.0.201610101338/tools/gcc-arm-none-eabi-5_4-2016q2-20160622-win32/bin/../lib/gcc/arm-none-eabi/5.4.1/armv7e-m/crtbegin.o
LOAD c:/users/administrateur/.p2/pool/plugins/fr.ac6.mcu.externaltools.arm-none.win32_1.11.0.201610101338/tools/gcc-arm-none-eabi-5_4-2016q2-20160622-win32/bin/../lib/gcc/arm-none-eabi/5.4.1/../../../../arm-none-eabi/lib/armv7e-m/crt0.o
LOAD c:/users/administrateur/.p2/pool/plugins/fr.ac6.mcu.externaltools.arm-none.win32_1.11.0.201610101338/tools/gcc-arm-none-eabi-5_4-2016q2-20160622-win32/bin/../lib/gcc/arm-none-eabi/5.4.1/../../../../arm-none-eabi/lib/armv7e-m\libm.a
LOAD src/main.o
LOAD src/stm32f3xx_it.o
LOAD src/syscalls.o
LOAD src/system_stm32f3xx.o
LOAD startup/startup_stm32f303xc.o
LOAD C:\Users\simu29\workspace\stm32f3discovery_hal_lib\Debug\libstm32f3discovery_hal_lib.a
START GROUP
LOAD c:/users/administrateur/.p2/pool/plugins/fr.ac6.mcu.externaltools.arm-none.win32_1.11.0.201610101338/tools/gcc-arm-none-eabi-5_4-2016q2-20160622-win32/bin/../lib/gcc/arm-none-eabi/5.4.1/armv7e-m\libgcc.a
LOAD c:/users/administrateur/.p2/pool/plugins/fr.ac6.mcu.externaltools.arm-none.win32_1.11.0.201610101338/tools/gcc-arm-none-eabi-5_4-2016q2-20160622-win32/bin/../lib/gcc/arm-none-eabi/5.4.1/../../../../arm-none-eabi/lib/armv7e-m\libc.a
END GROUP
LOAD c:/users/administrateur/.p2/pool/plugins/fr.ac6.mcu.externaltools.arm-none.win32_1.11.0.201610101338/tools/gcc-arm-none-eabi-5_4-2016q2-20160622-win32/bin/../lib/gcc/arm-none-eabi/5.4.1/armv7e-m/crtend.o
LOAD c:/users/administrateur/.p2/pool/plugins/fr.ac6.mcu.externaltools.arm-none.win32_1.11.0.201610101338/tools/gcc-arm-none-eabi-5_4-2016q2-20160622-win32/bin/../lib/gcc/arm-none-eabi/5.4.1/armv7e-m/crtn.o
                0x2000a000                _estack = 0x2000a000
                0x00000200                _Min_Heap_Size = 0x200
                0x00000400                _Min_Stack_Size = 0x400

.isr_vector     0x08000000      0x188
                0x08000000                . = ALIGN (0x4)
 *(.isr_vector)
 .isr_vector    0x08000000      0x188 startup/startup_stm32f303xc.o
                0x08000000                g_pfnVectors
                0x08000188                . = ALIGN (0x4)

.text           0x08000188      0xb94
                0x08000188                . = ALIGN (0x4)
 *(.text)
 .text          0x08000188       0x5c c:/users/administrateur/.p2/pool/plugins/fr.ac6.mcu.externaltools.arm-none.win32_1.11.0.201610101338/tools/gcc-arm-none-eabi-5_4-2016q2-20160622-win32/bin/../lib/gcc/arm-none-eabi/5.4.1/armv7e-m/crtbegin.o
 *(.text*)
 .text.NVIC_SetPriority
                0x080001e4       0x54 src/main.o
 .text.SysTick_Config
                0x08000238       0x44 src/main.o
 .text.main     0x0800027c       0x68 src/main.o
                0x0800027c                main
 .text.LL_EXTI_ClearFlag_0_31
                0x080002e4       0x1c src/stm32f3xx_it.o
 .text.SysTick_Handler
                0x08000300       0x30 src/stm32f3xx_it.o
                0x08000300                SysTick_Handler
 .text.EXTI0_IRQHandler
                0x08000330       0x60 src/stm32f3xx_it.o
                0x08000330                EXTI0_IRQHandler
 .text.SystemInit
                0x08000390       0x84 src/system_stm32f3xx.o
                0x08000390                SystemInit
 .text.Reset_Handler
                0x08000414       0x50 startup/startup_stm32f303xc.o
                0x08000414                Reset_Handler
 .text.Default_Handler
                0x08000464        0x2 startup/startup_stm32f303xc.o
                0x08000464                RTC_Alarm_IRQHandler
                0x08000464                TIM8_TRG_COM_IRQHandler
                0x08000464                TIM8_CC_IRQHandler
                0x08000464                DebugMon_Handler
                0x08000464                TIM1_CC_IRQHandler
                0x08000464                HardFault_Handler
                0x08000464                USB_HP_IRQHandler
                0x08000464                PVD_IRQHandler
                0x08000464                TAMP_STAMP_IRQHandler
                0x08000464                PendSV_Handler
                0x08000464                NMI_Handler
                0x08000464                EXTI3_IRQHandler
                0x08000464                USB_HP_CAN_TX_IRQHandler
                0x08000464                I2C2_EV_IRQHandler
                0x08000464                FPU_IRQHandler
                0x08000464                TIM1_UP_TIM16_IRQHandler
                0x08000464                UsageFault_Handler
                0x08000464                ADC1_2_IRQHandler
                0x08000464                SPI1_IRQHandler
                0x08000464                CAN_SCE_IRQHandler
                0x08000464                TIM6_DAC_IRQHandler
                0x08000464                TIM8_UP_IRQHandler
                0x08000464                DMA2_Channel2_IRQHandler
                0x08000464                DMA1_Channel4_IRQHandler
                0x08000464                USART3_IRQHandler
                0x08000464                DMA1_Channel7_IRQHandler
                0x08000464                UART5_IRQHandler
                0x08000464                ADC3_IRQHandler
                0x08000464                TIM4_IRQHandler
                0x08000464                CAN_RX1_IRQHandler
                0x08000464                DMA2_Channel1_IRQHandler
                0x08000464                I2C1_EV_IRQHandler
                0x08000464                DMA1_Channel6_IRQHandler
                0x08000464                UART4_IRQHandler
                0x08000464                DMA2_Channel4_IRQHandler
                0x08000464                TIM3_IRQHandler
                0x08000464                RCC_IRQHandler
                0x08000464                DMA1_Channel1_IRQHandler
                0x08000464                Default_Handler
                0x08000464                USBWakeUp_RMP_IRQHandler
                0x08000464                EXTI15_10_IRQHandler
                0x08000464                TIM7_IRQHandler
                0x08000464                EXTI9_5_IRQHandler
                0x08000464                RTC_WKUP_IRQHandler
                0x08000464                SPI2_IRQHandler
                0x08000464                USB_LP_CAN_RX0_IRQHandler
                0x08000464                MemManage_Handler
                0x08000464                SVC_Handler
                0x08000464                DMA2_Channel5_IRQHandler
                0x08000464                DMA1_Channel5_IRQHandler
                0x08000464                USB_LP_IRQHandler
                0x08000464                EXTI4_IRQHandler
                0x08000464                TIM1_TRG_COM_TIM17_IRQHandler
                0x08000464                DMA1_Channel3_IRQHandler
                0x08000464                ADC4_IRQHandler
                0x08000464                WWDG_IRQHandler
                0x08000464                TIM2_IRQHandler
                0x08000464                COMP7_IRQHandler
                0x08000464                COMP1_2_3_IRQHandler
                0x08000464                EXTI1_IRQHandler
                0x08000464                USART2_IRQHandler
                0x08000464                COMP4_5_6_IRQHandler
                0x08000464                I2C2_ER_IRQHandler
                0x08000464                DMA1_Channel2_IRQHandler
                0x08000464                TIM8_BRK_IRQHandler
                0x08000464                FLASH_IRQHandler
                0x08000464                BusFault_Handler
                0x08000464                USART1_IRQHandler
                0x08000464                SPI3_IRQHandler
                0x08000464                I2C1_ER_IRQHandler
                0x08000464                USBWakeUp_IRQHandler
                0x08000464                DMA2_Channel3_IRQHandler
                0x08000464                EXTI2_TSC_IRQHandler
                0x08000464                TIM1_BRK_TIM15_IRQHandler
 *fill*         0x08000466        0x2 
 .text.HAL_IncTick
                0x08000468       0x1c C:\Users\simu29\workspace\stm32f3discovery_hal_lib\Debug\libstm32f3discovery_hal_lib.a(stm32f3xx_hal.o)
                0x08000468                HAL_IncTick
 .text.NVIC_GetPriorityGrouping
                0x08000484       0x1c C:\Users\simu29\workspace\stm32f3discovery_hal_lib\Debug\libstm32f3discovery_hal_lib.a(stm32f3xx_hal_cortex.o)
 .text.NVIC_EnableIRQ
                0x080004a0       0x30 C:\Users\simu29\workspace\stm32f3discovery_hal_lib\Debug\libstm32f3discovery_hal_lib.a(stm32f3xx_hal_cortex.o)
 .text.NVIC_SetPriority
                0x080004d0       0x54 C:\Users\simu29\workspace\stm32f3discovery_hal_lib\Debug\libstm32f3discovery_hal_lib.a(stm32f3xx_hal_cortex.o)
 .text.NVIC_EncodePriority
                0x08000524       0x60 C:\Users\simu29\workspace\stm32f3discovery_hal_lib\Debug\libstm32f3discovery_hal_lib.a(stm32f3xx_hal_cortex.o)
 .text.HAL_NVIC_SetPriority
                0x08000584       0x38 C:\Users\simu29\workspace\stm32f3discovery_hal_lib\Debug\libstm32f3discovery_hal_lib.a(stm32f3xx_hal_cortex.o)
                0x08000584                HAL_NVIC_SetPriority
 .text.HAL_NVIC_EnableIRQ
                0x080005bc       0x1c C:\Users\simu29\workspace\stm32f3discovery_hal_lib\Debug\libstm32f3discovery_hal_lib.a(stm32f3xx_hal_cortex.o)
                0x080005bc                HAL_NVIC_EnableIRQ
 .text.HAL_SYSTICK_IRQHandler
                0x080005d8        0xc C:\Users\simu29\workspace\stm32f3discovery_hal_lib\Debug\libstm32f3discovery_hal_lib.a(stm32f3xx_hal_cortex.o)
                0x080005d8                HAL_SYSTICK_IRQHandler
 .text.HAL_SYSTICK_Callback
                0x080005e4        0xc C:\Users\simu29\workspace\stm32f3discovery_hal_lib\Debug\libstm32f3discovery_hal_lib.a(stm32f3xx_hal_cortex.o)
                0x080005e4                HAL_SYSTICK_Callback
 .text.BSP_LED_Init
                0x080005f0      0x160 C:\Users\simu29\workspace\stm32f3discovery_hal_lib\Debug\libstm32f3discovery_hal_lib.a(stm32f3_discovery.o)
                0x080005f0                BSP_LED_Init
 .text.BSP_LED_On
                0x08000750       0x34 C:\Users\simu29\workspace\stm32f3discovery_hal_lib\Debug\libstm32f3discovery_hal_lib.a(stm32f3_discovery.o)
                0x08000750                BSP_LED_On
 .text.BSP_LED_Toggle
                0x08000784       0x30 C:\Users\simu29\workspace\stm32f3discovery_hal_lib\Debug\libstm32f3discovery_hal_lib.a(stm32f3_discovery.o)
                0x08000784                BSP_LED_Toggle
 .text.BSP_PB_Init
                0x080007b4       0xc8 C:\Users\simu29\workspace\stm32f3discovery_hal_lib\Debug\libstm32f3discovery_hal_lib.a(stm32f3_discovery.o)
                0x080007b4                BSP_PB_Init
 .text.HAL_GPIO_Init
                0x0800087c      0x2f8 C:\Users\simu29\workspace\stm32f3discovery_hal_lib\Debug\libstm32f3discovery_hal_lib.a(stm32f3xx_hal_gpio.o)
                0x0800087c                HAL_GPIO_Init
 .text.HAL_GPIO_WritePin
                0x08000b74       0x30 C:\Users\simu29\workspace\stm32f3discovery_hal_lib\Debug\libstm32f3discovery_hal_lib.a(stm32f3xx_hal_gpio.o)
                0x08000b74                HAL_GPIO_WritePin
 .text.HAL_GPIO_TogglePin
                0x08000ba4       0x24 C:\Users\simu29\workspace\stm32f3discovery_hal_lib\Debug\libstm32f3discovery_hal_lib.a(stm32f3xx_hal_gpio.o)
                0x08000ba4                HAL_GPIO_TogglePin
 .text.__libc_init_array
                0x08000bc8       0x50 c:/users/administrateur/.p2/pool/plugins/fr.ac6.mcu.externaltools.arm-none.win32_1.11.0.201610101338/tools/gcc-arm-none-eabi-5_4-2016q2-20160622-win32/bin/../lib/gcc/arm-none-eabi/5.4.1/../../../../arm-none-eabi/lib/armv7e-m\libc.a(lib_a-init.o)
                0x08000bc8                __libc_init_array
 .text.startup.register_fini
                0x08000c18       0x14 c:/users/administrateur/.p2/pool/plugins/fr.ac6.mcu.externaltools.arm-none.win32_1.11.0.201610101338/tools/gcc-arm-none-eabi-5_4-2016q2-20160622-win32/bin/../lib/gcc/arm-none-eabi/5.4.1/../../../../arm-none-eabi/lib/armv7e-m\libc.a(lib_a-__call_atexit.o)
 .text.atexit   0x08000c2c        0xc c:/users/administrateur/.p2/pool/plugins/fr.ac6.mcu.externaltools.arm-none.win32_1.11.0.201610101338/tools/gcc-arm-none-eabi-5_4-2016q2-20160622-win32/bin/../lib/gcc/arm-none-eabi/5.4.1/../../../../arm-none-eabi/lib/armv7e-m\libc.a(lib_a-atexit.o)
                0x08000c2c                atexit
 .text.__libc_fini_array
                0x08000c38       0x28 c:/users/administrateur/.p2/pool/plugins/fr.ac6.mcu.externaltools.arm-none.win32_1.11.0.201610101338/tools/gcc-arm-none-eabi-5_4-2016q2-20160622-win32/bin/../lib/gcc/arm-none-eabi/5.4.1/../../../../arm-none-eabi/lib/armv7e-m\libc.a(lib_a-fini.o)
                0x08000c38                __libc_fini_array
 .text.__register_exitproc
                0x08000c60       0xa4 c:/users/administrateur/.p2/pool/plugins/fr.ac6.mcu.externaltools.arm-none.win32_1.11.0.201610101338/tools/gcc-arm-none-eabi-5_4-2016q2-20160622-win32/bin/../lib/gcc/arm-none-eabi/5.4.1/../../../../arm-none-eabi/lib/armv7e-m\libc.a(lib_a-__atexit.o)
                0x08000c60                __register_exitproc
 *(.glue_7)
 .glue_7        0x08000d04        0x0 linker stubs
 *(.glue_7t)
 .glue_7t       0x08000d04        0x0 linker stubs
 *(.eh_frame)
 .eh_frame      0x08000d04        0x0 c:/users/administrateur/.p2/pool/plugins/fr.ac6.mcu.externaltools.arm-none.win32_1.11.0.201610101338/tools/gcc-arm-none-eabi-5_4-2016q2-20160622-win32/bin/../lib/gcc/arm-none-eabi/5.4.1/armv7e-m/crtbegin.o
 *(.init)
 .init          0x08000d04        0x4 c:/users/administrateur/.p2/pool/plugins/fr.ac6.mcu.externaltools.arm-none.win32_1.11.0.201610101338/tools/gcc-arm-none-eabi-5_4-2016q2-20160622-win32/bin/../lib/gcc/arm-none-eabi/5.4.1/armv7e-m/crti.o
                0x08000d04                _init
 .init          0x08000d08        0x8 c:/users/administrateur/.p2/pool/plugins/fr.ac6.mcu.externaltools.arm-none.win32_1.11.0.201610101338/tools/gcc-arm-none-eabi-5_4-2016q2-20160622-win32/bin/../lib/gcc/arm-none-eabi/5.4.1/armv7e-m/crtn.o
 *(.fini)
 .fini          0x08000d10        0x4 c:/users/administrateur/.p2/pool/plugins/fr.ac6.mcu.externaltools.arm-none.win32_1.11.0.201610101338/tools/gcc-arm-none-eabi-5_4-2016q2-20160622-win32/bin/../lib/gcc/arm-none-eabi/5.4.1/armv7e-m/crti.o
                0x08000d10                _fini
 .fini          0x08000d14        0x8 c:/users/administrateur/.p2/pool/plugins/fr.ac6.mcu.externaltools.arm-none.win32_1.11.0.201610101338/tools/gcc-arm-none-eabi-5_4-2016q2-20160622-win32/bin/../lib/gcc/arm-none-eabi/5.4.1/armv7e-m/crtn.o
                0x08000d1c                . = ALIGN (0x4)
                0x08000d1c                _etext = .

.vfp11_veneer   0x08000d1c        0x0
 .vfp11_veneer  0x08000d1c        0x0 linker stubs

.v4_bx          0x08000d1c        0x0
 .v4_bx         0x08000d1c        0x0 linker stubs

.iplt           0x08000d1c        0x0
 .iplt          0x08000d1c        0x0 c:/users/administrateur/.p2/pool/plugins/fr.ac6.mcu.externaltools.arm-none.win32_1.11.0.201610101338/tools/gcc-arm-none-eabi-5_4-2016q2-20160622-win32/bin/../lib/gcc/arm-none-eabi/5.4.1/armv7e-m/crtbegin.o

.rodata         0x08000d1c       0x20
                0x08000d1c                . = ALIGN (0x4)
 *(.rodata)
 .rodata        0x08000d1c       0x15 C:\Users\simu29\workspace\stm32f3discovery_hal_lib\Debug\libstm32f3discovery_hal_lib.a(stm32f3_discovery.o)
                0x08000d1c                LED_PIN
                0x08000d2c                BUTTON_PIN
                0x08000d30                BUTTON_IRQn
 *(.rodata*)
 *fill*         0x08000d31        0x3 
 .rodata.str1.4
                0x08000d34        0x4 c:/users/administrateur/.p2/pool/plugins/fr.ac6.mcu.externaltools.arm-none.win32_1.11.0.201610101338/tools/gcc-arm-none-eabi-5_4-2016q2-20160622-win32/bin/../lib/gcc/arm-none-eabi/5.4.1/../../../../arm-none-eabi/lib/armv7e-m\libc.a(lib_a-impure.o)
                                  0x2 (size before relaxing)
 .rodata._global_impure_ptr
                0x08000d38        0x4 c:/users/administrateur/.p2/pool/plugins/fr.ac6.mcu.externaltools.arm-none.win32_1.11.0.201610101338/tools/gcc-arm-none-eabi-5_4-2016q2-20160622-win32/bin/../lib/gcc/arm-none-eabi/5.4.1/../../../../arm-none-eabi/lib/armv7e-m\libc.a(lib_a-impure.o)
                0x08000d38                _global_impure_ptr
                0x08000d3c                . = ALIGN (0x4)

.rel.dyn        0x08000d3c        0x0
 .rel.iplt      0x08000d3c        0x0 c:/users/administrateur/.p2/pool/plugins/fr.ac6.mcu.externaltools.arm-none.win32_1.11.0.201610101338/tools/gcc-arm-none-eabi-5_4-2016q2-20160622-win32/bin/../lib/gcc/arm-none-eabi/5.4.1/armv7e-m/crtbegin.o

.ARM.extab
 *(.ARM.extab* .gnu.linkonce.armextab.*)

.ARM            0x08000d3c        0x0
                0x08000d3c                __exidx_start = .
 *(.ARM.exidx*)
                0x08000d3c                __exidx_end = .

.preinit_array  0x08000d3c        0x0
                0x08000d3c                PROVIDE (__preinit_array_start, .)
 *(.preinit_array*)
                0x08000d3c                PROVIDE (__preinit_array_end, .)

.init_array     0x08000d3c        0x8
                0x08000d3c                PROVIDE (__init_array_start, .)
 *(SORT(.init_array.*))
 .init_array.00000
                0x08000d3c        0x4 c:/users/administrateur/.p2/pool/plugins/fr.ac6.mcu.externaltools.arm-none.win32_1.11.0.201610101338/tools/gcc-arm-none-eabi-5_4-2016q2-20160622-win32/bin/../lib/gcc/arm-none-eabi/5.4.1/../../../../arm-none-eabi/lib/armv7e-m\libc.a(lib_a-__call_atexit.o)
 *(.init_array*)
 .init_array    0x08000d40        0x4 c:/users/administrateur/.p2/pool/plugins/fr.ac6.mcu.externaltools.arm-none.win32_1.11.0.201610101338/tools/gcc-arm-none-eabi-5_4-2016q2-20160622-win32/bin/../lib/gcc/arm-none-eabi/5.4.1/armv7e-m/crtbegin.o
                0x08000d44                PROVIDE (__init_array_end, .)

.fini_array     0x08000d44        0x4
                0x08000d44                PROVIDE (__fini_array_start, .)
 *(SORT(.fini_array.*))
 *(.fini_array*)
 .fini_array    0x08000d44        0x4 c:/users/administrateur/.p2/pool/plugins/fr.ac6.mcu.externaltools.arm-none.win32_1.11.0.201610101338/tools/gcc-arm-none-eabi-5_4-2016q2-20160622-win32/bin/../lib/gcc/arm-none-eabi/5.4.1/armv7e-m/crtbegin.o
                0x08000d48                PROVIDE (__fini_array_end, .)
                0x08000d48                _sidata = LOADADDR (.data)

.data           0x20000000      0x458 load address 0x08000d48
                0x20000000                . = ALIGN (0x4)
                0x20000000                _sdata = .
 *(.data)
 .data          0x20000000        0x4 src/system_stm32f3xx.o
                0x20000000                SystemCoreClock
 .data          0x20000004       0x2c C:\Users\simu29\workspace\stm32f3discovery_hal_lib\Debug\libstm32f3discovery_hal_lib.a(stm32f3_discovery.o)
                0x20000004                LED_PORT
                0x20000024                BUTTON_PORT
                0x20000028                SpixTimeout
                0x2000002c                I2cxTimeout
 *(.data*)
 .data.impure_data
                0x20000030      0x428 c:/users/administrateur/.p2/pool/plugins/fr.ac6.mcu.externaltools.arm-none.win32_1.11.0.201610101338/tools/gcc-arm-none-eabi-5_4-2016q2-20160622-win32/bin/../lib/gcc/arm-none-eabi/5.4.1/../../../../arm-none-eabi/lib/armv7e-m\libc.a(lib_a-impure.o)
                0x20000458                . = ALIGN (0x4)
                0x20000458                _edata = .
                0x080011a0                _siccmram = LOADADDR (.ccmram)

.jcr            0x20000458        0x0 load address 0x080011a0
 .jcr           0x20000458        0x0 c:/users/administrateur/.p2/pool/plugins/fr.ac6.mcu.externaltools.arm-none.win32_1.11.0.201610101338/tools/gcc-arm-none-eabi-5_4-2016q2-20160622-win32/bin/../lib/gcc/arm-none-eabi/5.4.1/armv7e-m/crtbegin.o

.igot.plt       0x20000458        0x0 load address 0x080011a0
 .igot.plt      0x20000458        0x0 c:/users/administrateur/.p2/pool/plugins/fr.ac6.mcu.externaltools.arm-none.win32_1.11.0.201610101338/tools/gcc-arm-none-eabi-5_4-2016q2-20160622-win32/bin/../lib/gcc/arm-none-eabi/5.4.1/armv7e-m/crtbegin.o

.ccmram         0x10000000        0x0 load address 0x080011a0
                0x10000000                . = ALIGN (0x4)
                0x10000000                _sccmram = .
 *(.ccmram)
 *(.ccmram*)
                0x10000000                . = ALIGN (0x4)
                0x10000000                _eccmram = .
                0x10000000                . = ALIGN (0x4)

.bss            0x20000458       0x2c
                0x20000458                _sbss = .
                0x20000458                __bss_start__ = _sbss
 *(.bss)
 .bss           0x20000458       0x1c c:/users/administrateur/.p2/pool/plugins/fr.ac6.mcu.externaltools.arm-none.win32_1.11.0.201610101338/tools/gcc-arm-none-eabi-5_4-2016q2-20160622-win32/bin/../lib/gcc/arm-none-eabi/5.4.1/armv7e-m/crtbegin.o
 *(.bss*)
 *(COMMON)
 COMMON         0x20000474        0xc src/main.o
                0x20000474                cnt
                0x20000478                state
                0x2000047c                dblr_clic
 COMMON         0x20000480        0x4 C:\Users\simu29\workspace\stm32f3discovery_hal_lib\Debug\libstm32f3discovery_hal_lib.a(stm32f3xx_hal.o)
                0x20000480                uwTick
                0x20000484                . = ALIGN (0x4)
                0x20000484                _ebss = .
                0x20000484                __bss_end__ = _ebss

._user_heap_stack
                0x20000484      0x604
                0x20000488                . = ALIGN (0x8)
 *fill*         0x20000484        0x4 
                0x20000488                PROVIDE (end, .)
                [!provide]                PROVIDE (_end, .)
                0x20000688                . = (. + _Min_Heap_Size)
 *fill*         0x20000488      0x200 
                0x20000a88                . = (. + _Min_Stack_Size)
 *fill*         0x20000688      0x400 
                0x20000a88                . = ALIGN (0x8)

/DISCARD/
 libc.a(*)
 libm.a(*)
 libgcc.a(*)

.ARM.attributes
                0x00000000       0x2a
 *(.ARM.attributes)
 .ARM.attributes
                0x00000000       0x1e c:/users/administrateur/.p2/pool/plugins/fr.ac6.mcu.externaltools.arm-none.win32_1.11.0.201610101338/tools/gcc-arm-none-eabi-5_4-2016q2-20160622-win32/bin/../lib/gcc/arm-none-eabi/5.4.1/armv7e-m/crti.o
 .ARM.attributes
                0x0000001e       0x2e c:/users/administrateur/.p2/pool/plugins/fr.ac6.mcu.externaltools.arm-none.win32_1.11.0.201610101338/tools/gcc-arm-none-eabi-5_4-2016q2-20160622-win32/bin/../lib/gcc/arm-none-eabi/5.4.1/armv7e-m/crtbegin.o
 .ARM.attributes
                0x0000004c       0x33 src/main.o
 .ARM.attributes
                0x0000007f       0x33 src/stm32f3xx_it.o
 .ARM.attributes
                0x000000b2       0x33 src/system_stm32f3xx.o
 .ARM.attributes
                0x000000e5       0x21 startup/startup_stm32f303xc.o
 .ARM.attributes
                0x00000106       0x33 C:\Users\simu29\workspace\stm32f3discovery_hal_lib\Debug\libstm32f3discovery_hal_lib.a(stm32f3xx_hal.o)
 .ARM.attributes
                0x00000139       0x33 C:\Users\simu29\workspace\stm32f3discovery_hal_lib\Debug\libstm32f3discovery_hal_lib.a(stm32f3xx_hal_cortex.o)
 .ARM.attributes
                0x0000016c       0x33 C:\Users\simu29\workspace\stm32f3discovery_hal_lib\Debug\libstm32f3discovery_hal_lib.a(stm32f3_discovery.o)
 .ARM.attributes
                0x0000019f       0x33 C:\Users\simu29\workspace\stm32f3discovery_hal_lib\Debug\libstm32f3discovery_hal_lib.a(stm32f3xx_hal_gpio.o)
 .ARM.attributes
                0x000001d2       0x2e c:/users/administrateur/.p2/pool/plugins/fr.ac6.mcu.externaltools.arm-none.win32_1.11.0.201610101338/tools/gcc-arm-none-eabi-5_4-2016q2-20160622-win32/bin/../lib/gcc/arm-none-eabi/5.4.1/../../../../arm-none-eabi/lib/armv7e-m\libc.a(lib_a-impure.o)
 .ARM.attributes
                0x00000200       0x2e c:/users/administrateur/.p2/pool/plugins/fr.ac6.mcu.externaltools.arm-none.win32_1.11.0.201610101338/tools/gcc-arm-none-eabi-5_4-2016q2-20160622-win32/bin/../lib/gcc/arm-none-eabi/5.4.1/../../../../arm-none-eabi/lib/armv7e-m\libc.a(lib_a-init.o)
 .ARM.attributes
                0x0000022e       0x2e c:/users/administrateur/.p2/pool/plugins/fr.ac6.mcu.externaltools.arm-none.win32_1.11.0.201610101338/tools/gcc-arm-none-eabi-5_4-2016q2-20160622-win32/bin/../lib/gcc/arm-none-eabi/5.4.1/../../../../arm-none-eabi/lib/armv7e-m\libc.a(lib_a-__call_atexit.o)
 .ARM.attributes
                0x0000025c       0x2e c:/users/administrateur/.p2/pool/plugins/fr.ac6.mcu.externaltools.arm-none.win32_1.11.0.201610101338/tools/gcc-arm-none-eabi-5_4-2016q2-20160622-win32/bin/../lib/gcc/arm-none-eabi/5.4.1/../../../../arm-none-eabi/lib/armv7e-m\libc.a(lib_a-atexit.o)
 .ARM.attributes
                0x0000028a       0x2e c:/users/administrateur/.p2/pool/plugins/fr.ac6.mcu.externaltools.arm-none.win32_1.11.0.201610101338/tools/gcc-arm-none-eabi-5_4-2016q2-20160622-win32/bin/../lib/gcc/arm-none-eabi/5.4.1/../../../../arm-none-eabi/lib/armv7e-m\libc.a(lib_a-fini.o)
 .ARM.attributes
                0x000002b8       0x2e c:/users/administrateur/.p2/pool/plugins/fr.ac6.mcu.externaltools.arm-none.win32_1.11.0.201610101338/tools/gcc-arm-none-eabi-5_4-2016q2-20160622-win32/bin/../lib/gcc/arm-none-eabi/5.4.1/../../../../arm-none-eabi/lib/armv7e-m\libc.a(lib_a-__atexit.o)
 .ARM.attributes
                0x000002e6       0x1e c:/users/administrateur/.p2/pool/plugins/fr.ac6.mcu.externaltools.arm-none.win32_1.11.0.201610101338/tools/gcc-arm-none-eabi-5_4-2016q2-20160622-win32/bin/../lib/gcc/arm-none-eabi/5.4.1/armv7e-m/crtn.o
OUTPUT(TP3_INTERRUPT.elf elf32-littlearm)

.debug_info     0x00000000     0x3b4e
 .debug_info    0x00000000      0x727 src/main.o
 .debug_info    0x00000727      0x268 src/stm32f3xx_it.o
 .debug_info    0x0000098f      0x400 src/system_stm32f3xx.o
 .debug_info    0x00000d8f       0x69 startup/startup_stm32f303xc.o
 .debug_info    0x00000df8      0x663 C:\Users\simu29\workspace\stm32f3discovery_hal_lib\Debug\libstm32f3discovery_hal_lib.a(stm32f3xx_hal.o)
 .debug_info    0x0000145b      0xccf C:\Users\simu29\workspace\stm32f3discovery_hal_lib\Debug\libstm32f3discovery_hal_lib.a(stm32f3xx_hal_cortex.o)
 .debug_info    0x0000212a     0x13bd C:\Users\simu29\workspace\stm32f3discovery_hal_lib\Debug\libstm32f3discovery_hal_lib.a(stm32f3_discovery.o)
 .debug_info    0x000034e7      0x667 C:\Users\simu29\workspace\stm32f3discovery_hal_lib\Debug\libstm32f3discovery_hal_lib.a(stm32f3xx_hal_gpio.o)

.debug_abbrev   0x00000000      0xbcc
 .debug_abbrev  0x00000000      0x186 src/main.o
 .debug_abbrev  0x00000186      0x103 src/stm32f3xx_it.o
 .debug_abbrev  0x00000289      0x104 src/system_stm32f3xx.o
 .debug_abbrev  0x0000038d       0x12 startup/startup_stm32f303xc.o
 .debug_abbrev  0x0000039f      0x19b C:\Users\simu29\workspace\stm32f3discovery_hal_lib\Debug\libstm32f3discovery_hal_lib.a(stm32f3xx_hal.o)
 .debug_abbrev  0x0000053a      0x298 C:\Users\simu29\workspace\stm32f3discovery_hal_lib\Debug\libstm32f3discovery_hal_lib.a(stm32f3xx_hal_cortex.o)
 .debug_abbrev  0x000007d2      0x24b C:\Users\simu29\workspace\stm32f3discovery_hal_lib\Debug\libstm32f3discovery_hal_lib.a(stm32f3_discovery.o)
 .debug_abbrev  0x00000a1d      0x1af C:\Users\simu29\workspace\stm32f3discovery_hal_lib\Debug\libstm32f3discovery_hal_lib.a(stm32f3xx_hal_gpio.o)

.debug_aranges  0x00000000      0x390
 .debug_aranges
                0x00000000       0x30 src/main.o
 .debug_aranges
                0x00000030       0x30 src/stm32f3xx_it.o
 .debug_aranges
                0x00000060       0x28 src/system_stm32f3xx.o
 .debug_aranges
                0x00000088       0x28 startup/startup_stm32f303xc.o
 .debug_aranges
                0x000000b0       0xb0 C:\Users\simu29\workspace\stm32f3discovery_hal_lib\Debug\libstm32f3discovery_hal_lib.a(stm32f3xx_hal.o)
 .debug_aranges
                0x00000160      0x108 C:\Users\simu29\workspace\stm32f3discovery_hal_lib\Debug\libstm32f3discovery_hal_lib.a(stm32f3xx_hal_cortex.o)
 .debug_aranges
                0x00000268       0xd0 C:\Users\simu29\workspace\stm32f3discovery_hal_lib\Debug\libstm32f3discovery_hal_lib.a(stm32f3_discovery.o)
 .debug_aranges
                0x00000338       0x58 C:\Users\simu29\workspace\stm32f3discovery_hal_lib\Debug\libstm32f3discovery_hal_lib.a(stm32f3xx_hal_gpio.o)

.debug_ranges   0x00000000      0x318
 .debug_ranges  0x00000000       0x20 src/main.o
 .debug_ranges  0x00000020       0x20 src/stm32f3xx_it.o
 .debug_ranges  0x00000040       0x18 src/system_stm32f3xx.o
 .debug_ranges  0x00000058       0x20 startup/startup_stm32f303xc.o
 .debug_ranges  0x00000078       0xa0 C:\Users\simu29\workspace\stm32f3discovery_hal_lib\Debug\libstm32f3discovery_hal_lib.a(stm32f3xx_hal.o)
 .debug_ranges  0x00000118       0xf8 C:\Users\simu29\workspace\stm32f3discovery_hal_lib\Debug\libstm32f3discovery_hal_lib.a(stm32f3xx_hal_cortex.o)
 .debug_ranges  0x00000210       0xc0 C:\Users\simu29\workspace\stm32f3discovery_hal_lib\Debug\libstm32f3discovery_hal_lib.a(stm32f3_discovery.o)
 .debug_ranges  0x000002d0       0x48 C:\Users\simu29\workspace\stm32f3discovery_hal_lib\Debug\libstm32f3discovery_hal_lib.a(stm32f3xx_hal_gpio.o)

.debug_macro    0x00000000    0x21ee1
 .debug_macro   0x00000000      0x478 src/main.o
 .debug_macro   0x00000478      0x8a4 src/main.o
 .debug_macro   0x00000d1c       0x2b src/main.o
 .debug_macro   0x00000d47       0x28 src/main.o
 .debug_macro   0x00000d6f       0x22 src/main.o
 .debug_macro   0x00000d91       0x87 src/main.o
 .debug_macro   0x00000e18       0x44 src/main.o
 .debug_macro   0x00000e5c       0xfd src/main.o
 .debug_macro   0x00000f59       0x5e src/main.o
 .debug_macro   0x00000fb7      0x1df src/main.o
 .debug_macro   0x00001196       0x35 src/main.o
 .debug_macro   0x000011cb       0x50 src/main.o
 .debug_macro   0x0000121b      0xe66 src/main.o
 .debug_macro   0x00002081    0x12a87 src/main.o
 .debug_macro   0x00014b08       0x43 src/main.o
 .debug_macro   0x00014b4b      0x11b src/main.o
 .debug_macro   0x00014c66     0x33ad src/main.o
 .debug_macro   0x00018013       0x52 src/main.o
 .debug_macro   0x00018065       0x35 src/main.o
 .debug_macro   0x0001809a       0x9c src/main.o
 .debug_macro   0x00018136       0x16 src/main.o
 .debug_macro   0x0001814c       0x97 src/main.o
 .debug_macro   0x000181e3      0x30d src/main.o
 .debug_macro   0x000184f0       0xfd src/main.o
 .debug_macro   0x000185ed       0x10 src/main.o
 .debug_macro   0x000185fd       0x52 src/main.o
 .debug_macro   0x0001864f       0x1f src/main.o
 .debug_macro   0x0001866e       0x43 src/main.o
 .debug_macro   0x000186b1       0x20 src/main.o
 .debug_macro   0x000186d1      0x187 src/main.o
 .debug_macro   0x00018858       0x10 src/main.o
 .debug_macro   0x00018868       0x1c src/main.o
 .debug_macro   0x00018884       0x52 src/main.o
 .debug_macro   0x000188d6       0x40 src/main.o
 .debug_macro   0x00018916       0x10 src/main.o
 .debug_macro   0x00018926       0x40 src/main.o
 .debug_macro   0x00018966       0xd7 src/main.o
 .debug_macro   0x00018a3d       0x16 src/main.o
 .debug_macro   0x00018a53      0x189 src/main.o
 .debug_macro   0x00018bdc       0x50 src/main.o
 .debug_macro   0x00018c2c      0x969 src/main.o
 .debug_macro   0x00019595      0x5fe src/main.o
 .debug_macro   0x00019b93      0x13a src/main.o
 .debug_macro   0x00019ccd      0x1fb src/main.o
 .debug_macro   0x00019ec8      0x1b5 src/main.o
 .debug_macro   0x0001a07d       0x31 src/main.o
 .debug_macro   0x0001a0ae       0x3c src/main.o
 .debug_macro   0x0001a0ea      0x23a src/main.o
 .debug_macro   0x0001a324      0x9bf src/main.o
 .debug_macro   0x0001ace3       0x77 src/main.o
 .debug_macro   0x0001ad5a      0x36e src/main.o
 .debug_macro   0x0001b0c8       0x65 src/main.o
 .debug_macro   0x0001b12d      0x58d src/main.o
 .debug_macro   0x0001b6ba       0x12 src/main.o
 .debug_macro   0x0001b6cc       0xc7 src/main.o
 .debug_macro   0x0001b793       0x4d src/main.o
 .debug_macro   0x0001b7e0       0x12 src/main.o
 .debug_macro   0x0001b7f2      0x174 src/main.o
 .debug_macro   0x0001b966       0x62 src/main.o
 .debug_macro   0x0001b9c8       0xcb src/main.o
 .debug_macro   0x0001ba93      0x22b src/main.o
 .debug_macro   0x0001bcbe      0x202 src/main.o
 .debug_macro   0x0001bec0       0x4f src/main.o
 .debug_macro   0x0001bf0f       0x90 src/main.o
 .debug_macro   0x0001bf9f      0x1ca src/main.o
 .debug_macro   0x0001c169       0x40 src/main.o
 .debug_macro   0x0001c1a9      0x256 src/main.o
 .debug_macro   0x0001c3ff       0x2a src/main.o
 .debug_macro   0x0001c429       0x87 src/main.o
 .debug_macro   0x0001c4b0      0x17d src/main.o
 .debug_macro   0x0001c62d       0x28 src/main.o
 .debug_macro   0x0001c655      0x265 src/main.o
 .debug_macro   0x0001c8ba       0x82 src/main.o
 .debug_macro   0x0001c93c       0xd4 src/main.o
 .debug_macro   0x0001ca10      0x30c src/main.o
 .debug_macro   0x0001cd1c      0x3e3 src/main.o
 .debug_macro   0x0001d0ff       0xeb src/main.o
 .debug_macro   0x0001d1ea      0x391 src/main.o
 .debug_macro   0x0001d57b       0x10 src/main.o
 .debug_macro   0x0001d58b      0x32c src/main.o
 .debug_macro   0x0001d8b7      0x2e2 src/main.o
 .debug_macro   0x0001db99      0x685 src/main.o
 .debug_macro   0x0001e21e      0x37c src/main.o
 .debug_macro   0x0001e59a      0x46a src/main.o
 .debug_macro   0x0001ea04      0x55f src/main.o
 .debug_macro   0x0001ef63       0x2b src/main.o
 .debug_macro   0x0001ef8e      0x256 src/main.o
 .debug_macro   0x0001f1e4       0x2b src/main.o
 .debug_macro   0x0001f20f       0x89 src/main.o
 .debug_macro   0x0001f298      0x26e src/main.o
 .debug_macro   0x0001f506      0x29e src/main.o
 .debug_macro   0x0001f7a4      0x134 src/main.o
 .debug_macro   0x0001f8d8      0x478 src/stm32f3xx_it.o
 .debug_macro   0x0001fd50      0x462 src/system_stm32f3xx.o
 .debug_macro   0x000201b2      0x480 C:\Users\simu29\workspace\stm32f3discovery_hal_lib\Debug\libstm32f3discovery_hal_lib.a(stm32f3xx_hal.o)
 .debug_macro   0x00020632      0x89e C:\Users\simu29\workspace\stm32f3discovery_hal_lib\Debug\libstm32f3discovery_hal_lib.a(stm32f3xx_hal.o)
 .debug_macro   0x00020ed0      0x45c C:\Users\simu29\workspace\stm32f3discovery_hal_lib\Debug\libstm32f3discovery_hal_lib.a(stm32f3xx_hal_cortex.o)
 .debug_macro   0x0002132c      0x489 C:\Users\simu29\workspace\stm32f3discovery_hal_lib\Debug\libstm32f3discovery_hal_lib.a(stm32f3_discovery.o)
 .debug_macro   0x000217b5      0x298 C:\Users\simu29\workspace\stm32f3discovery_hal_lib\Debug\libstm32f3discovery_hal_lib.a(stm32f3_discovery.o)
 .debug_macro   0x00021a4d      0x494 C:\Users\simu29\workspace\stm32f3discovery_hal_lib\Debug\libstm32f3discovery_hal_lib.a(stm32f3xx_hal_gpio.o)

.debug_line     0x00000000     0x597f
 .debug_line    0x00000000      0xc1c src/main.o
 .debug_line    0x00000c1c      0xc1d src/stm32f3xx_it.o
 .debug_line    0x00001839      0xb72 src/system_stm32f3xx.o
 .debug_line    0x000023ab       0x7f startup/startup_stm32f303xc.o
 .debug_line    0x0000242a      0xca0 C:\Users\simu29\workspace\stm32f3discovery_hal_lib\Debug\libstm32f3discovery_hal_lib.a(stm32f3xx_hal.o)
 .debug_line    0x000030ca      0xe16 C:\Users\simu29\workspace\stm32f3discovery_hal_lib\Debug\libstm32f3discovery_hal_lib.a(stm32f3xx_hal_cortex.o)
 .debug_line    0x00003ee0      0xdd0 C:\Users\simu29\workspace\stm32f3discovery_hal_lib\Debug\libstm32f3discovery_hal_lib.a(stm32f3_discovery.o)
 .debug_line    0x00004cb0      0xccf C:\Users\simu29\workspace\stm32f3discovery_hal_lib\Debug\libstm32f3discovery_hal_lib.a(stm32f3xx_hal_gpio.o)

.debug_str      0x00000000    0xd9bab
 .debug_str     0x00000000    0xd87ae src/main.o
                              0xd8ba1 (size before relaxing)
 .debug_str     0x000d87ae       0x94 src/stm32f3xx_it.o
                              0xd869f (size before relaxing)
 .debug_str     0x000d8842       0xd8 src/system_stm32f3xx.o
                              0xd6ec7 (size before relaxing)
 .debug_str     0x000d891a      0x2f8 C:\Users\simu29\workspace\stm32f3discovery_hal_lib\Debug\libstm32f3discovery_hal_lib.a(stm32f3xx_hal.o)
                              0xd75b5 (size before relaxing)
 .debug_str     0x000d8c12      0x315 C:\Users\simu29\workspace\stm32f3discovery_hal_lib\Debug\libstm32f3discovery_hal_lib.a(stm32f3xx_hal_cortex.o)
                              0xd76f0 (size before relaxing)
 .debug_str     0x000d8f27      0xa58 C:\Users\simu29\workspace\stm32f3discovery_hal_lib\Debug\libstm32f3discovery_hal_lib.a(stm32f3_discovery.o)
                              0xd904d (size before relaxing)
 .debug_str     0x000d997f      0x22c C:\Users\simu29\workspace\stm32f3discovery_hal_lib\Debug\libstm32f3discovery_hal_lib.a(stm32f3xx_hal_gpio.o)
                              0xd7129 (size before relaxing)

.comment        0x00000000       0x6e
 .comment       0x00000000       0x6e src/main.o
                                 0x6f (size before relaxing)
 .comment       0x0000006e       0x6f src/stm32f3xx_it.o
 .comment       0x0000006e       0x6f src/system_stm32f3xx.o
 .comment       0x0000006e       0x6f C:\Users\simu29\workspace\stm32f3discovery_hal_lib\Debug\libstm32f3discovery_hal_lib.a(stm32f3xx_hal.o)
 .comment       0x0000006e       0x6f C:\Users\simu29\workspace\stm32f3discovery_hal_lib\Debug\libstm32f3discovery_hal_lib.a(stm32f3xx_hal_cortex.o)
 .comment       0x0000006e       0x6f C:\Users\simu29\workspace\stm32f3discovery_hal_lib\Debug\libstm32f3discovery_hal_lib.a(stm32f3_discovery.o)
 .comment       0x0000006e       0x6f C:\Users\simu29\workspace\stm32f3discovery_hal_lib\Debug\libstm32f3discovery_hal_lib.a(stm32f3xx_hal_gpio.o)

.debug_frame    0x00000000      0xd78
 .debug_frame   0x00000000       0x78 src/main.o
 .debug_frame   0x00000078       0x70 src/stm32f3xx_it.o
 .debug_frame   0x000000e8       0x58 src/system_stm32f3xx.o
 .debug_frame   0x00000140      0x270 C:\Users\simu29\workspace\stm32f3discovery_hal_lib\Debug\libstm32f3discovery_hal_lib.a(stm32f3xx_hal.o)
 .debug_frame   0x000003b0      0x450 C:\Users\simu29\workspace\stm32f3discovery_hal_lib\Debug\libstm32f3discovery_hal_lib.a(stm32f3xx_hal_cortex.o)
 .debug_frame   0x00000800      0x328 C:\Users\simu29\workspace\stm32f3discovery_hal_lib\Debug\libstm32f3discovery_hal_lib.a(stm32f3_discovery.o)
 .debug_frame   0x00000b28      0x14c C:\Users\simu29\workspace\stm32f3discovery_hal_lib\Debug\libstm32f3discovery_hal_lib.a(stm32f3xx_hal_gpio.o)
 .debug_frame   0x00000c74       0x2c c:/users/administrateur/.p2/pool/plugins/fr.ac6.mcu.externaltools.arm-none.win32_1.11.0.201610101338/tools/gcc-arm-none-eabi-5_4-2016q2-20160622-win32/bin/../lib/gcc/arm-none-eabi/5.4.1/../../../../arm-none-eabi/lib/armv7e-m\libc.a(lib_a-init.o)
 .debug_frame   0x00000ca0       0x50 c:/users/administrateur/.p2/pool/plugins/fr.ac6.mcu.externaltools.arm-none.win32_1.11.0.201610101338/tools/gcc-arm-none-eabi-5_4-2016q2-20160622-win32/bin/../lib/gcc/arm-none-eabi/5.4.1/../../../../arm-none-eabi/lib/armv7e-m\libc.a(lib_a-__call_atexit.o)
 .debug_frame   0x00000cf0       0x20 c:/users/administrateur/.p2/pool/plugins/fr.ac6.mcu.externaltools.arm-none.win32_1.11.0.201610101338/tools/gcc-arm-none-eabi-5_4-2016q2-20160622-win32/bin/../lib/gcc/arm-none-eabi/5.4.1/../../../../arm-none-eabi/lib/armv7e-m\libc.a(lib_a-atexit.o)
 .debug_frame   0x00000d10       0x34 c:/users/administrateur/.p2/pool/plugins/fr.ac6.mcu.externaltools.arm-none.win32_1.11.0.201610101338/tools/gcc-arm-none-eabi-5_4-2016q2-20160622-win32/bin/../lib/gcc/arm-none-eabi/5.4.1/../../../../arm-none-eabi/lib/armv7e-m\libc.a(lib_a-fini.o)
 .debug_frame   0x00000d44       0x34 c:/users/administrateur/.p2/pool/plugins/fr.ac6.mcu.externaltools.arm-none.win32_1.11.0.201610101338/tools/gcc-arm-none-eabi-5_4-2016q2-20160622-win32/bin/../lib/gcc/arm-none-eabi/5.4.1/../../../../arm-none-eabi/lib/armv7e-m\libc.a(lib_a-__atexit.o)
