Archive member included to satisfy reference by file (symbol)

C:\Users\simu29\workspace\stm32f3discovery_hal_lib\Debug\libstm32f3discovery_hal_lib.a(stm32f3xx_hal.o)
                              src/main.o (HAL_Init)
C:\Users\simu29\workspace\stm32f3discovery_hal_lib\Debug\libstm32f3discovery_hal_lib.a(stm32f3xx_hal_cortex.o)
                              C:\Users\simu29\workspace\stm32f3discovery_hal_lib\Debug\libstm32f3discovery_hal_lib.a(stm32f3xx_hal.o) (HAL_NVIC_SetPriorityGrouping)
C:\Users\simu29\workspace\stm32f3discovery_hal_lib\Debug\libstm32f3discovery_hal_lib.a(stm32f3xx_hal_gpio.o)
                              src/usbd_conf.o (HAL_GPIO_Init)
C:\Users\simu29\workspace\stm32f3discovery_hal_lib\Debug\libstm32f3discovery_hal_lib.a(stm32f3xx_hal_pcd.o)
                              src/usbd_conf.o (HAL_PCD_Init)
C:\Users\simu29\workspace\stm32f3discovery_hal_lib\Debug\libstm32f3discovery_hal_lib.a(stm32f3xx_hal_pcd_ex.o)
                              src/usbd_conf.o (HAL_PCDEx_PMAConfig)
C:\Users\simu29\workspace\stm32f3discovery_hal_lib\Debug\libstm32f3discovery_hal_lib.a(stm32f3xx_hal_rcc.o)
                              src/main.o (HAL_RCC_OscConfig)
C:\Users\simu29\workspace\stm32f3discovery_hal_lib\Debug\libstm32f3discovery_hal_lib.a(stm32f3xx_hal_rcc_ex.o)
                              src/main.o (HAL_RCCEx_PeriphCLKConfig)
C:\Users\simu29\workspace\stm32f3discovery_hal_lib\Debug\libstm32f3discovery_hal_lib.a(stm32f3_discovery.o)
                              src/main.o (BSP_LED_Init)
C:\Users\simu29\workspace\stm32f3discovery_hal_lib\Debug\libstm32f3discovery_hal_lib.a(stm32f3_discovery_accelerometer.o)
                              src/main.o (BSP_ACCELERO_Init)
C:\Users\simu29\workspace\stm32f3discovery_hal_lib\Debug\libstm32f3discovery_hal_lib.a(stm32f3_discovery_gyroscope.o)
                              src/main.o (BSP_GYRO_Init)
C:\Users\simu29\workspace\stm32f3discovery_hal_lib\Debug\libstm32f3discovery_hal_lib.a(stm32f3xx_hal_i2c.o)
                              C:\Users\simu29\workspace\stm32f3discovery_hal_lib\Debug\libstm32f3discovery_hal_lib.a(stm32f3_discovery.o) (HAL_I2C_Init)
C:\Users\simu29\workspace\stm32f3discovery_hal_lib\Debug\libstm32f3discovery_hal_lib.a(stm32f3xx_hal_spi.o)
                              C:\Users\simu29\workspace\stm32f3discovery_hal_lib\Debug\libstm32f3discovery_hal_lib.a(stm32f3_discovery.o) (HAL_SPI_Init)
C:\Users\simu29\workspace\stm32f3discovery_hal_lib\Debug\libstm32f3discovery_hal_lib.a(l3gd20.o)
                              C:\Users\simu29\workspace\stm32f3discovery_hal_lib\Debug\libstm32f3discovery_hal_lib.a(stm32f3_discovery_gyroscope.o) (L3gd20Drv)
C:\Users\simu29\workspace\stm32f3discovery_hal_lib\Debug\libstm32f3discovery_hal_lib.a(lsm303dlhc.o)
                              C:\Users\simu29\workspace\stm32f3discovery_hal_lib\Debug\libstm32f3discovery_hal_lib.a(stm32f3_discovery_accelerometer.o) (Lsm303dlhcDrv)
C:\Users\simu29\workspace\stm32f3discovery_hal_lib\Debug\libstm32f3discovery_hal_lib.a(stm32f3xx_hal_dma.o)
                              C:\Users\simu29\workspace\stm32f3discovery_hal_lib\Debug\libstm32f3discovery_hal_lib.a(stm32f3xx_hal_i2c.o) (HAL_DMA_Start_IT)
c:/users/administrateur/.p2/pool/plugins/fr.ac6.mcu.externaltools.arm-none.win32_1.11.0.201610101338/tools/gcc-arm-none-eabi-5_4-2016q2-20160622-win32/bin/../lib/gcc/arm-none-eabi/5.4.1/armv7e-m\libgcc.a(_arm_addsubsf3.o)
                              src/selftest.o (__aeabi_i2f)
c:/users/administrateur/.p2/pool/plugins/fr.ac6.mcu.externaltools.arm-none.win32_1.11.0.201610101338/tools/gcc-arm-none-eabi-5_4-2016q2-20160622-win32/bin/../lib/gcc/arm-none-eabi/5.4.1/armv7e-m\libgcc.a(_arm_muldivsf3.o)
                              C:\Users\simu29\workspace\stm32f3discovery_hal_lib\Debug\libstm32f3discovery_hal_lib.a(l3gd20.o) (__aeabi_fmul)
c:/users/administrateur/.p2/pool/plugins/fr.ac6.mcu.externaltools.arm-none.win32_1.11.0.201610101338/tools/gcc-arm-none-eabi-5_4-2016q2-20160622-win32/bin/../lib/gcc/arm-none-eabi/5.4.1/armv7e-m\libgcc.a(_arm_cmpsf2.o)
                              src/selftest.o (__aeabi_fcmplt)
c:/users/administrateur/.p2/pool/plugins/fr.ac6.mcu.externaltools.arm-none.win32_1.11.0.201610101338/tools/gcc-arm-none-eabi-5_4-2016q2-20160622-win32/bin/../lib/gcc/arm-none-eabi/5.4.1/armv7e-m\libgcc.a(_arm_fixsfsi.o)
                              src/selftest.o (__aeabi_f2iz)
c:/users/administrateur/.p2/pool/plugins/fr.ac6.mcu.externaltools.arm-none.win32_1.11.0.201610101338/tools/gcc-arm-none-eabi-5_4-2016q2-20160622-win32/bin/../lib/gcc/arm-none-eabi/5.4.1/../../../../arm-none-eabi/lib/armv7e-m\libc.a(lib_a-errno.o)
                              src/syscalls.o (__errno)
c:/users/administrateur/.p2/pool/plugins/fr.ac6.mcu.externaltools.arm-none.win32_1.11.0.201610101338/tools/gcc-arm-none-eabi-5_4-2016q2-20160622-win32/bin/../lib/gcc/arm-none-eabi/5.4.1/../../../../arm-none-eabi/lib/armv7e-m\libc.a(lib_a-exit.o)
[...]
Memory Configuration

Name             Origin             Length             Attributes
FLASH            0x08000000         0x00040000         xr
RAM              0x20000000         0x0000a000         xrw
CCMRAM           0x10000000         0x00002000         rw
*default*        0x00000000         0xffffffff

Linker script and memory map

LOAD c:/users/administrateur/.p2/pool/plugins/fr.ac6.mcu.externaltools.arm-none.win32_1.11.0.201610101338/tools/gcc-arm-none-eabi-5_4-2016q2-20160622-win32/bin/../lib/gcc/arm-none-eabi/5.4.1/armv7e-m/crti.o
LOAD c:/users/administrateur/.p2/pool/plugins/fr.ac6.mcu.externaltools.arm-none.win32_1.11.0.201610101338/tools/gcc-arm-none-eabi-5_4-2016q2-20160622-win32/bin/../lib/gcc/arm-none-eabi/5.4.1/armv7e-m/crtbegin.o
LOAD c:/users/administrateur/.p2/pool/plugins/fr.ac6.mcu.externaltools.arm-none.win32_1.11.0.201610101338/tools/gcc-arm-none-eabi-5_4-2016q2-20160622-win32/bin/../lib/gcc/arm-none-eabi/5.4.1/../../../../arm-none-eabi/lib/armv7e-m/crt0.o
LOAD c:/users/administrateur/.p2/pool/plugins/fr.ac6.mcu.externaltools.arm-none.win32_1.11.0.201610101338/tools/gcc-arm-none-eabi-5_4-2016q2-20160622-win32/bin/../lib/gcc/arm-none-eabi/5.4.1/../../../../arm-none-eabi/lib/armv7e-m\libm.a
LOAD src/main.o
LOAD src/selftest.o
LOAD src/stm32f3xx_it.o
LOAD src/syscalls.o
LOAD src/system_stm32f3xx.o
LOAD src/usbd_conf.o
LOAD src/usbd_core.o
LOAD src/usbd_ctlreq.o
LOAD src/usbd_desc.o
LOAD src/usbd_hid.o
LOAD src/usbd_ioreq.o
LOAD startup/startup_stm32f303xc.o
LOAD C:\Users\simu29\workspace\stm32f3discovery_hal_lib\Debug\libstm32f3discovery_hal_lib.a
START GROUP
LOAD c:/users/administrateur/.p2/pool/plugins/fr.ac6.mcu.externaltools.arm-none.win32_1.11.0.201610101338/tools/gcc-arm-none-eabi-5_4-2016q2-20160622-win32/bin/../lib/gcc/arm-none-eabi/5.4.1/armv7e-m\libgcc.a
LOAD c:/users/administrateur/.p2/pool/plugins/fr.ac6.mcu.externaltools.arm-none.win32_1.11.0.201610101338/tools/gcc-arm-none-eabi-5_4-2016q2-20160622-win32/bin/../lib/gcc/arm-none-eabi/5.4.1/../../../../arm-none-eabi/lib/armv7e-m\libc.a
END GROUP
LOAD c:/users/administrateur/.p2/pool/plugins/fr.ac6.mcu.externaltools.arm-none.win32_1.11.0.201610101338/tools/gcc-arm-none-eabi-5_4-2016q2-20160622-win32/bin/../lib/gcc/arm-none-eabi/5.4.1/armv7e-m/crtend.o
LOAD c:/users/administrateur/.p2/pool/plugins/fr.ac6.mcu.externaltools.arm-none.win32_1.11.0.201610101338/tools/gcc-arm-none-eabi-5_4-2016q2-20160622-win32/bin/../lib/gcc/arm-none-eabi/5.4.1/armv7e-m/crtn.o
                0x2000a000                _estack = 0x2000a000
                0x00000200                _Min_Heap_Size = 0x200
                0x00000400                _Min_Stack_Size = 0x400

.isr_vector     0x08000000      0x188
                0x08000000                . = ALIGN (0x4)
 *(.isr_vector)
 .isr_vector    0x08000000      0x188 startup/startup_stm32f303xc.o
                0x08000000                g_pfnVectors
                0x08000188                . = ALIGN (0x4)

.text           0x08000188     0x75c0
                0x08000188                . = ALIGN (0x4)
 *(.text)
 .text          0x08000188       0x5c c:/users/administrateur/.p2/pool/plugins/fr.ac6.mcu.externaltools.arm-none.win32_1.11.0.201610101338/tools/gcc-arm-none-eabi-5_4-2016q2-20160622-win32/bin/../lib/gcc/arm-none-eabi/5.4.1/armv7e-m/crtbegin.o
 .text          0x080001e4      0x21c c:/users/administrateur/.p2/pool/plugins/fr.ac6.mcu.externaltools.arm-none.win32_1.11.0.201610101338/tools/gcc-arm-none-eabi-5_4-2016q2-20160622-win32/bin/../lib/gcc/arm-none-eabi/5.4.1/armv7e-m\libgcc.a(_arm_addsubsf3.o)
                0x080001e4                __aeabi_frsub
                0x080001ec                __subsf3
                0x080001ec                __aeabi_fsub
                0x080001f0                __aeabi_fadd
                0x080001f0                __addsf3
                0x08000350                __aeabi_ui2f
                0x08000350                __floatunsisf
                0x08000358                __aeabi_i2f
                0x08000358                __floatsisf
                0x08000374                __aeabi_ul2f
                0x08000374                __floatundisf
                0x08000384                __aeabi_l2f
                0x08000384                __floatdisf
 .text          0x08000400      0x2a0 c:/users/administrateur/.p2/pool/plugins/fr.ac6.mcu.externaltools.arm-none.win32_1.11.0.201610101338/tools/gcc-arm-none-eabi-5_4-2016q2-20160622-win32/bin/../lib/gcc/arm-none-eabi/5.4.1/armv7e-m\libgcc.a(_arm_muldivsf3.o)
                0x08000400                __mulsf3
                0x08000400                __aeabi_fmul
                0x08000568                __aeabi_fdiv
                0x08000568                __divsf3
 .text          0x080006a0       0xec c:/users/administrateur/.p2/pool/plugins/fr.ac6.mcu.externaltools.arm-none.win32_1.11.0.201610101338/tools/gcc-arm-none-eabi-5_4-2016q2-20160622-win32/bin/../lib/gcc/arm-none-eabi/5.4.1/armv7e-m\libgcc.a(_arm_cmpsf2.o)
                0x080006a0                __gesf2
                0x080006a0                __gtsf2
                0x080006a8                __lesf2
                0x080006a8                __ltsf2
                0x080006b0                __nesf2
                0x080006b0                __eqsf2
                0x080006b0                __cmpsf2
                0x08000710                __aeabi_cfrcmple
                0x08000718                __aeabi_cfcmpeq
                0x08000718                __aeabi_cfcmple
                0x08000728                __aeabi_fcmpeq
                0x0800073c                __aeabi_fcmplt
                0x08000750                __aeabi_fcmple
                0x08000764                __aeabi_fcmpge
                0x08000778                __aeabi_fcmpgt
 *(.text*)
 .text.main     0x0800078c       0x70 src/main.o
                0x0800078c                main
 .text.Demo2    0x080007fc      0x1b8 src/main.o
 .text.SystemClock_Config
                0x080009b4       0x80 src/main.o
 .text.HAL_GPIO_EXTI_Callback
                0x08000a34       0x3c src/main.o
                0x08000a34                HAL_GPIO_EXTI_Callback
 .text.Error_Handler
                0x08000a70        0x8 src/main.o
                0x08000a70                Error_Handler
 .text.GYRO_MEMS_Test
                0x08000a78      0x19c src/selftest.o
                0x08000a78                GYRO_MEMS_Test
 .text.NMI_Handler
                0x08000c14        0xc src/stm32f3xx_it.o
                0x08000c14                NMI_Handler
 .text.HardFault_Handler
                0x08000c20        0x8 src/stm32f3xx_it.o
                0x08000c20                HardFault_Handler
 .text.MemManage_Handler
                0x08000c28        0x8 src/stm32f3xx_it.o
                0x08000c28                MemManage_Handler
 .text.BusFault_Handler
                0x08000c30        0x8 src/stm32f3xx_it.o
                0x08000c30                BusFault_Handler
 .text.UsageFault_Handler
                0x08000c38        0x8 src/stm32f3xx_it.o
                0x08000c38                UsageFault_Handler
 .text.DebugMon_Handler
                0x08000c40        0xc src/stm32f3xx_it.o
                0x08000c40                DebugMon_Handler
 .text.SVC_Handler
                0x08000c4c        0xc src/stm32f3xx_it.o
                0x08000c4c                SVC_Handler
 .text.PendSV_Handler
                0x08000c58        0xc src/stm32f3xx_it.o
                0x08000c58                PendSV_Handler
 .text.SysTick_Handler
                0x08000c64        0xc src/stm32f3xx_it.o
                0x08000c64                SysTick_Handler
 .text.USB_LP_IRQHandler
                0x08000c70       0x14 src/stm32f3xx_it.o
                0x08000c70                USB_LP_IRQHandler
 .text.USBWakeUp_RMP_IRQHandler
                0x08000c84       0x18 src/stm32f3xx_it.o
                0x08000c84                USBWakeUp_RMP_IRQHandler
 .text.EXTI0_IRQHandler
                0x08000c9c       0x10 src/stm32f3xx_it.o
                0x08000c9c                EXTI0_IRQHandler
 .text.SystemInit
                0x08000cac       0x84 src/system_stm32f3xx.o
                0x08000cac                SystemInit
 .text.HAL_PCD_MspInit
                0x08000d30       0xa0 src/usbd_conf.o
                0x08000d30                HAL_PCD_MspInit
 .text.HAL_PCD_SetupStageCallback
                0x08000dd0       0x24 src/usbd_conf.o
                0x08000dd0                HAL_PCD_SetupStageCallback
 .text.HAL_PCD_DataOutStageCallback
                0x08000df4       0x38 src/usbd_conf.o
                0x08000df4                HAL_PCD_DataOutStageCallback
 .text.HAL_PCD_DataInStageCallback
                0x08000e2c       0x34 src/usbd_conf.o
                0x08000e2c                HAL_PCD_DataInStageCallback
 .text.HAL_PCD_SOFCallback
                0x08000e60       0x1c src/usbd_conf.o
                0x08000e60                HAL_PCD_SOFCallback
 .text.HAL_PCD_ResetCallback
                0x08000e7c       0x2c src/usbd_conf.o
                0x08000e7c                HAL_PCD_ResetCallback
 .text.HAL_PCD_SuspendCallback
                0x08000ea8       0x14 src/usbd_conf.o
                0x08000ea8                HAL_PCD_SuspendCallback
 .text.HAL_PCD_ResumeCallback
                0x08000ebc       0x14 src/usbd_conf.o
                0x08000ebc                HAL_PCD_ResumeCallback
 .text.USBD_LL_Init
                0x08000ed0       0x88 src/usbd_conf.o
                0x08000ed0                USBD_LL_Init
 .text.USBD_LL_Start
                0x08000f58       0x20 src/usbd_conf.o
                0x08000f58                USBD_LL_Start
 .text.USBD_LL_OpenEP
                0x08000f78       0x34 src/usbd_conf.o
                0x08000f78                USBD_LL_OpenEP
 .text.USBD_LL_CloseEP
                0x08000fac       0x28 src/usbd_conf.o
                0x08000fac                USBD_LL_CloseEP
 .text.USBD_LL_StallEP
                0x08000fd4       0x28 src/usbd_conf.o
                0x08000fd4                USBD_LL_StallEP
 .text.USBD_LL_ClearStallEP
                0x08000ffc       0x28 src/usbd_conf.o
                0x08000ffc                USBD_LL_ClearStallEP
 .text.USBD_LL_IsStallEP
                0x08001024       0x58 src/usbd_conf.o
                0x08001024                USBD_LL_IsStallEP
 .text.USBD_LL_SetUSBAddress
                0x0800107c       0x28 src/usbd_conf.o
                0x0800107c                USBD_LL_SetUSBAddress
 .text.USBD_LL_Transmit
                0x080010a4       0x30 src/usbd_conf.o
                0x080010a4                USBD_LL_Transmit
 .text.USBD_LL_PrepareReceive
                0x080010d4       0x30 src/usbd_conf.o
                0x080010d4                USBD_LL_PrepareReceive
 .text.USBD_static_malloc
                0x08001104       0x18 src/usbd_conf.o
                0x08001104                USBD_static_malloc
 .text.USBD_static_free
                0x0800111c       0x14 src/usbd_conf.o
                0x0800111c                USBD_static_free
 .text.HAL_PCDEx_SetConnectionState
                0x08001130       0x18 src/usbd_conf.o
                0x08001130                HAL_PCDEx_SetConnectionState
 .text.USBD_Init
                0x08001148       0x58 src/usbd_core.o
                0x08001148                USBD_Init
 .text.USBD_RegisterClass
                0x080011a0       0x34 src/usbd_core.o
                0x080011a0                USBD_RegisterClass
 .text.USBD_Start
                0x080011d4       0x18 src/usbd_core.o
                0x080011d4                USBD_Start
 .text.USBD_RunTestMode
                0x080011ec       0x14 src/usbd_core.o
                0x080011ec                USBD_RunTestMode
 .text.USBD_SetClassConfig
                0x08001200       0x40 src/usbd_core.o
                0x08001200                USBD_SetClassConfig
 .text.USBD_ClrClassConfig
                0x08001240       0x28 src/usbd_core.o
                0x08001240                USBD_ClrClassConfig
 .text.USBD_LL_SetupStage
                0x08001268       0x94 src/usbd_core.o
                0x08001268                USBD_LL_SetupStage
 .text.USBD_LL_DataOutStage
                0x080012fc       0xb8 src/usbd_core.o
                0x080012fc                USBD_LL_DataOutStage
 .text.USBD_LL_DataInStage
                0x080013b4      0x120 src/usbd_core.o
                0x080013b4                USBD_LL_DataInStage
 .text.USBD_LL_Reset
                0x080014d4       0x60 src/usbd_core.o
                0x080014d4                USBD_LL_Reset
 .text.USBD_LL_SetSpeed
                0x08001534       0x20 src/usbd_core.o
                0x08001534                USBD_LL_SetSpeed
 .text.USBD_LL_SOF
                0x08001554       0x34 src/usbd_core.o
                0x08001554                USBD_LL_SOF
 .text.USBD_StdDevReq
                0x08001588       0xa0 src/usbd_ctlreq.o
                0x08001588                USBD_StdDevReq
 .text.USBD_StdItfReq
                0x08001628       0x68 src/usbd_ctlreq.o
                0x08001628                USBD_StdItfReq
 .text.USBD_StdEPReq
                0x08001690      0x1b0 src/usbd_ctlreq.o
                0x08001690                USBD_StdEPReq
 .text.USBD_GetDescriptor
                0x08001840      0x1e8 src/usbd_ctlreq.o
 .text.USBD_SetAddress
                0x08001a28       0x7c src/usbd_ctlreq.o
 .text.USBD_SetConfig
                0x08001aa4      0x110 src/usbd_ctlreq.o
 .text.USBD_GetConfig
                0x08001bb4       0x64 src/usbd_ctlreq.o
 .text.USBD_GetStatus
                0x08001c18       0x54 src/usbd_ctlreq.o
 .text.USBD_SetFeature
                0x08001c6c       0x38 src/usbd_ctlreq.o
 .text.USBD_ClrFeature
                0x08001ca4       0x50 src/usbd_ctlreq.o
 .text.USBD_ParseSetupRequest
                0x08001cf4       0x78 src/usbd_ctlreq.o
                0x08001cf4                USBD_ParseSetupRequest
 .text.USBD_CtlError
                0x08001d6c       0x24 src/usbd_ctlreq.o
                0x08001d6c                USBD_CtlError
 .text.USBD_GetString
                0x08001d90       0x88 src/usbd_ctlreq.o
                0x08001d90                USBD_GetString
 .text.USBD_GetLen
                0x08001e18       0x30 src/usbd_ctlreq.o
 .text.USBD_HID_DeviceDescriptor
                0x08001e48       0x24 src/usbd_desc.o
                0x08001e48                USBD_HID_DeviceDescriptor
 .text.USBD_HID_LangIDStrDescriptor
                0x08001e6c       0x24 src/usbd_desc.o
                0x08001e6c                USBD_HID_LangIDStrDescriptor
 .text.USBD_HID_ProductStrDescriptor
                0x08001e90       0x28 src/usbd_desc.o
                0x08001e90                USBD_HID_ProductStrDescriptor
 .text.USBD_HID_ManufacturerStrDescriptor
                0x08001eb8       0x28 src/usbd_desc.o
                0x08001eb8                USBD_HID_ManufacturerStrDescriptor
 .text.USBD_HID_SerialStrDescriptor
                0x08001ee0       0x24 src/usbd_desc.o
                0x08001ee0                USBD_HID_SerialStrDescriptor
 .text.USBD_HID_ConfigStrDescriptor
                0x08001f04       0x28 src/usbd_desc.o
                0x08001f04                USBD_HID_ConfigStrDescriptor
 .text.USBD_HID_InterfaceStrDescriptor
                0x08001f2c       0x28 src/usbd_desc.o
                0x08001f2c                USBD_HID_InterfaceStrDescriptor
 .text.Get_SerialNum
                0x08001f54       0x58 src/usbd_desc.o
 .text.IntToUnicode
                0x08001fac       0x7c src/usbd_desc.o
 .text.USBD_HID_Init
                0x08002028       0x50 src/usbd_hid.o
 .text.USBD_HID_DeInit
                0x08002078       0x3c src/usbd_hid.o
 .text.USBD_HID_Setup
                0x080020b4      0x138 src/usbd_hid.o
 .text.USBD_HID_GetCfgDesc
                0x080021ec       0x20 src/usbd_hid.o
 .text.USBD_HID_DataIn
                0x0800220c       0x24 src/usbd_hid.o
 .text.USBD_HID_GetDeviceQualifierDesc
                0x08002230       0x20 src/usbd_hid.o
 .text.USBD_CtlSendData
                0x08002250       0x38 src/usbd_ioreq.o
                0x08002250                USBD_CtlSendData
 .text.USBD_CtlContinueSendData
                0x08002288       0x24 src/usbd_ioreq.o
                0x08002288                USBD_CtlContinueSendData
 .text.USBD_CtlContinueRx
                0x080022ac       0x24 src/usbd_ioreq.o
                0x080022ac                USBD_CtlContinueRx
 .text.USBD_CtlSendStatus
                0x080022d0       0x28 src/usbd_ioreq.o
                0x080022d0                USBD_CtlSendStatus
 .text.USBD_CtlReceiveStatus
                0x080022f8       0x28 src/usbd_ioreq.o
                0x080022f8                USBD_CtlReceiveStatus
 .text.Reset_Handler
                0x08002320       0x50 startup/startup_stm32f303xc.o
                0x08002320                Reset_Handler
 .text.Default_Handler
                0x08002370        0x2 startup/startup_stm32f303xc.o
                0x08002370                RTC_Alarm_IRQHandler
                0x08002370                TIM8_TRG_COM_IRQHandler
                0x08002370                TIM8_CC_IRQHandler
                0x08002370                TIM1_CC_IRQHandler
                0x08002370                USB_HP_IRQHandler
                0x08002370                PVD_IRQHandler
                0x08002370                TAMP_STAMP_IRQHandler
                0x08002370                EXTI3_IRQHandler
                0x08002370                USB_HP_CAN_TX_IRQHandler
                0x08002370                I2C2_EV_IRQHandler
                0x08002370                FPU_IRQHandler
                0x08002370                TIM1_UP_TIM16_IRQHandler
                0x08002370                ADC1_2_IRQHandler
                0x08002370                SPI1_IRQHandler
                0x08002370                CAN_SCE_IRQHandler
                0x08002370                TIM6_DAC_IRQHandler
                0x08002370                TIM8_UP_IRQHandler
                0x08002370                DMA2_Channel2_IRQHandler
                0x08002370                DMA1_Channel4_IRQHandler
                0x08002370                USART3_IRQHandler
                0x08002370                DMA1_Channel7_IRQHandler
                0x08002370                UART5_IRQHandler
                0x08002370                ADC3_IRQHandler
                0x08002370                TIM4_IRQHandler
                0x08002370                CAN_RX1_IRQHandler
                0x08002370                DMA2_Channel1_IRQHandler
                0x08002370                I2C1_EV_IRQHandler
                0x08002370                DMA1_Channel6_IRQHandler
                0x08002370                UART4_IRQHandler
                0x08002370                DMA2_Channel4_IRQHandler
                0x08002370                TIM3_IRQHandler
                0x08002370                RCC_IRQHandler
                0x08002370                DMA1_Channel1_IRQHandler
                0x08002370                Default_Handler
                0x08002370                EXTI15_10_IRQHandler
                0x08002370                TIM7_IRQHandler
                0x08002370                EXTI9_5_IRQHandler
                0x08002370                RTC_WKUP_IRQHandler
                0x08002370                SPI2_IRQHandler
                0x08002370                USB_LP_CAN_RX0_IRQHandler
                0x08002370                DMA2_Channel5_IRQHandler
                0x08002370                DMA1_Channel5_IRQHandler
                0x08002370                EXTI4_IRQHandler
                0x08002370                TIM1_TRG_COM_TIM17_IRQHandler
                0x08002370                DMA1_Channel3_IRQHandler
                0x08002370                ADC4_IRQHandler
                0x08002370                WWDG_IRQHandler
                0x08002370                TIM2_IRQHandler
                0x08002370                COMP7_IRQHandler
                0x08002370                COMP1_2_3_IRQHandler
                0x08002370                EXTI1_IRQHandler
                0x08002370                USART2_IRQHandler
                0x08002370                COMP4_5_6_IRQHandler
                0x08002370                I2C2_ER_IRQHandler
                0x08002370                DMA1_Channel2_IRQHandler
                0x08002370                TIM8_BRK_IRQHandler
                0x08002370                FLASH_IRQHandler
                0x08002370                USART1_IRQHandler
                0x08002370                SPI3_IRQHandler
                0x08002370                I2C1_ER_IRQHandler
                0x08002370                USBWakeUp_IRQHandler
                0x08002370                DMA2_Channel3_IRQHandler
                0x08002370                EXTI2_TSC_IRQHandler
                0x08002370                TIM1_BRK_TIM15_IRQHandler
 *fill*         0x08002372        0x2 
 .text.HAL_Init
                0x08002374       0x2c C:\Users\simu29\workspace\stm32f3discovery_hal_lib\Debug\libstm32f3discovery_hal_lib.a(stm32f3xx_hal.o)
                0x08002374                HAL_Init
 .text.HAL_MspInit
                0x080023a0        0xc C:\Users\simu29\workspace\stm32f3discovery_hal_lib\Debug\libstm32f3discovery_hal_lib.a(stm32f3xx_hal.o)
                0x080023a0                HAL_MspInit
 .text.HAL_InitTick
                0x080023ac       0x38 C:\Users\simu29\workspace\stm32f3discovery_hal_lib\Debug\libstm32f3discovery_hal_lib.a(stm32f3xx_hal.o)
                0x080023ac                HAL_InitTick
 .text.HAL_IncTick
                0x080023e4       0x1c C:\Users\simu29\workspace\stm32f3discovery_hal_lib\Debug\libstm32f3discovery_hal_lib.a(stm32f3xx_hal.o)
                0x080023e4                HAL_IncTick
 .text.HAL_GetTick
                0x08002400       0x14 C:\Users\simu29\workspace\stm32f3discovery_hal_lib\Debug\libstm32f3discovery_hal_lib.a(stm32f3xx_hal.o)
                0x08002400                HAL_GetTick
 .text.HAL_Delay
                0x08002414       0x28 C:\Users\simu29\workspace\stm32f3discovery_hal_lib\Debug\libstm32f3discovery_hal_lib.a(stm32f3xx_hal.o)
                0x08002414                HAL_Delay
 .text.NVIC_SetPriorityGrouping
                0x0800243c       0x48 C:\Users\simu29\workspace\stm32f3discovery_hal_lib\Debug\libstm32f3discovery_hal_lib.a(stm32f3xx_hal_cortex.o)
 .text.NVIC_GetPriorityGrouping
                0x08002484       0x1c C:\Users\simu29\workspace\stm32f3discovery_hal_lib\Debug\libstm32f3discovery_hal_lib.a(stm32f3xx_hal_cortex.o)
 .text.NVIC_EnableIRQ
                0x080024a0       0x30 C:\Users\simu29\workspace\stm32f3discovery_hal_lib\Debug\libstm32f3discovery_hal_lib.a(stm32f3xx_hal_cortex.o)
 .text.NVIC_SetPriority
                0x080024d0       0x54 C:\Users\simu29\workspace\stm32f3discovery_hal_lib\Debug\libstm32f3discovery_hal_lib.a(stm32f3xx_hal_cortex.o)
 .text.NVIC_EncodePriority
                0x08002524       0x60 C:\Users\simu29\workspace\stm32f3discovery_hal_lib\Debug\libstm32f3discovery_hal_lib.a(stm32f3xx_hal_cortex.o)
 .text.SysTick_Config
                0x08002584       0x44 C:\Users\simu29\workspace\stm32f3discovery_hal_lib\Debug\libstm32f3discovery_hal_lib.a(stm32f3xx_hal_cortex.o)
 .text.HAL_NVIC_SetPriorityGrouping
                0x080025c8       0x18 C:\Users\simu29\workspace\stm32f3discovery_hal_lib\Debug\libstm32f3discovery_hal_lib.a(stm32f3xx_hal_cortex.o)
                0x080025c8                HAL_NVIC_SetPriorityGrouping
 .text.HAL_NVIC_SetPriority
                0x080025e0       0x38 C:\Users\simu29\workspace\stm32f3discovery_hal_lib\Debug\libstm32f3discovery_hal_lib.a(stm32f3xx_hal_cortex.o)
                0x080025e0                HAL_NVIC_SetPriority
 .text.HAL_NVIC_EnableIRQ
                0x08002618       0x1c C:\Users\simu29\workspace\stm32f3discovery_hal_lib\Debug\libstm32f3discovery_hal_lib.a(stm32f3xx_hal_cortex.o)
                0x08002618                HAL_NVIC_EnableIRQ
 .text.HAL_SYSTICK_Config
                0x08002634       0x18 C:\Users\simu29\workspace\stm32f3discovery_hal_lib\Debug\libstm32f3discovery_hal_lib.a(stm32f3xx_hal_cortex.o)
                0x08002634                HAL_SYSTICK_Config
 .text.HAL_GPIO_Init
                0x0800264c      0x2f8 C:\Users\simu29\workspace\stm32f3discovery_hal_lib\Debug\libstm32f3discovery_hal_lib.a(stm32f3xx_hal_gpio.o)
                0x0800264c                HAL_GPIO_Init
 .text.HAL_GPIO_ReadPin
                0x08002944       0x30 C:\Users\simu29\workspace\stm32f3discovery_hal_lib\Debug\libstm32f3discovery_hal_lib.a(stm32f3xx_hal_gpio.o)
                0x08002944                HAL_GPIO_ReadPin
 .text.HAL_GPIO_WritePin
                0x08002974       0x30 C:\Users\simu29\workspace\stm32f3discovery_hal_lib\Debug\libstm32f3discovery_hal_lib.a(stm32f3xx_hal_gpio.o)
                0x08002974                HAL_GPIO_WritePin
 .text.HAL_GPIO_EXTI_IRQHandler
                0x080029a4       0x30 C:\Users\simu29\workspace\stm32f3discovery_hal_lib\Debug\libstm32f3discovery_hal_lib.a(stm32f3xx_hal_gpio.o)
                0x080029a4                HAL_GPIO_EXTI_IRQHandler
 .text.HAL_PCD_Init
                0x080029d4      0x1c0 C:\Users\simu29\workspace\stm32f3discovery_hal_lib\Debug\libstm32f3discovery_hal_lib.a(stm32f3xx_hal_pcd.o)
                0x080029d4                HAL_PCD_Init
 .text.HAL_PCD_Start
                0x08002b94       0x1c C:\Users\simu29\workspace\stm32f3discovery_hal_lib\Debug\libstm32f3discovery_hal_lib.a(stm32f3xx_hal_pcd.o)
                0x08002b94                HAL_PCD_Start
 .text.PCD_EP_ISR_Handler
                0x08002bb0      0x668 C:\Users\simu29\workspace\stm32f3discovery_hal_lib\Debug\libstm32f3discovery_hal_lib.a(stm32f3xx_hal_pcd.o)
 .text.HAL_PCD_IRQHandler
                0x08003218      0x1dc C:\Users\simu29\workspace\stm32f3discovery_hal_lib\Debug\libstm32f3discovery_hal_lib.a(stm32f3xx_hal_pcd.o)
                0x08003218                HAL_PCD_IRQHandler
 .text.HAL_PCD_SetAddress
                0x080033f4       0x50 C:\Users\simu29\workspace\stm32f3discovery_hal_lib\Debug\libstm32f3discovery_hal_lib.a(stm32f3xx_hal_pcd.o)
                0x080033f4                HAL_PCD_SetAddress
 .text.HAL_PCD_EP_Open
                0x08003444      0x730 C:\Users\simu29\workspace\stm32f3discovery_hal_lib\Debug\libstm32f3discovery_hal_lib.a(stm32f3xx_hal_pcd.o)
                0x08003444                HAL_PCD_EP_Open
 .text.HAL_PCD_EP_Close
                0x08003b74      0x430 C:\Users\simu29\workspace\stm32f3discovery_hal_lib\Debug\libstm32f3discovery_hal_lib.a(stm32f3xx_hal_pcd.o)
                0x08003b74                HAL_PCD_EP_Close
 .text.HAL_PCD_EP_Receive
                0x08003fa4      0x228 C:\Users\simu29\workspace\stm32f3discovery_hal_lib\Debug\libstm32f3discovery_hal_lib.a(stm32f3xx_hal_pcd.o)
                0x08003fa4                HAL_PCD_EP_Receive
 .text.HAL_PCD_EP_Transmit
                0x080041cc      0x1e8 C:\Users\simu29\workspace\stm32f3discovery_hal_lib\Debug\libstm32f3discovery_hal_lib.a(stm32f3xx_hal_pcd.o)
                0x080041cc                HAL_PCD_EP_Transmit
 .text.HAL_PCD_EP_SetStall
                0x080043b4      0x150 C:\Users\simu29\workspace\stm32f3discovery_hal_lib\Debug\libstm32f3discovery_hal_lib.a(stm32f3xx_hal_pcd.o)
                0x080043b4                HAL_PCD_EP_SetStall
 .text.HAL_PCD_EP_ClrStall
                0x08004504      0x1bc C:\Users\simu29\workspace\stm32f3discovery_hal_lib\Debug\libstm32f3discovery_hal_lib.a(stm32f3xx_hal_pcd.o)
                0x08004504                HAL_PCD_EP_ClrStall
 .text.HAL_PCDEx_PMAConfig
                0x080046c0       0x88 C:\Users\simu29\workspace\stm32f3discovery_hal_lib\Debug\libstm32f3discovery_hal_lib.a(stm32f3xx_hal_pcd_ex.o)
                0x080046c0                HAL_PCDEx_PMAConfig
 .text.PCD_WritePMA
                0x08004748       0x7c C:\Users\simu29\workspace\stm32f3discovery_hal_lib\Debug\libstm32f3discovery_hal_lib.a(stm32f3xx_hal_pcd_ex.o)
                0x08004748                PCD_WritePMA
 .text.PCD_ReadPMA
                0x080047c4       0x64 C:\Users\simu29\workspace\stm32f3discovery_hal_lib\Debug\libstm32f3discovery_hal_lib.a(stm32f3xx_hal_pcd_ex.o)
                0x080047c4                PCD_ReadPMA
 .text.HAL_RCC_OscConfig
                0x08004828     0x1184 C:\Users\simu29\workspace\stm32f3discovery_hal_lib\Debug\libstm32f3discovery_hal_lib.a(stm32f3xx_hal_rcc.o)
                0x08004828                HAL_RCC_OscConfig
 .text.HAL_RCC_ClockConfig
                0x080059ac      0x3f8 C:\Users\simu29\workspace\stm32f3discovery_hal_lib\Debug\libstm32f3discovery_hal_lib.a(stm32f3xx_hal_rcc.o)
                0x080059ac                HAL_RCC_ClockConfig
 .text.HAL_RCC_GetSysClockFreq
                0x08005da4       0xd0 C:\Users\simu29\workspace\stm32f3discovery_hal_lib\Debug\libstm32f3discovery_hal_lib.a(stm32f3xx_hal_rcc.o)
                0x08005da4                HAL_RCC_GetSysClockFreq
 .text.HAL_RCCEx_PeriphCLKConfig
                0x08005e74      0x39c C:\Users\simu29\workspace\stm32f3discovery_hal_lib\Debug\libstm32f3discovery_hal_lib.a(stm32f3xx_hal_rcc_ex.o)
                0x08005e74                HAL_RCCEx_PeriphCLKConfig
 .text.HAL_RCCEx_GetPeriphCLKConfig
                0x08006210      0x128 C:\Users\simu29\workspace\stm32f3discovery_hal_lib\Debug\libstm32f3discovery_hal_lib.a(stm32f3xx_hal_rcc_ex.o)
                0x08006210                HAL_RCCEx_GetPeriphCLKConfig
 .text.BSP_LED_Init
                0x08006338      0x160 C:\Users\simu29\workspace\stm32f3discovery_hal_lib\Debug\libstm32f3discovery_hal_lib.a(stm32f3_discovery.o)
                0x08006338                BSP_LED_Init
 .text.BSP_LED_On
                0x08006498       0x34 C:\Users\simu29\workspace\stm32f3discovery_hal_lib\Debug\libstm32f3discovery_hal_lib.a(stm32f3_discovery.o)
                0x08006498                BSP_LED_On
 .text.BSP_LED_Off
                0x080064cc       0x34 C:\Users\simu29\workspace\stm32f3discovery_hal_lib\Debug\libstm32f3discovery_hal_lib.a(stm32f3_discovery.o)
                0x080064cc                BSP_LED_Off
 .text.BSP_PB_Init
                0x08006500       0xc8 C:\Users\simu29\workspace\stm32f3discovery_hal_lib\Debug\libstm32f3discovery_hal_lib.a(stm32f3_discovery.o)
                0x08006500                BSP_PB_Init
 .text.BSP_PB_GetState
                0x080065c8       0x2c C:\Users\simu29\workspace\stm32f3discovery_hal_lib\Debug\libstm32f3discovery_hal_lib.a(stm32f3_discovery.o)
                0x080065c8                BSP_PB_GetState
 .text.SPIx_Init
                0x080065f4       0x78 C:\Users\simu29\workspace\stm32f3discovery_hal_lib\Debug\libstm32f3discovery_hal_lib.a(stm32f3_discovery.o)
 .text.SPIx_WriteRead
                0x0800666c       0x40 C:\Users\simu29\workspace\stm32f3discovery_hal_lib\Debug\libstm32f3discovery_hal_lib.a(stm32f3_discovery.o)
 .text.SPIx_Error
                0x080066ac       0x18 C:\Users\simu29\workspace\stm32f3discovery_hal_lib\Debug\libstm32f3discovery_hal_lib.a(stm32f3_discovery.o)
 .text.SPIx_MspInit
                0x080066c4       0x68 C:\Users\simu29\workspace\stm32f3discovery_hal_lib\Debug\libstm32f3discovery_hal_lib.a(stm32f3_discovery.o)
 .text.GYRO_IO_Init
                0x0800672c       0x8c C:\Users\simu29\workspace\stm32f3discovery_hal_lib\Debug\libstm32f3discovery_hal_lib.a(stm32f3_discovery.o)
                0x0800672c                GYRO_IO_Init
 .text.GYRO_IO_Write
                0x080067b8       0x64 C:\Users\simu29\workspace\stm32f3discovery_hal_lib\Debug\libstm32f3discovery_hal_lib.a(stm32f3_discovery.o)
                0x080067b8                GYRO_IO_Write
 .text.GYRO_IO_Read
                0x0800681c       0x74 C:\Users\simu29\workspace\stm32f3discovery_hal_lib\Debug\libstm32f3discovery_hal_lib.a(stm32f3_discovery.o)
                0x0800681c                GYRO_IO_Read
 .text.BSP_GYRO_Init
                0x08006890       0xcc C:\Users\simu29\workspace\stm32f3discovery_hal_lib\Debug\libstm32f3discovery_hal_lib.a(stm32f3_discovery_gyroscope.o)
                0x08006890                BSP_GYRO_Init
 .text.BSP_GYRO_GetXYZ
                0x0800695c       0x28 C:\Users\simu29\workspace\stm32f3discovery_hal_lib\Debug\libstm32f3discovery_hal_lib.a(stm32f3_discovery_gyroscope.o)
                0x0800695c                BSP_GYRO_GetXYZ
 .text.HAL_SPI_Init
                0x08006984      0x12c C:\Users\simu29\workspace\stm32f3discovery_hal_lib\Debug\libstm32f3discovery_hal_lib.a(stm32f3xx_hal_spi.o)
                0x08006984                HAL_SPI_Init
 .text.HAL_SPI_DeInit
                0x08006ab0       0x50 C:\Users\simu29\workspace\stm32f3discovery_hal_lib\Debug\libstm32f3discovery_hal_lib.a(stm32f3xx_hal_spi.o)
                0x08006ab0                HAL_SPI_DeInit
 .text.HAL_SPI_MspInit
                0x08006b00       0x14 C:\Users\simu29\workspace\stm32f3discovery_hal_lib\Debug\libstm32f3discovery_hal_lib.a(stm32f3xx_hal_spi.o)
                0x08006b00                HAL_SPI_MspInit
 .text.HAL_SPI_MspDeInit
                0x08006b14       0x14 C:\Users\simu29\workspace\stm32f3discovery_hal_lib\Debug\libstm32f3discovery_hal_lib.a(stm32f3xx_hal_spi.o)
                0x08006b14                HAL_SPI_MspDeInit
 .text.HAL_SPI_TransmitReceive
                0x08006b28      0x4a4 C:\Users\simu29\workspace\stm32f3discovery_hal_lib\Debug\libstm32f3discovery_hal_lib.a(stm32f3xx_hal_spi.o)
                0x08006b28                HAL_SPI_TransmitReceive
 .text.HAL_SPI_GetState
                0x08006fcc       0x1c C:\Users\simu29\workspace\stm32f3discovery_hal_lib\Debug\libstm32f3discovery_hal_lib.a(stm32f3xx_hal_spi.o)
                0x08006fcc                HAL_SPI_GetState
 .text.SPI_WaitFlagStateUntilTimeout
                0x08006fe8       0xcc C:\Users\simu29\workspace\stm32f3discovery_hal_lib\Debug\libstm32f3discovery_hal_lib.a(stm32f3xx_hal_spi.o)
 .text.SPI_WaitFifoStateUntilTimeout
                0x080070b4       0xe8 C:\Users\simu29\workspace\stm32f3discovery_hal_lib\Debug\libstm32f3discovery_hal_lib.a(stm32f3xx_hal_spi.o)
 .text.SPI_EndRxTxTransaction
                0x0800719c       0x5c C:\Users\simu29\workspace\stm32f3discovery_hal_lib\Debug\libstm32f3discovery_hal_lib.a(stm32f3xx_hal_spi.o)
 .text.L3GD20_Init
                0x080071f8       0x48 C:\Users\simu29\workspace\stm32f3discovery_hal_lib\Debug\libstm32f3discovery_hal_lib.a(l3gd20.o)
                0x080071f8                L3GD20_Init
 .text.L3GD20_DeInit
                0x08007240        0xc C:\Users\simu29\workspace\stm32f3discovery_hal_lib\Debug\libstm32f3discovery_hal_lib.a(l3gd20.o)
                0x08007240                L3GD20_DeInit
 .text.L3GD20_ReadID
                0x0800724c       0x20 C:\Users\simu29\workspace\stm32f3discovery_hal_lib\Debug\libstm32f3discovery_hal_lib.a(l3gd20.o)
                0x0800724c                L3GD20_ReadID
 .text.L3GD20_RebootCmd
                0x0800726c       0x30 C:\Users\simu29\workspace\stm32f3discovery_hal_lib\Debug\libstm32f3discovery_hal_lib.a(l3gd20.o)
                0x0800726c                L3GD20_RebootCmd
 .text.L3GD20_LowPower
                0x0800729c       0x2c C:\Users\simu29\workspace\stm32f3discovery_hal_lib\Debug\libstm32f3discovery_hal_lib.a(l3gd20.o)
                0x0800729c                L3GD20_LowPower
 .text.L3GD20_INT1InterruptConfig
                0x080072c8       0x88 C:\Users\simu29\workspace\stm32f3discovery_hal_lib\Debug\libstm32f3discovery_hal_lib.a(l3gd20.o)
                0x080072c8                L3GD20_INT1InterruptConfig
 .text.L3GD20_EnableIT
                0x08007350       0x64 C:\Users\simu29\workspace\stm32f3discovery_hal_lib\Debug\libstm32f3discovery_hal_lib.a(l3gd20.o)
                0x08007350                L3GD20_EnableIT
 .text.L3GD20_DisableIT
                0x080073b4       0x58 C:\Users\simu29\workspace\stm32f3discovery_hal_lib\Debug\libstm32f3discovery_hal_lib.a(l3gd20.o)
                0x080073b4                L3GD20_DisableIT
 .text.L3GD20_FilterConfig
                0x0800740c       0x44 C:\Users\simu29\workspace\stm32f3discovery_hal_lib\Debug\libstm32f3discovery_hal_lib.a(l3gd20.o)
                0x0800740c                L3GD20_FilterConfig
 .text.L3GD20_FilterCmd
                0x08007450       0x44 C:\Users\simu29\workspace\stm32f3discovery_hal_lib\Debug\libstm32f3discovery_hal_lib.a(l3gd20.o)
                0x08007450                L3GD20_FilterCmd
 .text.L3GD20_ReadXYZAngRate
                0x08007494      0x160 C:\Users\simu29\workspace\stm32f3discovery_hal_lib\Debug\libstm32f3discovery_hal_lib.a(l3gd20.o)
                0x08007494                L3GD20_ReadXYZAngRate
 .text.__libc_init_array
                0x080075f4       0x50 c:/users/administrateur/.p2/pool/plugins/fr.ac6.mcu.externaltools.arm-none.win32_1.11.0.201610101338/tools/gcc-arm-none-eabi-5_4-2016q2-20160622-win32/bin/../lib/gcc/arm-none-eabi/5.4.1/../../../../arm-none-eabi/lib/armv7e-m\libc.a(lib_a-init.o)
                0x080075f4                __libc_init_array
 .text.startup.register_fini
                0x08007644       0x14 c:/users/administrateur/.p2/pool/plugins/fr.ac6.mcu.externaltools.arm-none.win32_1.11.0.201610101338/tools/gcc-arm-none-eabi-5_4-2016q2-20160622-win32/bin/../lib/gcc/arm-none-eabi/5.4.1/../../../../arm-none-eabi/lib/armv7e-m\libc.a(lib_a-__call_atexit.o)
 .text.atexit   0x08007658        0xc c:/users/administrateur/.p2/pool/plugins/fr.ac6.mcu.externaltools.arm-none.win32_1.11.0.201610101338/tools/gcc-arm-none-eabi-5_4-2016q2-20160622-win32/bin/../lib/gcc/arm-none-eabi/5.4.1/../../../../arm-none-eabi/lib/armv7e-m\libc.a(lib_a-atexit.o)
                0x08007658                atexit
 .text.__libc_fini_array
                0x08007664       0x28 c:/users/administrateur/.p2/pool/plugins/fr.ac6.mcu.externaltools.arm-none.win32_1.11.0.201610101338/tools/gcc-arm-none-eabi-5_4-2016q2-20160622-win32/bin/../lib/gcc/arm-none-eabi/5.4.1/../../../../arm-none-eabi/lib/armv7e-m\libc.a(lib_a-fini.o)
                0x08007664                __libc_fini_array
 .text.__register_exitproc
                0x0800768c       0xa4 c:/users/administrateur/.p2/pool/plugins/fr.ac6.mcu.externaltools.arm-none.win32_1.11.0.201610101338/tools/gcc-arm-none-eabi-5_4-2016q2-20160622-win32/bin/../lib/gcc/arm-none-eabi/5.4.1/../../../../arm-none-eabi/lib/armv7e-m\libc.a(lib_a-__atexit.o)
                0x0800768c                __register_exitproc
 *(.glue_7)
 .glue_7        0x08007730        0x0 linker stubs
 *(.glue_7t)
 .glue_7t       0x08007730        0x0 linker stubs
 *(.eh_frame)
 .eh_frame      0x08007730        0x0 c:/users/administrateur/.p2/pool/plugins/fr.ac6.mcu.externaltools.arm-none.win32_1.11.0.201610101338/tools/gcc-arm-none-eabi-5_4-2016q2-20160622-win32/bin/../lib/gcc/arm-none-eabi/5.4.1/armv7e-m/crtbegin.o
 *(.init)
 .init          0x08007730        0x4 c:/users/administrateur/.p2/pool/plugins/fr.ac6.mcu.externaltools.arm-none.win32_1.11.0.201610101338/tools/gcc-arm-none-eabi-5_4-2016q2-20160622-win32/bin/../lib/gcc/arm-none-eabi/5.4.1/armv7e-m/crti.o
                0x08007730                _init
 .init          0x08007734        0x8 c:/users/administrateur/.p2/pool/plugins/fr.ac6.mcu.externaltools.arm-none.win32_1.11.0.201610101338/tools/gcc-arm-none-eabi-5_4-2016q2-20160622-win32/bin/../lib/gcc/arm-none-eabi/5.4.1/armv7e-m/crtn.o
 *(.fini)
 .fini          0x0800773c        0x4 c:/users/administrateur/.p2/pool/plugins/fr.ac6.mcu.externaltools.arm-none.win32_1.11.0.201610101338/tools/gcc-arm-none-eabi-5_4-2016q2-20160622-win32/bin/../lib/gcc/arm-none-eabi/5.4.1/armv7e-m/crti.o
                0x0800773c                _fini
 .fini          0x08007740        0x8 c:/users/administrateur/.p2/pool/plugins/fr.ac6.mcu.externaltools.arm-none.win32_1.11.0.201610101338/tools/gcc-arm-none-eabi-5_4-2016q2-20160622-win32/bin/../lib/gcc/arm-none-eabi/5.4.1/armv7e-m/crtn.o
                0x08007748                . = ALIGN (0x4)
                0x08007748                _etext = .

.vfp11_veneer   0x08007748        0x0
 .vfp11_veneer  0x08007748        0x0 linker stubs

.v4_bx          0x08007748        0x0
 .v4_bx         0x08007748        0x0 linker stubs

.iplt           0x08007748        0x0
 .iplt          0x08007748        0x0 c:/users/administrateur/.p2/pool/plugins/fr.ac6.mcu.externaltools.arm-none.win32_1.11.0.201610101338/tools/gcc-arm-none-eabi-5_4-2016q2-20160622-win32/bin/../lib/gcc/arm-none-eabi/5.4.1/armv7e-m/crtbegin.o

.rodata         0x08007748       0xb8
                0x08007748                . = ALIGN (0x4)
 *(.rodata)
 .rodata        0x08007748       0x18 src/system_stm32f3xx.o
                0x08007748                AHBPrescTable
                0x08007758                APBPrescTable
 .rodata        0x08007760       0x5e src/usbd_desc.o
                0x08007760                USBD_DeviceDesc
                0x08007774                USBD_LangIDDesc
 *fill*         0x080077be        0x2 
 .rodata        0x080077c0       0x20 C:\Users\simu29\workspace\stm32f3discovery_hal_lib\Debug\libstm32f3discovery_hal_lib.a(stm32f3xx_hal_rcc.o)
                0x080077c0                aPLLMULFactorTable
                0x080077d0                aPredivFactorTable
 .rodata        0x080077e0       0x15 C:\Users\simu29\workspace\stm32f3discovery_hal_lib\Debug\libstm32f3discovery_hal_lib.a(stm32f3_discovery.o)
                0x080077e0                LED_PIN
                0x080077f0                BUTTON_PIN
                0x080077f4                BUTTON_IRQn
 *(.rodata*)
 *fill*         0x080077f5        0x3 
 .rodata.str1.4
                0x080077f8        0x4 c:/users/administrateur/.p2/pool/plugins/fr.ac6.mcu.externaltools.arm-none.win32_1.11.0.201610101338/tools/gcc-arm-none-eabi-5_4-2016q2-20160622-win32/bin/../lib/gcc/arm-none-eabi/5.4.1/../../../../arm-none-eabi/lib/armv7e-m\libc.a(lib_a-impure.o)
                                  0x2 (size before relaxing)
 .rodata._global_impure_ptr
                0x080077fc        0x4 c:/users/administrateur/.p2/pool/plugins/fr.ac6.mcu.externaltools.arm-none.win32_1.11.0.201610101338/tools/gcc-arm-none-eabi-5_4-2016q2-20160622-win32/bin/../lib/gcc/arm-none-eabi/5.4.1/../../../../arm-none-eabi/lib/armv7e-m\libc.a(lib_a-impure.o)
                0x080077fc                _global_impure_ptr
                0x08007800                . = ALIGN (0x4)

.rel.dyn        0x08007800        0x0
 .rel.iplt      0x08007800        0x0 c:/users/administrateur/.p2/pool/plugins/fr.ac6.mcu.externaltools.arm-none.win32_1.11.0.201610101338/tools/gcc-arm-none-eabi-5_4-2016q2-20160622-win32/bin/../lib/gcc/arm-none-eabi/5.4.1/armv7e-m/crtbegin.o

.ARM.extab
 *(.ARM.extab* .gnu.linkonce.armextab.*)

.ARM            0x08007800        0x0
                0x08007800                __exidx_start = .
 *(.ARM.exidx*)
                0x08007800                __exidx_end = .

.preinit_array  0x08007800        0x0
                0x08007800                PROVIDE (__preinit_array_start, .)
 *(.preinit_array*)
                0x08007800                PROVIDE (__preinit_array_end, .)

.init_array     0x08007800        0x8
                0x08007800                PROVIDE (__init_array_start, .)
 *(SORT(.init_array.*))
 .init_array.00000
                0x08007800        0x4 c:/users/administrateur/.p2/pool/plugins/fr.ac6.mcu.externaltools.arm-none.win32_1.11.0.201610101338/tools/gcc-arm-none-eabi-5_4-2016q2-20160622-win32/bin/../lib/gcc/arm-none-eabi/5.4.1/../../../../arm-none-eabi/lib/armv7e-m\libc.a(lib_a-__call_atexit.o)
 *(.init_array*)
 .init_array    0x08007804        0x4 c:/users/administrateur/.p2/pool/plugins/fr.ac6.mcu.externaltools.arm-none.win32_1.11.0.201610101338/tools/gcc-arm-none-eabi-5_4-2016q2-20160622-win32/bin/../lib/gcc/arm-none-eabi/5.4.1/armv7e-m/crtbegin.o
                0x08007808                PROVIDE (__init_array_end, .)

.fini_array     0x08007808        0x4
                0x08007808                PROVIDE (__fini_array_start, .)
 *(SORT(.fini_array.*))
 *(.fini_array*)
 .fini_array    0x08007808        0x4 c:/users/administrateur/.p2/pool/plugins/fr.ac6.mcu.externaltools.arm-none.win32_1.11.0.201610101338/tools/gcc-arm-none-eabi-5_4-2016q2-20160622-win32/bin/../lib/gcc/arm-none-eabi/5.4.1/armv7e-m/crtbegin.o
                0x0800780c                PROVIDE (__fini_array_end, .)
                0x0800780c                _sidata = LOADADDR (.data)

.data           0x20000000      0x588 load address 0x0800780c
                0x20000000                . = ALIGN (0x4)
                0x20000000                _sdata = .
 *(.data)
 .data          0x20000000        0x4 src/system_stm32f3xx.o
                0x20000000                SystemCoreClock
 .data          0x20000004       0x36 src/usbd_desc.o
                0x20000004                HID_Desc
                0x20000020                USBD_StringSerial
 *fill*         0x2000003a        0x2 
 .data          0x2000003c       0xbe src/usbd_hid.o
                0x2000003c                USBD_HID
 *fill*         0x200000fa        0x2 
 .data          0x200000fc       0x2c C:\Users\simu29\workspace\stm32f3discovery_hal_lib\Debug\libstm32f3discovery_hal_lib.a(stm32f3_discovery.o)
                0x200000fc                LED_PORT
                0x2000011c                BUTTON_PORT
                0x20000120                SpixTimeout
                0x20000124                I2cxTimeout
 .data          0x20000128       0x34 C:\Users\simu29\workspace\stm32f3discovery_hal_lib\Debug\libstm32f3discovery_hal_lib.a(l3gd20.o)
                0x20000128                L3gd20Drv
 *(.data*)
 *fill*         0x2000015c        0x4 
 .data.impure_data
                0x20000160      0x428 c:/users/administrateur/.p2/pool/plugins/fr.ac6.mcu.externaltools.arm-none.win32_1.11.0.201610101338/tools/gcc-arm-none-eabi-5_4-2016q2-20160622-win32/bin/../lib/gcc/arm-none-eabi/5.4.1/../../../../arm-none-eabi/lib/armv7e-m\libc.a(lib_a-impure.o)
                0x20000588                . = ALIGN (0x4)
                0x20000588                _edata = .
                0x08007d94                _siccmram = LOADADDR (.ccmram)

.jcr            0x20000588        0x0 load address 0x08007d94
 .jcr           0x20000588        0x0 c:/users/administrateur/.p2/pool/plugins/fr.ac6.mcu.externaltools.arm-none.win32_1.11.0.201610101338/tools/gcc-arm-none-eabi-5_4-2016q2-20160622-win32/bin/../lib/gcc/arm-none-eabi/5.4.1/armv7e-m/crtbegin.o

.igot.plt       0x20000588        0x0 load address 0x08007d94
 .igot.plt      0x20000588        0x0 c:/users/administrateur/.p2/pool/plugins/fr.ac6.mcu.externaltools.arm-none.win32_1.11.0.201610101338/tools/gcc-arm-none-eabi-5_4-2016q2-20160622-win32/bin/../lib/gcc/arm-none-eabi/5.4.1/armv7e-m/crtbegin.o

.ccmram         0x10000000        0x0 load address 0x08007d94
                0x10000000                . = ALIGN (0x4)
                0x10000000                _sccmram = .
 *(.ccmram)
 *(.ccmram*)
                0x10000000                . = ALIGN (0x4)
                0x10000000                _eccmram = .
                0x10000000                . = ALIGN (0x4)

.bss            0x20000588     0x1764
                0x20000588                _sbss = .
                0x20000588                __bss_start__ = _sbss
 *(.bss)
 .bss           0x20000588       0x1c c:/users/administrateur/.p2/pool/plugins/fr.ac6.mcu.externaltools.arm-none.win32_1.11.0.201610101338/tools/gcc-arm-none-eabi-5_4-2016q2-20160622-win32/bin/../lib/gcc/arm-none-eabi/5.4.1/armv7e-m/crtbegin.o
 .bss           0x200005a4        0x8 src/main.o
                0x200005a4                UserButtonPressed
                0x200005a8                PressCount
 .bss           0x200005ac       0x10 src/usbd_conf.o
 .bss           0x200005bc        0x1 src/usbd_ctlreq.o
 *fill*         0x200005bd        0x3 
 .bss           0x200005c0       0xb0 C:\Users\simu29\workspace\stm32f3discovery_hal_lib\Debug\libstm32f3discovery_hal_lib.a(stm32f3_discovery.o)
 .bss           0x20000670        0x4 C:\Users\simu29\workspace\stm32f3discovery_hal_lib\Debug\libstm32f3discovery_hal_lib.a(stm32f3_discovery_gyroscope.o)
 *(.bss*)
 *(COMMON)
 COMMON         0x20000674     0x11cc src/main.o
                0x20000674                vect_sequence
                0x20001614                iii
                0x20001618                USBD_Device
                0x2000183c                inc
 COMMON         0x20001840      0x3a8 src/usbd_conf.o
                0x20001840                hpcd
 COMMON         0x20001be8      0x100 src/usbd_desc.o
                0x20001be8                USBD_StrDesc
 COMMON         0x20001ce8        0x4 C:\Users\simu29\workspace\stm32f3discovery_hal_lib\Debug\libstm32f3discovery_hal_lib.a(stm32f3xx_hal.o)
                0x20001ce8                uwTick
                0x20001cec                . = ALIGN (0x4)
                0x20001cec                _ebss = .
                0x20001cec                __bss_end__ = _ebss

._user_heap_stack
                0x20001cec      0x604
                0x20001cf0                . = ALIGN (0x8)
 *fill*         0x20001cec        0x4 
                0x20001cf0                PROVIDE (end, .)
                [!provide]                PROVIDE (_end, .)
                0x20001ef0                . = (. + _Min_Heap_Size)
 *fill*         0x20001cf0      0x200 
                0x200022f0                . = (. + _Min_Stack_Size)
 *fill*         0x20001ef0      0x400 
                0x200022f0                . = ALIGN (0x8)

/DISCARD/
 libc.a(*)
 libm.a(*)
 libgcc.a(*)

.ARM.attributes
                0x00000000       0x2a
 *(.ARM.attributes)
 .ARM.attributes
                0x00000000       0x1e c:/users/administrateur/.p2/pool/plugins/fr.ac6.mcu.externaltools.arm-none.win32_1.11.0.201610101338/tools/gcc-arm-none-eabi-5_4-2016q2-20160622-win32/bin/../lib/gcc/arm-none-eabi/5.4.1/armv7e-m/crti.o
 .ARM.attributes
                0x0000001e       0x2e c:/users/administrateur/.p2/pool/plugins/fr.ac6.mcu.externaltools.arm-none.win32_1.11.0.201610101338/tools/gcc-arm-none-eabi-5_4-2016q2-20160622-win32/bin/../lib/gcc/arm-none-eabi/5.4.1/armv7e-m/crtbegin.o
 .ARM.attributes
                0x0000004c       0x33 src/main.o
 .ARM.attributes
                0x0000007f       0x33 src/selftest.o
 .ARM.attributes
                0x000000b2       0x33 src/stm32f3xx_it.o
 .ARM.attributes
                0x000000e5       0x33 src/system_stm32f3xx.o
 .ARM.attributes
                0x00000118       0x33 src/usbd_conf.o
 .ARM.attributes
                0x0000014b       0x33 src/usbd_core.o
 .ARM.attributes
                0x0000017e       0x33 src/usbd_ctlreq.o
 .ARM.attributes
                0x000001b1       0x33 src/usbd_desc.o
 .ARM.attributes
                0x000001e4       0x33 src/usbd_hid.o
 .ARM.attributes
                0x00000217       0x33 src/usbd_ioreq.o
 .ARM.attributes
                0x0000024a       0x21 startup/startup_stm32f303xc.o
 .ARM.attributes
                0x0000026b       0x33 C:\Users\simu29\workspace\stm32f3discovery_hal_lib\Debug\libstm32f3discovery_hal_lib.a(stm32f3xx_hal.o)
 .ARM.attributes
                0x0000029e       0x33 C:\Users\simu29\workspace\stm32f3discovery_hal_lib\Debug\libstm32f3discovery_hal_lib.a(stm32f3xx_hal_cortex.o)
 .ARM.attributes
                0x000002d1       0x33 C:\Users\simu29\workspace\stm32f3discovery_hal_lib\Debug\libstm32f3discovery_hal_lib.a(stm32f3xx_hal_gpio.o)
 .ARM.attributes
                0x00000304       0x33 C:\Users\simu29\workspace\stm32f3discovery_hal_lib\Debug\libstm32f3discovery_hal_lib.a(stm32f3xx_hal_pcd.o)
 .ARM.attributes
                0x00000337       0x33 C:\Users\simu29\workspace\stm32f3discovery_hal_lib\Debug\libstm32f3discovery_hal_lib.a(stm32f3xx_hal_pcd_ex.o)
 .ARM.attributes
                0x0000036a       0x33 C:\Users\simu29\workspace\stm32f3discovery_hal_lib\Debug\libstm32f3discovery_hal_lib.a(stm32f3xx_hal_rcc.o)
 .ARM.attributes
                0x0000039d       0x33 C:\Users\simu29\workspace\stm32f3discovery_hal_lib\Debug\libstm32f3discovery_hal_lib.a(stm32f3xx_hal_rcc_ex.o)
 .ARM.attributes
                0x000003d0       0x33 C:\Users\simu29\workspace\stm32f3discovery_hal_lib\Debug\libstm32f3discovery_hal_lib.a(stm32f3_discovery.o)
 .ARM.attributes
                0x00000403       0x33 C:\Users\simu29\workspace\stm32f3discovery_hal_lib\Debug\libstm32f3discovery_hal_lib.a(stm32f3_discovery_gyroscope.o)
 .ARM.attributes
                0x00000436       0x33 C:\Users\simu29\workspace\stm32f3discovery_hal_lib\Debug\libstm32f3discovery_hal_lib.a(stm32f3xx_hal_spi.o)
 .ARM.attributes
                0x00000469       0x33 C:\Users\simu29\workspace\stm32f3discovery_hal_lib\Debug\libstm32f3discovery_hal_lib.a(l3gd20.o)
 .ARM.attributes
                0x0000049c       0x1e c:/users/administrateur/.p2/pool/plugins/fr.ac6.mcu.externaltools.arm-none.win32_1.11.0.201610101338/tools/gcc-arm-none-eabi-5_4-2016q2-20160622-win32/bin/../lib/gcc/arm-none-eabi/5.4.1/armv7e-m\libgcc.a(_arm_addsubsf3.o)
 .ARM.attributes
                0x000004ba       0x1e c:/users/administrateur/.p2/pool/plugins/fr.ac6.mcu.externaltools.arm-none.win32_1.11.0.201610101338/tools/gcc-arm-none-eabi-5_4-2016q2-20160622-win32/bin/../lib/gcc/arm-none-eabi/5.4.1/armv7e-m\libgcc.a(_arm_muldivsf3.o)
 .ARM.attributes
                0x000004d8       0x1e c:/users/administrateur/.p2/pool/plugins/fr.ac6.mcu.externaltools.arm-none.win32_1.11.0.201610101338/tools/gcc-arm-none-eabi-5_4-2016q2-20160622-win32/bin/../lib/gcc/arm-none-eabi/5.4.1/armv7e-m\libgcc.a(_arm_cmpsf2.o)
 .ARM.attributes
                0x000004f6       0x2e c:/users/administrateur/.p2/pool/plugins/fr.ac6.mcu.externaltools.arm-none.win32_1.11.0.201610101338/tools/gcc-arm-none-eabi-5_4-2016q2-20160622-win32/bin/../lib/gcc/arm-none-eabi/5.4.1/../../../../arm-none-eabi/lib/armv7e-m\libc.a(lib_a-impure.o)
 .ARM.attributes
                0x00000524       0x2e c:/users/administrateur/.p2/pool/plugins/fr.ac6.mcu.externaltools.arm-none.win32_1.11.0.201610101338/tools/gcc-arm-none-eabi-5_4-2016q2-20160622-win32/bin/../lib/gcc/arm-none-eabi/5.4.1/../../../../arm-none-eabi/lib/armv7e-m\libc.a(lib_a-init.o)
 .ARM.attributes
                0x00000552       0x2e c:/users/administrateur/.p2/pool/plugins/fr.ac6.mcu.externaltools.arm-none.win32_1.11.0.201610101338/tools/gcc-arm-none-eabi-5_4-2016q2-20160622-win32/bin/../lib/gcc/arm-none-eabi/5.4.1/../../../../arm-none-eabi/lib/armv7e-m\libc.a(lib_a-__call_atexit.o)
 .ARM.attributes
                0x00000580       0x2e c:/users/administrateur/.p2/pool/plugins/fr.ac6.mcu.externaltools.arm-none.win32_1.11.0.201610101338/tools/gcc-arm-none-eabi-5_4-2016q2-20160622-win32/bin/../lib/gcc/arm-none-eabi/5.4.1/../../../../arm-none-eabi/lib/armv7e-m\libc.a(lib_a-atexit.o)
 .ARM.attributes
                0x000005ae       0x2e c:/users/administrateur/.p2/pool/plugins/fr.ac6.mcu.externaltools.arm-none.win32_1.11.0.201610101338/tools/gcc-arm-none-eabi-5_4-2016q2-20160622-win32/bin/../lib/gcc/arm-none-eabi/5.4.1/../../../../arm-none-eabi/lib/armv7e-m\libc.a(lib_a-fini.o)
 .ARM.attributes
                0x000005dc       0x2e c:/users/administrateur/.p2/pool/plugins/fr.ac6.mcu.externaltools.arm-none.win32_1.11.0.201610101338/tools/gcc-arm-none-eabi-5_4-2016q2-20160622-win32/bin/../lib/gcc/arm-none-eabi/5.4.1/../../../../arm-none-eabi/lib/armv7e-m\libc.a(lib_a-__atexit.o)
 .ARM.attributes
                0x0000060a       0x1e c:/users/administrateur/.p2/pool/plugins/fr.ac6.mcu.externaltools.arm-none.win32_1.11.0.201610101338/tools/gcc-arm-none-eabi-5_4-2016q2-20160622-win32/bin/../lib/gcc/arm-none-eabi/5.4.1/armv7e-m/crtn.o
OUTPUT(TP6_GYRO.elf elf32-littlearm)

.debug_info     0x00000000     0xcf3f
 .debug_info    0x00000000      0x8ca src/main.o
 .debug_info    0x000008ca      0x830 src/selftest.o
 .debug_info    0x000010fa      0x67b src/stm32f3xx_it.o
 .debug_info    0x00001775      0x400 src/system_stm32f3xx.o
 .debug_info    0x00001b75     0x133a src/usbd_conf.o
 .debug_info    0x00002eaf      0x90e src/usbd_core.o
 .debug_info    0x000037bd      0x86f src/usbd_ctlreq.o
 .debug_info    0x0000402c      0x452 src/usbd_desc.o
 .debug_info    0x0000447e      0x7d5 src/usbd_hid.o
 .debug_info    0x00004c53      0x66f src/usbd_ioreq.o
 .debug_info    0x000052c2       0x6e startup/startup_stm32f303xc.o
 .debug_info    0x00005330      0x663 C:\Users\simu29\workspace\stm32f3discovery_hal_lib\Debug\libstm32f3discovery_hal_lib.a(stm32f3xx_hal.o)
 .debug_info    0x00005993      0xccf C:\Users\simu29\workspace\stm32f3discovery_hal_lib\Debug\libstm32f3discovery_hal_lib.a(stm32f3xx_hal_cortex.o)
 .debug_info    0x00006662      0x667 C:\Users\simu29\workspace\stm32f3discovery_hal_lib\Debug\libstm32f3discovery_hal_lib.a(stm32f3xx_hal_gpio.o)
 .debug_info    0x00006cc9      0xf26 C:\Users\simu29\workspace\stm32f3discovery_hal_lib\Debug\libstm32f3discovery_hal_lib.a(stm32f3xx_hal_pcd.o)
 .debug_info    0x00007bef      0x691 C:\Users\simu29\workspace\stm32f3discovery_hal_lib\Debug\libstm32f3discovery_hal_lib.a(stm32f3xx_hal_pcd_ex.o)
 .debug_info    0x00008280     0x176f C:\Users\simu29\workspace\stm32f3discovery_hal_lib\Debug\libstm32f3discovery_hal_lib.a(stm32f3xx_hal_rcc.o)
 .debug_info    0x000099ef      0x62b C:\Users\simu29\workspace\stm32f3discovery_hal_lib\Debug\libstm32f3discovery_hal_lib.a(stm32f3xx_hal_rcc_ex.o)
 .debug_info    0x0000a01a     0x13bd C:\Users\simu29\workspace\stm32f3discovery_hal_lib\Debug\libstm32f3discovery_hal_lib.a(stm32f3_discovery.o)
 .debug_info    0x0000b3d7      0x446 C:\Users\simu29\workspace\stm32f3discovery_hal_lib\Debug\libstm32f3discovery_hal_lib.a(stm32f3_discovery_gyroscope.o)
 .debug_info    0x0000b81d     0x129b C:\Users\simu29\workspace\stm32f3discovery_hal_lib\Debug\libstm32f3discovery_hal_lib.a(stm32f3xx_hal_spi.o)
 .debug_info    0x0000cab8      0x487 C:\Users\simu29\workspace\stm32f3discovery_hal_lib\Debug\libstm32f3discovery_hal_lib.a(l3gd20.o)

.debug_abbrev   0x00000000     0x2668
 .debug_abbrev  0x00000000      0x202 src/main.o
 .debug_abbrev  0x00000202      0x1e7 src/selftest.o
 .debug_abbrev  0x000003e9      0x15d src/stm32f3xx_it.o
 .debug_abbrev  0x00000546      0x104 src/system_stm32f3xx.o
 .debug_abbrev  0x0000064a      0x290 src/usbd_conf.o
 .debug_abbrev  0x000008da      0x1c0 src/usbd_core.o
 .debug_abbrev  0x00000a9a      0x1f0 src/usbd_ctlreq.o
 .debug_abbrev  0x00000c8a      0x16f src/usbd_desc.o
 .debug_abbrev  0x00000df9      0x1be src/usbd_hid.o
 .debug_abbrev  0x00000fb7      0x130 src/usbd_ioreq.o
 .debug_abbrev  0x000010e7       0x12 startup/startup_stm32f303xc.o
 .debug_abbrev  0x000010f9      0x19b C:\Users\simu29\workspace\stm32f3discovery_hal_lib\Debug\libstm32f3discovery_hal_lib.a(stm32f3xx_hal.o)
 .debug_abbrev  0x00001294      0x298 C:\Users\simu29\workspace\stm32f3discovery_hal_lib\Debug\libstm32f3discovery_hal_lib.a(stm32f3xx_hal_cortex.o)
 .debug_abbrev  0x0000152c      0x1af C:\Users\simu29\workspace\stm32f3discovery_hal_lib\Debug\libstm32f3discovery_hal_lib.a(stm32f3xx_hal_gpio.o)
 .debug_abbrev  0x000016db      0x244 C:\Users\simu29\workspace\stm32f3discovery_hal_lib\Debug\libstm32f3discovery_hal_lib.a(stm32f3xx_hal_pcd.o)
 .debug_abbrev  0x0000191f      0x197 C:\Users\simu29\workspace\stm32f3discovery_hal_lib\Debug\libstm32f3discovery_hal_lib.a(stm32f3xx_hal_pcd_ex.o)
 .debug_abbrev  0x00001ab6      0x279 C:\Users\simu29\workspace\stm32f3discovery_hal_lib\Debug\libstm32f3discovery_hal_lib.a(stm32f3xx_hal_rcc.o)
 .debug_abbrev  0x00001d2f      0x212 C:\Users\simu29\workspace\stm32f3discovery_hal_lib\Debug\libstm32f3discovery_hal_lib.a(stm32f3xx_hal_rcc_ex.o)
 .debug_abbrev  0x00001f41      0x24b C:\Users\simu29\workspace\stm32f3discovery_hal_lib\Debug\libstm32f3discovery_hal_lib.a(stm32f3_discovery.o)
 .debug_abbrev  0x0000218c      0x135 C:\Users\simu29\workspace\stm32f3discovery_hal_lib\Debug\libstm32f3discovery_hal_lib.a(stm32f3_discovery_gyroscope.o)
 .debug_abbrev  0x000022c1      0x21c C:\Users\simu29\workspace\stm32f3discovery_hal_lib\Debug\libstm32f3discovery_hal_lib.a(stm32f3xx_hal_spi.o)
 .debug_abbrev  0x000024dd      0x18b C:\Users\simu29\workspace\stm32f3discovery_hal_lib\Debug\libstm32f3discovery_hal_lib.a(l3gd20.o)

.debug_aranges  0x00000000      0xc30
 .debug_aranges
                0x00000000       0x48 src/main.o
 .debug_aranges
                0x00000048       0x50 src/selftest.o
 .debug_aranges
                0x00000098       0x78 src/stm32f3xx_it.o
 .debug_aranges
                0x00000110       0x28 src/system_stm32f3xx.o
 .debug_aranges
                0x00000138      0x110 src/usbd_conf.o
 .debug_aranges
                0x00000248       0xb8 src/usbd_core.o
 .debug_aranges
                0x00000300       0x88 src/usbd_ctlreq.o
 .debug_aranges
                0x00000388       0x60 src/usbd_desc.o
 .debug_aranges
                0x000003e8       0x58 src/usbd_hid.o
 .debug_aranges
                0x00000440       0x50 src/usbd_ioreq.o
 .debug_aranges
                0x00000490       0x28 startup/startup_stm32f303xc.o
 .debug_aranges
                0x000004b8       0xb0 C:\Users\simu29\workspace\stm32f3discovery_hal_lib\Debug\libstm32f3discovery_hal_lib.a(stm32f3xx_hal.o)
 .debug_aranges
                0x00000568      0x108 C:\Users\simu29\workspace\stm32f3discovery_hal_lib\Debug\libstm32f3discovery_hal_lib.a(stm32f3xx_hal_cortex.o)
 .debug_aranges
                0x00000670       0x58 C:\Users\simu29\workspace\stm32f3discovery_hal_lib\Debug\libstm32f3discovery_hal_lib.a(stm32f3xx_hal_gpio.o)
 .debug_aranges
                0x000006c8      0x120 C:\Users\simu29\workspace\stm32f3discovery_hal_lib\Debug\libstm32f3discovery_hal_lib.a(stm32f3xx_hal_pcd.o)
 .debug_aranges
                0x000007e8       0x38 C:\Users\simu29\workspace\stm32f3discovery_hal_lib\Debug\libstm32f3discovery_hal_lib.a(stm32f3xx_hal_pcd_ex.o)
 .debug_aranges
                0x00000820       0x88 C:\Users\simu29\workspace\stm32f3discovery_hal_lib\Debug\libstm32f3discovery_hal_lib.a(stm32f3xx_hal_rcc.o)
 .debug_aranges
                0x000008a8       0x38 C:\Users\simu29\workspace\stm32f3discovery_hal_lib\Debug\libstm32f3discovery_hal_lib.a(stm32f3xx_hal_rcc_ex.o)
 .debug_aranges
                0x000008e0       0xd0 C:\Users\simu29\workspace\stm32f3discovery_hal_lib\Debug\libstm32f3discovery_hal_lib.a(stm32f3_discovery.o)
 .debug_aranges
                0x000009b0       0x50 C:\Users\simu29\workspace\stm32f3discovery_hal_lib\Debug\libstm32f3discovery_hal_lib.a(stm32f3_discovery_gyroscope.o)
 .debug_aranges
                0x00000a00      0x1b8 C:\Users\simu29\workspace\stm32f3discovery_hal_lib\Debug\libstm32f3discovery_hal_lib.a(stm32f3xx_hal_spi.o)
 .debug_aranges
                0x00000bb8       0x78 C:\Users\simu29\workspace\stm32f3discovery_hal_lib\Debug\libstm32f3discovery_hal_lib.a(l3gd20.o)

.debug_ranges   0x00000000      0xad8
 .debug_ranges  0x00000000       0x38 src/main.o
 .debug_ranges  0x00000038       0x40 src/selftest.o
 .debug_ranges  0x00000078       0x68 src/stm32f3xx_it.o
 .debug_ranges  0x000000e0       0x18 src/system_stm32f3xx.o
 .debug_ranges  0x000000f8      0x100 src/usbd_conf.o
 .debug_ranges  0x000001f8       0xa8 src/usbd_core.o
 .debug_ranges  0x000002a0       0x78 src/usbd_ctlreq.o
 .debug_ranges  0x00000318       0x50 src/usbd_desc.o
 .debug_ranges  0x00000368       0x48 src/usbd_hid.o
 .debug_ranges  0x000003b0       0x40 src/usbd_ioreq.o
 .debug_ranges  0x000003f0       0x20 startup/startup_stm32f303xc.o
 .debug_ranges  0x00000410       0xa0 C:\Users\simu29\workspace\stm32f3discovery_hal_lib\Debug\libstm32f3discovery_hal_lib.a(stm32f3xx_hal.o)
 .debug_ranges  0x000004b0       0xf8 C:\Users\simu29\workspace\stm32f3discovery_hal_lib\Debug\libstm32f3discovery_hal_lib.a(stm32f3xx_hal_cortex.o)
 .debug_ranges  0x000005a8       0x48 C:\Users\simu29\workspace\stm32f3discovery_hal_lib\Debug\libstm32f3discovery_hal_lib.a(stm32f3xx_hal_gpio.o)
 .debug_ranges  0x000005f0      0x110 C:\Users\simu29\workspace\stm32f3discovery_hal_lib\Debug\libstm32f3discovery_hal_lib.a(stm32f3xx_hal_pcd.o)
 .debug_ranges  0x00000700       0x28 C:\Users\simu29\workspace\stm32f3discovery_hal_lib\Debug\libstm32f3discovery_hal_lib.a(stm32f3xx_hal_pcd_ex.o)
 .debug_ranges  0x00000728       0x78 C:\Users\simu29\workspace\stm32f3discovery_hal_lib\Debug\libstm32f3discovery_hal_lib.a(stm32f3xx_hal_rcc.o)
 .debug_ranges  0x000007a0       0x28 C:\Users\simu29\workspace\stm32f3discovery_hal_lib\Debug\libstm32f3discovery_hal_lib.a(stm32f3xx_hal_rcc_ex.o)
 .debug_ranges  0x000007c8       0xc0 C:\Users\simu29\workspace\stm32f3discovery_hal_lib\Debug\libstm32f3discovery_hal_lib.a(stm32f3_discovery.o)
 .debug_ranges  0x00000888       0x40 C:\Users\simu29\workspace\stm32f3discovery_hal_lib\Debug\libstm32f3discovery_hal_lib.a(stm32f3_discovery_gyroscope.o)
 .debug_ranges  0x000008c8      0x1a8 C:\Users\simu29\workspace\stm32f3discovery_hal_lib\Debug\libstm32f3discovery_hal_lib.a(stm32f3xx_hal_spi.o)
 .debug_ranges  0x00000a70       0x68 C:\Users\simu29\workspace\stm32f3discovery_hal_lib\Debug\libstm32f3discovery_hal_lib.a(l3gd20.o)

.debug_macro    0x00000000    0x267cf
 .debug_macro   0x00000000      0x581 src/main.o
 .debug_macro   0x00000581      0x8a4 src/main.o
 .debug_macro   0x00000e25      0x11b src/main.o
 .debug_macro   0x00000f40       0x2b src/main.o
 .debug_macro   0x00000f6b       0x28 src/main.o
 .debug_macro   0x00000f93       0x22 src/main.o
 .debug_macro   0x00000fb5       0x87 src/main.o
 .debug_macro   0x0000103c       0x44 src/main.o
 .debug_macro   0x00001080       0xfd src/main.o
 .debug_macro   0x0000117d       0x5e src/main.o
 .debug_macro   0x000011db      0x1df src/main.o
 .debug_macro   0x000013ba       0x35 src/main.o
 .debug_macro   0x000013ef       0x50 src/main.o
 .debug_macro   0x0000143f      0xe66 src/main.o
 .debug_macro   0x000022a5    0x12a87 src/main.o
 .debug_macro   0x00014d2c       0x43 src/main.o
 .debug_macro   0x00014d6f     0x33ad src/main.o
 .debug_macro   0x0001811c       0x52 src/main.o
 .debug_macro   0x0001816e       0x35 src/main.o
 .debug_macro   0x000181a3       0x9c src/main.o
 .debug_macro   0x0001823f       0x16 src/main.o
 .debug_macro   0x00018255       0x97 src/main.o
 .debug_macro   0x000182ec      0x30d src/main.o
 .debug_macro   0x000185f9       0xfd src/main.o
 .debug_macro   0x000186f6       0x10 src/main.o
 .debug_macro   0x00018706       0x52 src/main.o
 .debug_macro   0x00018758       0x1f src/main.o
 .debug_macro   0x00018777       0x43 src/main.o
 .debug_macro   0x000187ba       0x20 src/main.o
 .debug_macro   0x000187da      0x187 src/main.o
 .debug_macro   0x00018961       0x10 src/main.o
 .debug_macro   0x00018971       0x1c src/main.o
 .debug_macro   0x0001898d       0x52 src/main.o
 .debug_macro   0x000189df       0x40 src/main.o
 .debug_macro   0x00018a1f       0x10 src/main.o
 .debug_macro   0x00018a2f       0x40 src/main.o
 .debug_macro   0x00018a6f       0xd7 src/main.o
 .debug_macro   0x00018b46       0x16 src/main.o
 .debug_macro   0x00018b5c      0x189 src/main.o
 .debug_macro   0x00018ce5       0x50 src/main.o
 .debug_macro   0x00018d35      0x969 src/main.o
 .debug_macro   0x0001969e      0x5fe src/main.o
 .debug_macro   0x00019c9c      0x13a src/main.o
 .debug_macro   0x00019dd6      0x1fb src/main.o
 .debug_macro   0x00019fd1      0x1b5 src/main.o
 .debug_macro   0x0001a186       0x31 src/main.o
 .debug_macro   0x0001a1b7       0x3c src/main.o
 .debug_macro   0x0001a1f3      0x23a src/main.o
 .debug_macro   0x0001a42d      0x9bf src/main.o
 .debug_macro   0x0001adec       0x77 src/main.o
 .debug_macro   0x0001ae63      0x36e src/main.o
 .debug_macro   0x0001b1d1       0x65 src/main.o
 .debug_macro   0x0001b236      0x58d src/main.o
 .debug_macro   0x0001b7c3       0x12 src/main.o
 .debug_macro   0x0001b7d5       0xc7 src/main.o
 .debug_macro   0x0001b89c       0x4d src/main.o
 .debug_macro   0x0001b8e9       0x12 src/main.o
 .debug_macro   0x0001b8fb      0x174 src/main.o
 .debug_macro   0x0001ba6f       0x62 src/main.o
 .debug_macro   0x0001bad1       0xcb src/main.o
 .debug_macro   0x0001bb9c      0x22b src/main.o
 .debug_macro   0x0001bdc7      0x202 src/main.o
 .debug_macro   0x0001bfc9       0x4f src/main.o
 .debug_macro   0x0001c018       0x90 src/main.o
 .debug_macro   0x0001c0a8      0x1ca src/main.o
 .debug_macro   0x0001c272       0x40 src/main.o
 .debug_macro   0x0001c2b2      0x256 src/main.o
 .debug_macro   0x0001c508       0x2a src/main.o
 .debug_macro   0x0001c532       0x87 src/main.o
 .debug_macro   0x0001c5b9      0x17d src/main.o
 .debug_macro   0x0001c736       0x28 src/main.o
 .debug_macro   0x0001c75e      0x265 src/main.o
 .debug_macro   0x0001c9c3       0x82 src/main.o
 .debug_macro   0x0001ca45       0xd4 src/main.o
 .debug_macro   0x0001cb19      0x30c src/main.o
 .debug_macro   0x0001ce25      0x3e3 src/main.o
 .debug_macro   0x0001d208       0xeb src/main.o
 .debug_macro   0x0001d2f3      0x391 src/main.o
 .debug_macro   0x0001d684       0x10 src/main.o
 .debug_macro   0x0001d694      0x32c src/main.o
 .debug_macro   0x0001d9c0      0x2e2 src/main.o
 .debug_macro   0x0001dca2      0x685 src/main.o
 .debug_macro   0x0001e327      0x37c src/main.o
 .debug_macro   0x0001e6a3      0x46a src/main.o
 .debug_macro   0x0001eb0d      0x55f src/main.o
 .debug_macro   0x0001f06c       0x2b src/main.o
 .debug_macro   0x0001f097      0x256 src/main.o
 .debug_macro   0x0001f2ed       0x2b src/main.o
 .debug_macro   0x0001f318       0x89 src/main.o
 .debug_macro   0x0001f3a1      0x26e src/main.o
 .debug_macro   0x0001f60f      0x298 src/main.o
 .debug_macro   0x0001f8a7      0x452 src/main.o
 .debug_macro   0x0001fcf9      0x211 src/main.o
 .debug_macro   0x0001ff0a       0x16 src/main.o
 .debug_macro   0x0001ff20       0x35 src/main.o
 .debug_macro   0x0001ff55       0x16 src/main.o
 .debug_macro   0x0001ff6b       0x29 src/main.o
 .debug_macro   0x0001ff94       0x16 src/main.o
 .debug_macro   0x0001ffaa       0x58 src/main.o
 .debug_macro   0x00020002      0x1c3 src/main.o
 .debug_macro   0x000201c5       0x1c src/main.o
 .debug_macro   0x000201e1       0x6a src/main.o
 .debug_macro   0x0002024b       0x1c src/main.o
 .debug_macro   0x00020267      0x585 src/selftest.o
 .debug_macro   0x000207ec      0x58b src/stm32f3xx_it.o
 .debug_macro   0x00020d77      0x462 src/system_stm32f3xx.o
 .debug_macro   0x000211d9      0x581 src/usbd_conf.o
 .debug_macro   0x0002175a      0x4e7 src/usbd_core.o
 .debug_macro   0x00021c41      0x1c9 src/usbd_core.o
 .debug_macro   0x00021e0a      0x4f1 src/usbd_ctlreq.o
 .debug_macro   0x000222fb      0x51e src/usbd_desc.o
 .debug_macro   0x00022819       0x22 src/usbd_desc.o
 .debug_macro   0x0002283b      0x509 src/usbd_hid.o
 .debug_macro   0x00022d44      0x4ed src/usbd_ioreq.o
 .debug_macro   0x00023231      0x480 C:\Users\simu29\workspace\stm32f3discovery_hal_lib\Debug\libstm32f3discovery_hal_lib.a(stm32f3xx_hal.o)
 .debug_macro   0x000236b1      0x89e C:\Users\simu29\workspace\stm32f3discovery_hal_lib\Debug\libstm32f3discovery_hal_lib.a(stm32f3xx_hal.o)
 .debug_macro   0x00023f4f      0x45c C:\Users\simu29\workspace\stm32f3discovery_hal_lib\Debug\libstm32f3discovery_hal_lib.a(stm32f3xx_hal_cortex.o)
 .debug_macro   0x000243ab      0x494 C:\Users\simu29\workspace\stm32f3discovery_hal_lib\Debug\libstm32f3discovery_hal_lib.a(stm32f3xx_hal_gpio.o)
 .debug_macro   0x0002483f      0x462 C:\Users\simu29\workspace\stm32f3discovery_hal_lib\Debug\libstm32f3discovery_hal_lib.a(stm32f3xx_hal_pcd.o)
 .debug_macro   0x00024ca1      0x45c C:\Users\simu29\workspace\stm32f3discovery_hal_lib\Debug\libstm32f3discovery_hal_lib.a(stm32f3xx_hal_pcd_ex.o)
 .debug_macro   0x000250fd      0x480 C:\Users\simu29\workspace\stm32f3discovery_hal_lib\Debug\libstm32f3discovery_hal_lib.a(stm32f3xx_hal_rcc.o)
 .debug_macro   0x0002557d      0x45c C:\Users\simu29\workspace\stm32f3discovery_hal_lib\Debug\libstm32f3discovery_hal_lib.a(stm32f3xx_hal_rcc_ex.o)
 .debug_macro   0x000259d9      0x489 C:\Users\simu29\workspace\stm32f3discovery_hal_lib\Debug\libstm32f3discovery_hal_lib.a(stm32f3_discovery.o)
 .debug_macro   0x00025e62      0x48e C:\Users\simu29\workspace\stm32f3discovery_hal_lib\Debug\libstm32f3discovery_hal_lib.a(stm32f3_discovery_gyroscope.o)
 .debug_macro   0x000262f0      0x463 C:\Users\simu29\workspace\stm32f3discovery_hal_lib\Debug\libstm32f3discovery_hal_lib.a(stm32f3xx_hal_spi.o)
 .debug_macro   0x00026753       0x7c C:\Users\simu29\workspace\stm32f3discovery_hal_lib\Debug\libstm32f3discovery_hal_lib.a(l3gd20.o)

.debug_line     0x00000000    0x12819
 .debug_line    0x00000000      0xf53 src/main.o
 .debug_line    0x00000f53      0xf65 src/selftest.o
 .debug_line    0x00001eb8      0xed3 src/stm32f3xx_it.o
 .debug_line    0x00002d8b      0xb72 src/system_stm32f3xx.o
 .debug_line    0x000038fd     0x1031 src/usbd_conf.o
 .debug_line    0x0000492e      0xdca src/usbd_core.o
 .debug_line    0x000056f8      0xe24 src/usbd_ctlreq.o
 .debug_line    0x0000651c      0xcb5 src/usbd_desc.o
 .debug_line    0x000071d1      0xcbb src/usbd_hid.o
 .debug_line    0x00007e8c      0xc65 src/usbd_ioreq.o
 .debug_line    0x00008af1       0x7f startup/startup_stm32f303xc.o
 .debug_line    0x00008b70      0xca0 C:\Users\simu29\workspace\stm32f3discovery_hal_lib\Debug\libstm32f3discovery_hal_lib.a(stm32f3xx_hal.o)
 .debug_line    0x00009810      0xe16 C:\Users\simu29\workspace\stm32f3discovery_hal_lib\Debug\libstm32f3discovery_hal_lib.a(stm32f3xx_hal_cortex.o)
 .debug_line    0x0000a626      0xccf C:\Users\simu29\workspace\stm32f3discovery_hal_lib\Debug\libstm32f3discovery_hal_lib.a(stm32f3xx_hal_gpio.o)
 .debug_line    0x0000b2f5     0x1118 C:\Users\simu29\workspace\stm32f3discovery_hal_lib\Debug\libstm32f3discovery_hal_lib.a(stm32f3xx_hal_pcd.o)
 .debug_line    0x0000c40d      0xbd6 C:\Users\simu29\workspace\stm32f3discovery_hal_lib\Debug\libstm32f3discovery_hal_lib.a(stm32f3xx_hal_pcd_ex.o)
 .debug_line    0x0000cfe3     0x15d1 C:\Users\simu29\workspace\stm32f3discovery_hal_lib\Debug\libstm32f3discovery_hal_lib.a(stm32f3xx_hal_rcc.o)
 .debug_line    0x0000e5b4      0xe3d C:\Users\simu29\workspace\stm32f3discovery_hal_lib\Debug\libstm32f3discovery_hal_lib.a(stm32f3xx_hal_rcc_ex.o)
 .debug_line    0x0000f3f1      0xdd0 C:\Users\simu29\workspace\stm32f3discovery_hal_lib\Debug\libstm32f3discovery_hal_lib.a(stm32f3_discovery.o)
 .debug_line    0x000101c1      0xcc3 C:\Users\simu29\workspace\stm32f3discovery_hal_lib\Debug\libstm32f3discovery_hal_lib.a(stm32f3_discovery_gyroscope.o)
 .debug_line    0x00010e84     0x1491 C:\Users\simu29\workspace\stm32f3discovery_hal_lib\Debug\libstm32f3discovery_hal_lib.a(stm32f3xx_hal_spi.o)
 .debug_line    0x00012315      0x504 C:\Users\simu29\workspace\stm32f3discovery_hal_lib\Debug\libstm32f3discovery_hal_lib.a(l3gd20.o)

.debug_str      0x00000000    0xde602
 .debug_str     0x00000000    0xdb28b src/main.o
                              0xdb597 (size before relaxing)
 .debug_str     0x000db28b      0x12a src/selftest.o
                              0xdb3a7 (size before relaxing)
 .debug_str     0x000db3b5      0x392 src/stm32f3xx_it.o
                              0xdb210 (size before relaxing)
 .debug_str     0x000db747      0x13c src/system_stm32f3xx.o
                              0xd6ecc (size before relaxing)
 .debug_str     0x000db883      0x636 src/usbd_conf.o
                              0xdbc60 (size before relaxing)
 .debug_str     0x000dbeb9      0x183 src/usbd_core.o
                              0xd7ccb (size before relaxing)
 .debug_str     0x000dc03c       0xf9 src/usbd_ctlreq.o
                              0xd7c51 (size before relaxing)
 .debug_str     0x000dc135      0x254 src/usbd_desc.o
                              0xd7b6d (size before relaxing)
 .debug_str     0x000dc389      0x179 src/usbd_hid.o
                              0xd7ecc (size before relaxing)
 .debug_str     0x000dc502       0x9c src/usbd_ioreq.o
                              0xd7bd9 (size before relaxing)
 .debug_str     0x000dc59e      0x2ea C:\Users\simu29\workspace\stm32f3discovery_hal_lib\Debug\libstm32f3discovery_hal_lib.a(stm32f3xx_hal.o)
                              0xd75b5 (size before relaxing)
 .debug_str     0x000dc888      0x35d C:\Users\simu29\workspace\stm32f3discovery_hal_lib\Debug\libstm32f3discovery_hal_lib.a(stm32f3xx_hal_cortex.o)
                              0xd76f0 (size before relaxing)
 .debug_str     0x000dcbe5      0x1f0 C:\Users\simu29\workspace\stm32f3discovery_hal_lib\Debug\libstm32f3discovery_hal_lib.a(stm32f3xx_hal_gpio.o)
                              0xd7129 (size before relaxing)
 .debug_str     0x000dcdd5      0x1fa C:\Users\simu29\workspace\stm32f3discovery_hal_lib\Debug\libstm32f3discovery_hal_lib.a(stm32f3xx_hal_pcd.o)
                              0xd742e (size before relaxing)
 .debug_str     0x000dcfcf       0x93 C:\Users\simu29\workspace\stm32f3discovery_hal_lib\Debug\libstm32f3discovery_hal_lib.a(stm32f3xx_hal_pcd_ex.o)
                              0xd7148 (size before relaxing)
 .debug_str     0x000dd062      0x2cf C:\Users\simu29\workspace\stm32f3discovery_hal_lib\Debug\libstm32f3discovery_hal_lib.a(stm32f3xx_hal_rcc.o)
                              0xd7302 (size before relaxing)
 .debug_str     0x000dd331       0xc6 C:\Users\simu29\workspace\stm32f3discovery_hal_lib\Debug\libstm32f3discovery_hal_lib.a(stm32f3xx_hal_rcc_ex.o)
                              0xd70c9 (size before relaxing)
 .debug_str     0x000dd3f7      0x982 C:\Users\simu29\workspace\stm32f3discovery_hal_lib\Debug\libstm32f3discovery_hal_lib.a(stm32f3_discovery.o)
                              0xd904d (size before relaxing)
 .debug_str     0x000ddd79      0x274 C:\Users\simu29\workspace\stm32f3discovery_hal_lib\Debug\libstm32f3discovery_hal_lib.a(stm32f3_discovery_gyroscope.o)
                              0xd8d11 (size before relaxing)
 .debug_str     0x000ddfed      0x4d6 C:\Users\simu29\workspace\stm32f3discovery_hal_lib\Debug\libstm32f3discovery_hal_lib.a(stm32f3xx_hal_spi.o)
                              0xd76ab (size before relaxing)
 .debug_str     0x000de4c3      0x13f C:\Users\simu29\workspace\stm32f3discovery_hal_lib\Debug\libstm32f3discovery_hal_lib.a(l3gd20.o)
                               0x4041 (size before relaxing)

.comment        0x00000000       0x6e
 .comment       0x00000000       0x6e src/main.o
                                 0x6f (size before relaxing)
 .comment       0x0000006e       0x6f src/selftest.o
 .comment       0x0000006e       0x6f src/stm32f3xx_it.o
 .comment       0x0000006e       0x6f src/system_stm32f3xx.o
 .comment       0x0000006e       0x6f src/usbd_conf.o
 .comment       0x0000006e       0x6f src/usbd_core.o
 .comment       0x0000006e       0x6f src/usbd_ctlreq.o
 .comment       0x0000006e       0x6f src/usbd_desc.o
 .comment       0x0000006e       0x6f src/usbd_hid.o
 .comment       0x0000006e       0x6f src/usbd_ioreq.o
 .comment       0x0000006e       0x6f C:\Users\simu29\workspace\stm32f3discovery_hal_lib\Debug\libstm32f3discovery_hal_lib.a(stm32f3xx_hal.o)
 .comment       0x0000006e       0x6f C:\Users\simu29\workspace\stm32f3discovery_hal_lib\Debug\libstm32f3discovery_hal_lib.a(stm32f3xx_hal_cortex.o)
 .comment       0x0000006e       0x6f C:\Users\simu29\workspace\stm32f3discovery_hal_lib\Debug\libstm32f3discovery_hal_lib.a(stm32f3xx_hal_gpio.o)
 .comment       0x0000006e       0x6f C:\Users\simu29\workspace\stm32f3discovery_hal_lib\Debug\libstm32f3discovery_hal_lib.a(stm32f3xx_hal_pcd.o)
 .comment       0x0000006e       0x6f C:\Users\simu29\workspace\stm32f3discovery_hal_lib\Debug\libstm32f3discovery_hal_lib.a(stm32f3xx_hal_pcd_ex.o)
 .comment       0x0000006e       0x6f C:\Users\simu29\workspace\stm32f3discovery_hal_lib\Debug\libstm32f3discovery_hal_lib.a(stm32f3xx_hal_rcc.o)
 .comment       0x0000006e       0x6f C:\Users\simu29\workspace\stm32f3discovery_hal_lib\Debug\libstm32f3discovery_hal_lib.a(stm32f3xx_hal_rcc_ex.o)
 .comment       0x0000006e       0x6f C:\Users\simu29\workspace\stm32f3discovery_hal_lib\Debug\libstm32f3discovery_hal_lib.a(stm32f3_discovery.o)
 .comment       0x0000006e       0x6f C:\Users\simu29\workspace\stm32f3discovery_hal_lib\Debug\libstm32f3discovery_hal_lib.a(stm32f3_discovery_gyroscope.o)
 .comment       0x0000006e       0x6f C:\Users\simu29\workspace\stm32f3discovery_hal_lib\Debug\libstm32f3discovery_hal_lib.a(stm32f3xx_hal_spi.o)
 .comment       0x0000006e       0x6f C:\Users\simu29\workspace\stm32f3discovery_hal_lib\Debug\libstm32f3discovery_hal_lib.a(l3gd20.o)

.debug_frame    0x00000000     0x302c
 .debug_frame   0x00000000       0xc8 src/main.o
 .debug_frame   0x000000c8      0x114 src/selftest.o
 .debug_frame   0x000001dc      0x164 src/stm32f3xx_it.o
 .debug_frame   0x00000340       0x58 src/system_stm32f3xx.o
 .debug_frame   0x00000398      0x488 src/usbd_conf.o
 .debug_frame   0x00000820      0x300 src/usbd_core.o
 .debug_frame   0x00000b20      0x210 src/usbd_ctlreq.o
 .debug_frame   0x00000d30      0x160 src/usbd_desc.o
 .debug_frame   0x00000e90      0x140 src/usbd_hid.o
 .debug_frame   0x00000fd0      0x10c src/usbd_ioreq.o
 .debug_frame   0x000010dc      0x270 C:\Users\simu29\workspace\stm32f3discovery_hal_lib\Debug\libstm32f3discovery_hal_lib.a(stm32f3xx_hal.o)
 .debug_frame   0x0000134c      0x450 C:\Users\simu29\workspace\stm32f3discovery_hal_lib\Debug\libstm32f3discovery_hal_lib.a(stm32f3xx_hal_cortex.o)
 .debug_frame   0x0000179c      0x14c C:\Users\simu29\workspace\stm32f3discovery_hal_lib\Debug\libstm32f3discovery_hal_lib.a(stm32f3xx_hal_gpio.o)
 .debug_frame   0x000018e8      0x534 C:\Users\simu29\workspace\stm32f3discovery_hal_lib\Debug\libstm32f3discovery_hal_lib.a(stm32f3xx_hal_pcd.o)
 .debug_frame   0x00001e1c       0xb0 C:\Users\simu29\workspace\stm32f3discovery_hal_lib\Debug\libstm32f3discovery_hal_lib.a(stm32f3xx_hal_pcd_ex.o)
 .debug_frame   0x00001ecc      0x210 C:\Users\simu29\workspace\stm32f3discovery_hal_lib\Debug\libstm32f3discovery_hal_lib.a(stm32f3xx_hal_rcc.o)
 .debug_frame   0x000020dc       0xb4 C:\Users\simu29\workspace\stm32f3discovery_hal_lib\Debug\libstm32f3discovery_hal_lib.a(stm32f3xx_hal_rcc_ex.o)
 .debug_frame   0x00002190      0x328 C:\Users\simu29\workspace\stm32f3discovery_hal_lib\Debug\libstm32f3discovery_hal_lib.a(stm32f3_discovery.o)
 .debug_frame   0x000024b8      0x104 C:\Users\simu29\workspace\stm32f3discovery_hal_lib\Debug\libstm32f3discovery_hal_lib.a(stm32f3_discovery_gyroscope.o)
 .debug_frame   0x000025bc      0x7ac C:\Users\simu29\workspace\stm32f3discovery_hal_lib\Debug\libstm32f3discovery_hal_lib.a(stm32f3xx_hal_spi.o)
 .debug_frame   0x00002d68      0x1c0 C:\Users\simu29\workspace\stm32f3discovery_hal_lib\Debug\libstm32f3discovery_hal_lib.a(l3gd20.o)
 .debug_frame   0x00002f28       0x2c c:/users/administrateur/.p2/pool/plugins/fr.ac6.mcu.externaltools.arm-none.win32_1.11.0.201610101338/tools/gcc-arm-none-eabi-5_4-2016q2-20160622-win32/bin/../lib/gcc/arm-none-eabi/5.4.1/../../../../arm-none-eabi/lib/armv7e-m\libc.a(lib_a-init.o)
 .debug_frame   0x00002f54       0x50 c:/users/administrateur/.p2/pool/plugins/fr.ac6.mcu.externaltools.arm-none.win32_1.11.0.201610101338/tools/gcc-arm-none-eabi-5_4-2016q2-20160622-win32/bin/../lib/gcc/arm-none-eabi/5.4.1/../../../../arm-none-eabi/lib/armv7e-m\libc.a(lib_a-__call_atexit.o)
 .debug_frame   0x00002fa4       0x20 c:/users/administrateur/.p2/pool/plugins/fr.ac6.mcu.externaltools.arm-none.win32_1.11.0.201610101338/tools/gcc-arm-none-eabi-5_4-2016q2-20160622-win32/bin/../lib/gcc/arm-none-eabi/5.4.1/../../../../arm-none-eabi/lib/armv7e-m\libc.a(lib_a-atexit.o)
 .debug_frame   0x00002fc4       0x34 c:/users/administrateur/.p2/pool/plugins/fr.ac6.mcu.externaltools.arm-none.win32_1.11.0.201610101338/tools/gcc-arm-none-eabi-5_4-2016q2-20160622-win32/bin/../lib/gcc/arm-none-eabi/5.4.1/../../../../arm-none-eabi/lib/armv7e-m\libc.a(lib_a-fini.o)
 .debug_frame   0x00002ff8       0x34 c:/users/administrateur/.p2/pool/plugins/fr.ac6.mcu.externaltools.arm-none.win32_1.11.0.201610101338/tools/gcc-arm-none-eabi-5_4-2016q2-20160622-win32/bin/../lib/gcc/arm-none-eabi/5.4.1/../../../../arm-none-eabi/lib/armv7e-m\libc.a(lib_a-__atexit.o)
